<!doctype html public "-//w3c//dtd html 4.0 transitional//en">
<html><head>
<title>Static Call Graph - [..\..\Output\tetris.axf]</title></head>
<body><HR>
<H1>Static Call Graph for image ..\..\Output\tetris.axf</H1><HR>
<BR><P>#&#060CALLGRAPH&#062# ARM Linker, 5060960: Last Updated: Thu Nov 30 15:22:40 2023
<BR><P>
<H3>Maximum Stack Usage =        892 bytes + Unknown(Functions without stacksize, Cycles, Untraceable Function Pointers)</H3><H3>
Call chain for Maximum Stack Depth:</H3>
AppTaskGameRender &rArr; ExecGameRender &rArr; ClearFullRowsAndUpdateGameZone &rArr; RefreshGameZone &rArr; GUI_Delay &rArr; GUI_Exec &rArr; GUI_Exec1 &rArr; WM_Exec &rArr; _DrawNext &rArr; WM__Paint &rArr; GUI_MEMDEV_Draw &rArr; GUI_MEMDEV_CopyToLCD &rArr; GUI_MEMDEV_CopyToLCDAt &rArr; GUI_MEMDEV__WriteToActiveOpaque &rArr; _WriteToActiveOpaque_8 &rArr; GUI_MEMDEV_GetDataPtr &rArr; GUI_Lock &rArr; GUI_X_Lock &rArr; OSSemPend &rArr; OS_Pend &rArr; OS_TaskBlock &rArr; OS_TickListInsert
<P>
<H3>
Functions with no stack information
</H3><UL>
 <LI><a href="#[2ab]">CPU_IntDis</a>
 <LI><a href="#[2b3]">CPU_IntEn</a>
 <LI><a href="#[1ff]">CPU_SR_Save</a>
 <LI><a href="#[200]">CPU_SR_Restore</a>
 <LI><a href="#[2b4]">CPU_WaitForInt</a>
 <LI><a href="#[2b5]">CPU_WaitForExcept</a>
 <LI><a href="#[232]">CPU_CntLeadZeros</a>
 <LI><a href="#[2b6]">CPU_CntTrailZeros</a>
 <LI><a href="#[2b7]">CPU_RevBits</a>
 <LI><a href="#[10b]">Mem_Copy</a>
 <LI><a href="#[210]">OSStartHighRdy</a>
 <LI><a href="#[f]">OS_CPU_PendSVHandler</a>
</UL>
</UL>
<P>
<H3>
Mutually Recursive functions
</H3> <LI><a href="#[23]">ADC1_2_IRQHandler</a>&nbsp;&nbsp;&nbsp;&rArr;&nbsp;&nbsp;&nbsp;<a href="#[23]">ADC1_2_IRQHandler</a><BR>
 <LI><a href="#[b]">BusFault_Handler</a>&nbsp;&nbsp;&nbsp;&rArr;&nbsp;&nbsp;&nbsp;<a href="#[b]">BusFault_Handler</a><BR>
 <LI><a href="#[287]">_PopFreeBlock</a>&nbsp;&nbsp;&nbsp;&rArr;&nbsp;&nbsp;&nbsp;<a href="#[29c]">_EnlargeBlocks</a><BR>
 <LI><a href="#[13f]">_Alloc</a>&nbsp;&nbsp;&nbsp;&rArr;&nbsp;&nbsp;&nbsp;<a href="#[147]">_InitOnce</a><BR>
 <LI><a href="#[29e]">_Findy1</a>&nbsp;&nbsp;&nbsp;&rArr;&nbsp;&nbsp;&nbsp;<a href="#[29e]">_Findy1</a><BR>
 <LI><a href="#[2a0]">_Findx1</a>&nbsp;&nbsp;&nbsp;&rArr;&nbsp;&nbsp;&nbsp;<a href="#[2a0]">_Findx1</a><BR>
 <LI><a href="#[29f]">_Findx0</a>&nbsp;&nbsp;&nbsp;&rArr;&nbsp;&nbsp;&nbsp;<a href="#[29f]">_Findx0</a><BR>
 <LI><a href="#[254]">WM_SendToParent</a>&nbsp;&nbsp;&nbsp;&rArr;&nbsp;&nbsp;&nbsp;<a href="#[26c]">WM__SendMessage</a><BR>
 <LI><a href="#[27e]">WM__InvalidateRect</a>&nbsp;&nbsp;&nbsp;&rArr;&nbsp;&nbsp;&nbsp;<a href="#[27e]">WM__InvalidateRect</a><BR>
 <LI><a href="#[268]">WM_InvalidateWindowAndDescsEx</a>&nbsp;&nbsp;&nbsp;&rArr;&nbsp;&nbsp;&nbsp;<a href="#[268]">WM_InvalidateWindowAndDescsEx</a><BR>
 <LI><a href="#[263]">WM__InvalidateDrawAndDescs</a>&nbsp;&nbsp;&nbsp;&rArr;&nbsp;&nbsp;&nbsp;<a href="#[263]">WM__InvalidateDrawAndDescs</a><BR>
 <LI><a href="#[27f]">_MoveDescendents</a>&nbsp;&nbsp;&nbsp;&rArr;&nbsp;&nbsp;&nbsp;<a href="#[27f]">_MoveDescendents</a><BR>
 <LI><a href="#[26f]">WM__UpdateChildPositions</a>&nbsp;&nbsp;&nbsp;&rArr;&nbsp;&nbsp;&nbsp;<a href="#[26d]">WM_ResizeWindow</a><BR>
 <LI><a href="#[9]">HardFault_Handler</a>&nbsp;&nbsp;&nbsp;&rArr;&nbsp;&nbsp;&nbsp;<a href="#[9]">HardFault_Handler</a><BR>
 <LI><a href="#[a]">MemManage_Handler</a>&nbsp;&nbsp;&nbsp;&rArr;&nbsp;&nbsp;&nbsp;<a href="#[a]">MemManage_Handler</a><BR>
 <LI><a href="#[c]">UsageFault_Handler</a>&nbsp;&nbsp;&nbsp;&rArr;&nbsp;&nbsp;&nbsp;<a href="#[c]">UsageFault_Handler</a><BR>
 <LI><a href="#[25b]">_DeleteAllChildren</a>&nbsp;&nbsp;&nbsp;&rArr;&nbsp;&nbsp;&nbsp;<a href="#[256]">WM_DeleteWindow</a><BR>
 <LI><a href="#[283]">_PaintTransChildren</a>&nbsp;&nbsp;&nbsp;&rArr;&nbsp;&nbsp;&nbsp;<a href="#[283]">_PaintTransChildren</a><BR>
</UL>
<P>
<H3>
Function Pointers
</H3><UL>
 <LI><a href="#[23]">ADC1_2_IRQHandler</a> from startup_stm32f10x_hd.o(.text) referenced from startup_stm32f10x_hd.o(RESET)
 <LI><a href="#[40]">ADC3_IRQHandler</a> from startup_stm32f10x_hd.o(.text) referenced from startup_stm32f10x_hd.o(RESET)
 <LI><a href="#[52]">AppTaskGameLogic</a> from main.o(i.AppTaskGameLogic) referenced from main.o(i.AppTaskCreate)
 <LI><a href="#[51]">AppTaskGameRender</a> from main.o(i.AppTaskGameRender) referenced from main.o(i.AppTaskCreate)
 <LI><a href="#[89]">AppTaskStart</a> from main.o(i.AppTaskStart) referenced from main.o(i.main)
 <LI><a href="#[b]">BusFault_Handler</a> from stm32f10x_it.o(i.BusFault_Handler) referenced from startup_stm32f10x_hd.o(RESET)
 <LI><a href="#[26]">CAN1_RX1_IRQHandler</a> from startup_stm32f10x_hd.o(.text) referenced from startup_stm32f10x_hd.o(RESET)
 <LI><a href="#[27]">CAN1_SCE_IRQHandler</a> from startup_stm32f10x_hd.o(.text) referenced from startup_stm32f10x_hd.o(RESET)
 <LI><a href="#[1c]">DMA1_Channel1_IRQHandler</a> from startup_stm32f10x_hd.o(.text) referenced from startup_stm32f10x_hd.o(RESET)
 <LI><a href="#[1d]">DMA1_Channel2_IRQHandler</a> from startup_stm32f10x_hd.o(.text) referenced from startup_stm32f10x_hd.o(RESET)
 <LI><a href="#[1e]">DMA1_Channel3_IRQHandler</a> from startup_stm32f10x_hd.o(.text) referenced from startup_stm32f10x_hd.o(RESET)
 <LI><a href="#[1f]">DMA1_Channel4_IRQHandler</a> from startup_stm32f10x_hd.o(.text) referenced from startup_stm32f10x_hd.o(RESET)
 <LI><a href="#[20]">DMA1_Channel5_IRQHandler</a> from startup_stm32f10x_hd.o(.text) referenced from startup_stm32f10x_hd.o(RESET)
 <LI><a href="#[21]">DMA1_Channel6_IRQHandler</a> from startup_stm32f10x_hd.o(.text) referenced from startup_stm32f10x_hd.o(RESET)
 <LI><a href="#[22]">DMA1_Channel7_IRQHandler</a> from startup_stm32f10x_hd.o(.text) referenced from startup_stm32f10x_hd.o(RESET)
 <LI><a href="#[49]">DMA2_Channel1_IRQHandler</a> from startup_stm32f10x_hd.o(.text) referenced from startup_stm32f10x_hd.o(RESET)
 <LI><a href="#[4a]">DMA2_Channel2_IRQHandler</a> from startup_stm32f10x_hd.o(.text) referenced from startup_stm32f10x_hd.o(RESET)
 <LI><a href="#[4b]">DMA2_Channel3_IRQHandler</a> from startup_stm32f10x_hd.o(.text) referenced from startup_stm32f10x_hd.o(RESET)
 <LI><a href="#[4c]">DMA2_Channel4_5_IRQHandler</a> from startup_stm32f10x_hd.o(.text) referenced from startup_stm32f10x_hd.o(RESET)
 <LI><a href="#[e]">DebugMon_Handler</a> from stm32f10x_it.o(i.DebugMon_Handler) referenced from startup_stm32f10x_hd.o(RESET)
 <LI><a href="#[17]">EXTI0_IRQHandler</a> from startup_stm32f10x_hd.o(.text) referenced from startup_stm32f10x_hd.o(RESET)
 <LI><a href="#[39]">EXTI15_10_IRQHandler</a> from startup_stm32f10x_hd.o(.text) referenced from startup_stm32f10x_hd.o(RESET)
 <LI><a href="#[18]">EXTI1_IRQHandler</a> from startup_stm32f10x_hd.o(.text) referenced from startup_stm32f10x_hd.o(RESET)
 <LI><a href="#[19]">EXTI2_IRQHandler</a> from startup_stm32f10x_hd.o(.text) referenced from startup_stm32f10x_hd.o(RESET)
 <LI><a href="#[1a]">EXTI3_IRQHandler</a> from startup_stm32f10x_hd.o(.text) referenced from startup_stm32f10x_hd.o(RESET)
 <LI><a href="#[1b]">EXTI4_IRQHandler</a> from startup_stm32f10x_hd.o(.text) referenced from startup_stm32f10x_hd.o(RESET)
 <LI><a href="#[28]">EXTI9_5_IRQHandler</a> from startup_stm32f10x_hd.o(.text) referenced from startup_stm32f10x_hd.o(RESET)
 <LI><a href="#[15]">FLASH_IRQHandler</a> from startup_stm32f10x_hd.o(.text) referenced from startup_stm32f10x_hd.o(RESET)
 <LI><a href="#[41]">FSMC_IRQHandler</a> from startup_stm32f10x_hd.o(.text) referenced from startup_stm32f10x_hd.o(RESET)
 <LI><a href="#[6c]">GUIDRV_FlexColor_SetFunc66709</a> from guidrv_flexcolor_func66709.o(i.GUIDRV_FlexColor_SetFunc66709) referenced from lcdconf_flexcolor_template.o(i.LCD_X_Config)
 <LI><a href="#[6b]">GUIDRV_FlexColor_SetMode16bppC0B16</a> from guidrv_flexcolor_16bpp_c0b16.o(i.GUIDRV_FlexColor_SetMode16bppC0B16) referenced from lcdconf_flexcolor_template.o(i.LCD_X_Config)
 <LI><a href="#[5b]">GUIDRV_FlexColor__GetPixelIndexNoCache</a> from guidrv_flexcolor.o(i.GUIDRV_FlexColor__GetPixelIndexNoCache) referenced from guidrv_flexcolor_16bpp_c0b16.o(i.GUIDRV_FlexColor_SetMode16bppC0B16)
 <LI><a href="#[5f]">GUIDRV_FlexColor__SetLog2Phys</a> from guidrv_flexcolor.o(i.GUIDRV_FlexColor__SetLog2Phys) referenced from guidrv_flexcolor.o(i.GUIDRV_FlexColor__InitOnce)
 <LI><a href="#[5c]">GUIDRV_FlexColor__SetPixelIndexNoCache</a> from guidrv_flexcolor.o(i.GUIDRV_FlexColor__SetPixelIndexNoCache) referenced from guidrv_flexcolor_16bpp_c0b16.o(i.GUIDRV_FlexColor_SetMode16bppC0B16)
 <LI><a href="#[b6]">GUIMONO_DispChar</a> from gui_charm.o(i.GUIMONO_DispChar) referenced from f6x8.o(.constdata)
 <LI><a href="#[b7]">GUIMONO_GetCharDistX</a> from gui_charm.o(i.GUIMONO_GetCharDistX) referenced from f6x8.o(.constdata)
 <LI><a href="#[b8]">GUIMONO_GetFontInfo</a> from gui_charm.o(i.GUIMONO_GetFontInfo) referenced from f6x8.o(.constdata)
 <LI><a href="#[b9]">GUIMONO_IsInFont</a> from gui_charm.o(i.GUIMONO_IsInFont) referenced from f6x8.o(.constdata)
 <LI><a href="#[b2]">GUIPROP_DispChar</a> from gui_charp.o(i.GUIPROP_DispChar) referenced 2 times from f10_ascii.o(.constdata)
 <LI><a href="#[b3]">GUIPROP_GetCharDistX</a> from gui_charp.o(i.GUIPROP_GetCharDistX) referenced 2 times from f10_ascii.o(.constdata)
 <LI><a href="#[b4]">GUIPROP_GetFontInfo</a> from gui_charp.o(i.GUIPROP_GetFontInfo) referenced 2 times from f10_ascii.o(.constdata)
 <LI><a href="#[b5]">GUIPROP_IsInFont</a> from gui_charp.o(i.GUIPROP_IsInFont) referenced 2 times from f10_ascii.o(.constdata)
 <LI><a href="#[7e]">GUI_MEMDEV_Paint1Static</a> from guidev_staticdevices.o(i.GUI_MEMDEV_Paint1Static) referenced from wm.o(i._Paint1)
 <LI><a href="#[7b]">GUI_MEMDEV__WriteToActiveAlpha</a> from guidev_writetoactivealpha.o(i.GUI_MEMDEV__WriteToActiveAlpha) referenced from guidev_32.o(i._GetDevFunc)
 <LI><a href="#[7a]">GUI_MEMDEV__WriteToActiveOpaque</a> from guidev_writetoactiveopaque.o(i.GUI_MEMDEV__WriteToActiveOpaque) referenced from guidev_16.o(i._GetDevFunc)
 <LI><a href="#[e1]">GUI_USAGE_BM_AddHLine</a> from guidev_usagebm.o(i.GUI_USAGE_BM_AddHLine) referenced from guidev_usagebm.o(.constdata)
 <LI><a href="#[e0]">GUI_USAGE_BM_AddPixel</a> from guidev_usagebm.o(i.GUI_USAGE_BM_AddPixel) referenced from guidev_usagebm.o(.constdata)
 <LI><a href="#[e2]">GUI_USAGE_BM_Clear</a> from guidev_usagebm.o(i.GUI_USAGE_BM_Clear) referenced from guidev_usagebm.o(.constdata)
 <LI><a href="#[e4]">GUI_USAGE_BM_GetNextDirty</a> from guidev_usagebm.o(i.GUI_USAGE_BM_GetNextDirty) referenced from guidev_usagebm.o(.constdata)
 <LI><a href="#[4]">GUI_X_ExecIdle</a> from gui_x_ucos.o(i.GUI_X_ExecIdle) referenced 2 times from gui_waitevent.o(.data)
 <LI><a href="#[5]">GUI__MixColors</a> from gui__alpha.o(i.GUI__MixColors) referenced 2 times from gui__alpha.o(.data)
 <LI><a href="#[6]">GUI__MixColorsBulk</a> from gui__alpha.o(i.GUI__MixColorsBulk) referenced 2 times from gui__alpha.o(.data)
 <LI><a href="#[9]">HardFault_Handler</a> from stm32f10x_it.o(i.HardFault_Handler) referenced from startup_stm32f10x_hd.o(RESET)
 <LI><a href="#[31]">I2C1_ER_IRQHandler</a> from startup_stm32f10x_hd.o(.text) referenced from startup_stm32f10x_hd.o(RESET)
 <LI><a href="#[30]">I2C1_EV_IRQHandler</a> from startup_stm32f10x_hd.o(.text) referenced from startup_stm32f10x_hd.o(RESET)
 <LI><a href="#[33]">I2C2_ER_IRQHandler</a> from startup_stm32f10x_hd.o(.text) referenced from startup_stm32f10x_hd.o(RESET)
 <LI><a href="#[32]">I2C2_EV_IRQHandler</a> from startup_stm32f10x_hd.o(.text) referenced from startup_stm32f10x_hd.o(RESET)
 <LI><a href="#[94]">LCD_DrawHLine</a> from lcd.o(i.LCD_DrawHLine) referenced from gui_core.o(.constdata)
 <LI><a href="#[95]">LCD_DrawPixel</a> from lcd.o(i.LCD_DrawPixel) referenced from gui_core.o(.constdata)
 <LI><a href="#[0]">LCD_GetpPalConvTableBM</a> from lcd_color.o(i.LCD_GetpPalConvTableBM) referenced 2 times from gui_core.o(.data)
 <LI><a href="#[8b]">LCD_Index2Color_565</a> from guicc_565_index2color.o(i.LCD_Index2Color_565) referenced from guicc_565.o(.constdata)
 <LI><a href="#[63]">LCD_Index2Color_888</a> from guicc_888_index2color.o(i.LCD_Index2Color_888) referenced from gui__alpha.o(i.GUI__DoAlphaBlending)
 <LI><a href="#[61]">LCD_Index2Color_8888</a> from guicc_8888_index2color.o(i.LCD_Index2Color_8888) referenced from guicc_8888.o(.constdata)
 <LI><a href="#[61]">LCD_Index2Color_8888</a> from guicc_8888_index2color.o(i.LCD_Index2Color_8888) referenced from guidev_writetoactivealpha.o(i.GUI_MEMDEV__WriteToActiveAlpha)
 <LI><a href="#[61]">LCD_Index2Color_8888</a> from guicc_8888_index2color.o(i.LCD_Index2Color_8888) referenced from gui__alpha.o(i.GUI__DoAlphaBlending)
 <LI><a href="#[90]">LCD_Index2Color_M565</a> from guicc_m565_index2color.o(i.LCD_Index2Color_M565) referenced from guicc_m565.o(.constdata)
 <LI><a href="#[6a]">LcdReadDataMultiple</a> from lcdconf_flexcolor_template.o(i.LcdReadDataMultiple) referenced from lcdconf_flexcolor_template.o(i.LCD_X_Config)
 <LI><a href="#[68]">LcdWriteData</a> from lcdconf_flexcolor_template.o(i.LcdWriteData) referenced from lcdconf_flexcolor_template.o(i.LCD_X_Config)
 <LI><a href="#[69]">LcdWriteDataMultiple</a> from lcdconf_flexcolor_template.o(i.LcdWriteDataMultiple) referenced from lcdconf_flexcolor_template.o(i.LCD_X_Config)
 <LI><a href="#[67]">LcdWriteReg</a> from lcdconf_flexcolor_template.o(i.LcdWriteReg) referenced from lcdconf_flexcolor_template.o(i.LCD_X_Config)
 <LI><a href="#[a]">MemManage_Handler</a> from stm32f10x_it.o(i.MemManage_Handler) referenced from startup_stm32f10x_hd.o(RESET)
 <LI><a href="#[8]">NMI_Handler</a> from stm32f10x_it.o(i.NMI_Handler) referenced from startup_stm32f10x_hd.o(RESET)
 <LI><a href="#[50]">OSTaskSwHook</a> from os_cpu_c.o(i.OSTaskSwHook) referenced from os_cpu_a.o(CODE)
 <LI><a href="#[f]">OS_CPU_PendSVHandler</a> from os_cpu_a.o(CODE) referenced from startup_stm32f10x_hd.o(RESET)
 <LI><a href="#[10]">OS_CPU_SysTickHandler</a> from os_cpu_c.o(i.OS_CPU_SysTickHandler) referenced from startup_stm32f10x_hd.o(RESET)
 <LI><a href="#[6e]">OS_IdleTask</a> from os_core.o(i.OS_IdleTask) referenced from os_core.o(i.OS_IdleTaskInit)
 <LI><a href="#[6f]">OS_StatTask</a> from os_stat.o(i.OS_StatTask) referenced from os_stat.o(i.OS_StatTaskInit)
 <LI><a href="#[6d]">OS_TaskReturn</a> from os_task.o(i.OS_TaskReturn) referenced from os_cpu_c.o(i.OSTaskStkInit)
 <LI><a href="#[70]">OS_TickTask</a> from os_tick.o(i.OS_TickTask) referenced from os_tick.o(i.OS_TickTaskInit)
 <LI><a href="#[71]">OS_TmrTask</a> from os_tmr.o(i.OS_TmrTask) referenced from os_tmr.o(i.OS_TmrInit)
 <LI><a href="#[12]">PVD_IRQHandler</a> from startup_stm32f10x_hd.o(.text) referenced from startup_stm32f10x_hd.o(RESET)
 <LI><a href="#[16]">RCC_IRQHandler</a> from startup_stm32f10x_hd.o(.text) referenced from startup_stm32f10x_hd.o(RESET)
 <LI><a href="#[3a]">RTCAlarm_IRQHandler</a> from startup_stm32f10x_hd.o(.text) referenced from startup_stm32f10x_hd.o(RESET)
 <LI><a href="#[14]">RTC_IRQHandler</a> from startup_stm32f10x_hd.o(.text) referenced from startup_stm32f10x_hd.o(RESET)
 <LI><a href="#[65]">RenderInformTimerCallBack</a> from app.o(i.RenderInformTimerCallBack) referenced from app.o(i.InitRenderInformer)
 <LI><a href="#[7]">Reset_Handler</a> from startup_stm32f10x_hd.o(.text) referenced from startup_stm32f10x_hd.o(RESET)
 <LI><a href="#[42]">SDIO_IRQHandler</a> from startup_stm32f10x_hd.o(.text) referenced from startup_stm32f10x_hd.o(RESET)
 <LI><a href="#[34]">SPI1_IRQHandler</a> from startup_stm32f10x_hd.o(.text) referenced from startup_stm32f10x_hd.o(RESET)
 <LI><a href="#[35]">SPI2_IRQHandler</a> from startup_stm32f10x_hd.o(.text) referenced from startup_stm32f10x_hd.o(RESET)
 <LI><a href="#[44]">SPI3_IRQHandler</a> from startup_stm32f10x_hd.o(.text) referenced from startup_stm32f10x_hd.o(RESET)
 <LI><a href="#[d]">SVC_Handler</a> from stm32f10x_it.o(i.SVC_Handler) referenced from startup_stm32f10x_hd.o(RESET)
 <LI><a href="#[4e]">SystemInit</a> from system_stm32f10x.o(i.SystemInit) referenced from startup_stm32f10x_hd.o(.text)
 <LI><a href="#[13]">TAMPER_IRQHandler</a> from startup_stm32f10x_hd.o(.text) referenced from startup_stm32f10x_hd.o(RESET)
 <LI><a href="#[29]">TIM1_BRK_IRQHandler</a> from startup_stm32f10x_hd.o(.text) referenced from startup_stm32f10x_hd.o(RESET)
 <LI><a href="#[2c]">TIM1_CC_IRQHandler</a> from startup_stm32f10x_hd.o(.text) referenced from startup_stm32f10x_hd.o(RESET)
 <LI><a href="#[2b]">TIM1_TRG_COM_IRQHandler</a> from startup_stm32f10x_hd.o(.text) referenced from startup_stm32f10x_hd.o(RESET)
 <LI><a href="#[2a]">TIM1_UP_IRQHandler</a> from startup_stm32f10x_hd.o(.text) referenced from startup_stm32f10x_hd.o(RESET)
 <LI><a href="#[2d]">TIM2_IRQHandler</a> from startup_stm32f10x_hd.o(.text) referenced from startup_stm32f10x_hd.o(RESET)
 <LI><a href="#[2e]">TIM3_IRQHandler</a> from startup_stm32f10x_hd.o(.text) referenced from startup_stm32f10x_hd.o(RESET)
 <LI><a href="#[2f]">TIM4_IRQHandler</a> from startup_stm32f10x_hd.o(.text) referenced from startup_stm32f10x_hd.o(RESET)
 <LI><a href="#[43]">TIM5_IRQHandler</a> from startup_stm32f10x_hd.o(.text) referenced from startup_stm32f10x_hd.o(RESET)
 <LI><a href="#[47]">TIM6_IRQHandler</a> from startup_stm32f10x_hd.o(.text) referenced from startup_stm32f10x_hd.o(RESET)
 <LI><a href="#[48]">TIM7_IRQHandler</a> from startup_stm32f10x_hd.o(.text) referenced from startup_stm32f10x_hd.o(RESET)
 <LI><a href="#[3c]">TIM8_BRK_IRQHandler</a> from startup_stm32f10x_hd.o(.text) referenced from startup_stm32f10x_hd.o(RESET)
 <LI><a href="#[3f]">TIM8_CC_IRQHandler</a> from startup_stm32f10x_hd.o(.text) referenced from startup_stm32f10x_hd.o(RESET)
 <LI><a href="#[3e]">TIM8_TRG_COM_IRQHandler</a> from startup_stm32f10x_hd.o(.text) referenced from startup_stm32f10x_hd.o(RESET)
 <LI><a href="#[3d]">TIM8_UP_IRQHandler</a> from startup_stm32f10x_hd.o(.text) referenced from startup_stm32f10x_hd.o(RESET)
 <LI><a href="#[45]">UART4_IRQHandler</a> from startup_stm32f10x_hd.o(.text) referenced from startup_stm32f10x_hd.o(RESET)
 <LI><a href="#[46]">UART5_IRQHandler</a> from startup_stm32f10x_hd.o(.text) referenced from startup_stm32f10x_hd.o(RESET)
 <LI><a href="#[36]">USART1_IRQHandler</a> from key_code.o(i.USART1_IRQHandler) referenced from startup_stm32f10x_hd.o(RESET)
 <LI><a href="#[37]">USART2_IRQHandler</a> from startup_stm32f10x_hd.o(.text) referenced from startup_stm32f10x_hd.o(RESET)
 <LI><a href="#[38]">USART3_IRQHandler</a> from startup_stm32f10x_hd.o(.text) referenced from startup_stm32f10x_hd.o(RESET)
 <LI><a href="#[3b]">USBWakeUp_IRQHandler</a> from startup_stm32f10x_hd.o(.text) referenced from startup_stm32f10x_hd.o(RESET)
 <LI><a href="#[24]">USB_HP_CAN1_TX_IRQHandler</a> from startup_stm32f10x_hd.o(.text) referenced from startup_stm32f10x_hd.o(RESET)
 <LI><a href="#[25]">USB_LP_CAN1_RX0_IRQHandler</a> from startup_stm32f10x_hd.o(.text) referenced from startup_stm32f10x_hd.o(RESET)
 <LI><a href="#[c]">UsageFault_Handler</a> from stm32f10x_it.o(i.UsageFault_Handler) referenced from startup_stm32f10x_hd.o(RESET)
 <LI><a href="#[7f]">WM__Paint1</a> from wm.o(i.WM__Paint1) referenced from wm.o(i._Paint1)
 <LI><a href="#[11]">WWDG_IRQHandler</a> from startup_stm32f10x_hd.o(.text) referenced from startup_stm32f10x_hd.o(RESET)
 <LI><a href="#[bc]">_CalcSizeOfChar</a> from gui_uc_encodenone.o(i._CalcSizeOfChar) referenced from gui_uc_encodenone.o(.constdata)
 <LI><a href="#[8d]">_Color2IndexBulk</a> from guicc_565.o(i._Color2IndexBulk) referenced 3 times from guicc_565.o(.constdata)
 <LI><a href="#[cd]">_Color2Index_0</a> from guicc_0.o(i._Color2Index_0) referenced from guicc_0.o(.constdata)
 <LI><a href="#[8a]">_Color2Index_565</a> from guicc_565.o(i._Color2Index_565) referenced from guicc_565.o(.constdata)
 <LI><a href="#[d0]">_Color2Index_8888</a> from guicc_8888.o(i._Color2Index_8888) referenced from guicc_8888.o(.constdata)
 <LI><a href="#[8f]">_Color2Index_M565</a> from guicc_m565.o(i._Color2Index_M565) referenced from guicc_m565.o(.constdata)
 <LI><a href="#[96]">_DrawBitmap</a> from guidrv_flexcolor.o(i._DrawBitmap) referenced 3 times from guidrv_flexcolor.o(.constdata)
 <LI><a href="#[59]">_DrawBitmap</a> from guidrv_flexcolor_16bpp_c0b16.o(i._DrawBitmap) referenced from guidrv_flexcolor_16bpp_c0b16.o(i.GUIDRV_FlexColor_SetMode16bppC0B16)
 <LI><a href="#[97]">_DrawHLine</a> from guidrv_flexcolor.o(i._DrawHLine) referenced 3 times from guidrv_flexcolor.o(.constdata)
 <LI><a href="#[98]">_DrawVLine</a> from guidrv_flexcolor.o(i._DrawVLine) referenced 3 times from guidrv_flexcolor.o(.constdata)
 <LI><a href="#[bd]">_Encode</a> from gui_uc_encodenone.o(i._Encode) referenced from gui_uc_encodenone.o(.constdata)
 <LI><a href="#[99]">_FillRect</a> from guidrv_flexcolor.o(i._FillRect) referenced 3 times from guidrv_flexcolor.o(.constdata)
 <LI><a href="#[5a]">_FillRect</a> from guidrv_flexcolor_16bpp_c0b16.o(i._FillRect) referenced from guidrv_flexcolor_16bpp_c0b16.o(i.GUIDRV_FlexColor_SetMode16bppC0B16)
 <LI><a href="#[e3]">_GUI_USAGE_BM_Delete</a> from guidev_usagebm.o(i._GUI_USAGE_BM_Delete) referenced from guidev_usagebm.o(.constdata)
 <LI><a href="#[ba]">_GetCharCode</a> from gui_uc_encodenone.o(i._GetCharCode) referenced from gui_uc_encodenone.o(.constdata)
 <LI><a href="#[bb]">_GetCharSize</a> from gui_uc_encodenone.o(i._GetCharSize) referenced from gui_uc_encodenone.o(.constdata)
 <LI><a href="#[a0]">_GetDevData</a> from guidrv_flexcolor.o(i._GetDevData) referenced 3 times from guidrv_flexcolor.o(.constdata)
 <LI><a href="#[9e]">_GetDevFunc</a> from guidrv_flexcolor.o(i._GetDevFunc) referenced 3 times from guidrv_flexcolor.o(.constdata)
 <LI><a href="#[77]">_GetDevFunc_Init</a> from guidrv_flexcolor.o(i._GetDevFunc_Init) referenced from guidrv_flexcolor.o(i._GetDevFunc)
 <LI><a href="#[7c]">_GetDevFunc_SetRect</a> from guidrv_flexcolor.o(i._GetDevFunc_SetRect) referenced from guidrv_flexcolor.o(i._GetDevFunc_SetRectOutside)
 <LI><a href="#[79]">_GetDevFunc_SetRectOutside</a> from guidrv_flexcolor.o(i._GetDevFunc_SetRectOutside) referenced from guidrv_flexcolor.o(i._GetDevFunc)
 <LI><a href="#[76]">_GetDevFunc_SetSize</a> from guidrv_flexcolor.o(i._GetDevFunc_SetSize) referenced from guidrv_flexcolor.o(i._GetDevFunc)
 <LI><a href="#[75]">_GetDevFunc_SetVSize</a> from guidrv_flexcolor.o(i._GetDevFunc_SetVSize) referenced from guidrv_flexcolor.o(i._GetDevFunc)
 <LI><a href="#[9f]">_GetDevProp</a> from guidrv_flexcolor.o(i._GetDevProp) referenced 3 times from guidrv_flexcolor.o(.constdata)
 <LI><a href="#[cf]">_GetIndexMask_0</a> from guicc_0.o(i._GetIndexMask_0) referenced from guicc_0.o(.constdata)
 <LI><a href="#[8c]">_GetIndexMask_565</a> from guicc_565.o(i._GetIndexMask_565) referenced from guicc_565.o(.constdata)
 <LI><a href="#[d1]">_GetIndexMask_8888</a> from guicc_8888.o(i._GetIndexMask_8888) referenced from guicc_8888.o(.constdata)
 <LI><a href="#[91]">_GetIndexMask_M565</a> from guicc_m565.o(i._GetIndexMask_M565) referenced from guicc_m565.o(.constdata)
 <LI><a href="#[9a]">_GetPixelIndex</a> from guidrv_flexcolor.o(i._GetPixelIndex) referenced 3 times from guidrv_flexcolor.o(.constdata)
 <LI><a href="#[a1]">_GetRect</a> from guidrv_flexcolor.o(i._GetRect) referenced 3 times from guidrv_flexcolor.o(.constdata)
 <LI><a href="#[8e]">_Index2ColorBulk</a> from guicc_565.o(i._Index2ColorBulk) referenced 3 times from guicc_565.o(.constdata)
 <LI><a href="#[ce]">_Index2Color_0</a> from guicc_0.o(i._Index2Color_0) referenced from guicc_0.o(.constdata)
 <LI><a href="#[a2]">_Log2PhysX_X0Y0S0</a> from guidrv_flexcolor.o(i._Log2PhysX_X0Y0S0) referenced from guidrv_flexcolor.o(.constdata)
 <LI><a href="#[a6]">_Log2PhysX_X0Y0S1</a> from guidrv_flexcolor.o(i._Log2PhysX_X0Y0S1) referenced from guidrv_flexcolor.o(.constdata)
 <LI><a href="#[a4]">_Log2PhysX_X0Y1S0</a> from guidrv_flexcolor.o(i._Log2PhysX_X0Y1S0) referenced from guidrv_flexcolor.o(.constdata)
 <LI><a href="#[a8]">_Log2PhysX_X0Y1S1</a> from guidrv_flexcolor.o(i._Log2PhysX_X0Y1S1) referenced from guidrv_flexcolor.o(.constdata)
 <LI><a href="#[a3]">_Log2PhysX_X1Y0S0</a> from guidrv_flexcolor.o(i._Log2PhysX_X1Y0S0) referenced from guidrv_flexcolor.o(.constdata)
 <LI><a href="#[a7]">_Log2PhysX_X1Y0S1</a> from guidrv_flexcolor.o(i._Log2PhysX_X1Y0S1) referenced from guidrv_flexcolor.o(.constdata)
 <LI><a href="#[a5]">_Log2PhysX_X1Y1S0</a> from guidrv_flexcolor.o(i._Log2PhysX_X1Y1S0) referenced from guidrv_flexcolor.o(.constdata)
 <LI><a href="#[a9]">_Log2PhysX_X1Y1S1</a> from guidrv_flexcolor.o(i._Log2PhysX_X1Y1S1) referenced from guidrv_flexcolor.o(.constdata)
 <LI><a href="#[aa]">_Log2PhysY_X0Y0S0</a> from guidrv_flexcolor.o(i._Log2PhysY_X0Y0S0) referenced from guidrv_flexcolor.o(.constdata)
 <LI><a href="#[ae]">_Log2PhysY_X0Y0S1</a> from guidrv_flexcolor.o(i._Log2PhysY_X0Y0S1) referenced from guidrv_flexcolor.o(.constdata)
 <LI><a href="#[ac]">_Log2PhysY_X0Y1S0</a> from guidrv_flexcolor.o(i._Log2PhysY_X0Y1S0) referenced from guidrv_flexcolor.o(.constdata)
 <LI><a href="#[b0]">_Log2PhysY_X0Y1S1</a> from guidrv_flexcolor.o(i._Log2PhysY_X0Y1S1) referenced from guidrv_flexcolor.o(.constdata)
 <LI><a href="#[ab]">_Log2PhysY_X1Y0S0</a> from guidrv_flexcolor.o(i._Log2PhysY_X1Y0S0) referenced from guidrv_flexcolor.o(.constdata)
 <LI><a href="#[af]">_Log2PhysY_X1Y0S1</a> from guidrv_flexcolor.o(i._Log2PhysY_X1Y0S1) referenced from guidrv_flexcolor.o(.constdata)
 <LI><a href="#[ad]">_Log2PhysY_X1Y1S0</a> from guidrv_flexcolor.o(i._Log2PhysY_X1Y1S0) referenced from guidrv_flexcolor.o(.constdata)
 <LI><a href="#[b1]">_Log2PhysY_X1Y1S1</a> from guidrv_flexcolor.o(i._Log2PhysY_X1Y1S1) referenced from guidrv_flexcolor.o(.constdata)
 <LI><a href="#[3]">_Log2VisBuffered</a> from gui_charline.o(i._Log2VisBuffered) referenced 2 times from gui_charline.o(.data)
 <LI><a href="#[60]">_OnExit</a> from gui_task.o(i._OnExit) referenced from gui_task.o(i.GUITASK_Init)
 <LI><a href="#[62]">_OnExit</a> from gui_core.o(i._OnExit) referenced from gui_core.o(i.GUI__Config)
 <LI><a href="#[64]">_OnExit</a> from gui__alpha.o(i._OnExit) referenced from gui__alpha.o(i.GUI__GetAlphaBuffer)
 <LI><a href="#[66]">_OnExit</a> from lcd_color.o(i._OnExit) referenced from lcd_color.o(i.LCD_InitColors)
 <LI><a href="#[73]">_OnExit</a> from wm.o(i._OnExit) referenced from wm.o(i.WM_Init)
 <LI><a href="#[7d]">_OnExit</a> from gui_alloc.o(i._OnExit) referenced from gui_alloc.o(i._InitOnce)
 <LI><a href="#[5d]">_ReadData</a> from guidrv_flexcolor_16bpp_c0b16.o(i._ReadData) referenced from guidrv_flexcolor_16bpp_c0b16.o(i.GUIDRV_FlexColor_SetMode16bppC0B16)
 <LI><a href="#[82]">_ReadPixelCust_16bpp</a> from guidrv_flexcolor.o(i._ReadPixelCust_16bpp) referenced from guidrv_flexcolor.o(i._SetDevFunc)
 <LI><a href="#[81]">_ReadPixelCust_18bpp</a> from guidrv_flexcolor.o(i._ReadPixelCust_18bpp) referenced from guidrv_flexcolor.o(i._SetDevFunc)
 <LI><a href="#[1]">_ReadPixel_16bpp_B16_I</a> from guidrv_flexcolor_func66709.o(i._ReadPixel_16bpp_B16_I) referenced 2 times from guidrv_flexcolor_func66709.o(.data)
 <LI><a href="#[56]">_ReadPixel_16bpp_B8</a> from guidrv_flexcolor_func66709.o(i._ReadPixel_16bpp_B8) referenced from guidrv_flexcolor_func66709.o(i.GUIDRV_FlexColor_SetFunc66709)
 <LI><a href="#[83]">_ReadRectCust_16bpp</a> from guidrv_flexcolor.o(i._ReadRectCust_16bpp) referenced from guidrv_flexcolor.o(i._SetDevFunc)
 <LI><a href="#[80]">_ReadRectCust_18bpp</a> from guidrv_flexcolor.o(i._ReadRectCust_18bpp) referenced from guidrv_flexcolor.o(i._SetDevFunc)
 <LI><a href="#[2]">_ReadRect_16bpp_B16_I</a> from guidrv_flexcolor_func66709.o(i._ReadRect_16bpp_B16_I) referenced 2 times from guidrv_flexcolor_func66709.o(.data)
 <LI><a href="#[57]">_ReadRect_16bpp_B8</a> from guidrv_flexcolor_func66709.o(i._ReadRect_16bpp_B8) referenced from guidrv_flexcolor_func66709.o(i.GUIDRV_FlexColor_SetFunc66709)
 <LI><a href="#[bf]">_SetBkColor</a> from lcd.o(i._SetBkColor) referenced from lcd.o(.constdata)
 <LI><a href="#[be]">_SetColor</a> from lcd.o(i._SetColor) referenced from lcd.o(.constdata)
 <LI><a href="#[78]">_SetDevFunc</a> from guidrv_flexcolor.o(i._SetDevFunc) referenced from guidrv_flexcolor.o(i._GetDevFunc)
 <LI><a href="#[c0]">_SetDrawMode</a> from lcd.o(i._SetDrawMode) referenced from lcd.o(.constdata)
 <LI><a href="#[58]">_SetInterface</a> from guidrv_flexcolor_func66709.o(i._SetInterface) referenced from guidrv_flexcolor_func66709.o(i.GUIDRV_FlexColor_SetFunc66709)
 <LI><a href="#[9d]">_SetOrg</a> from guidrv_flexcolor.o(i._SetOrg) referenced 3 times from guidrv_flexcolor.o(.constdata)
 <LI><a href="#[55]">_SetOrientation</a> from guidrv_flexcolor_func66709.o(i._SetOrientation) referenced from guidrv_flexcolor_func66709.o(i.GUIDRV_FlexColor_SetFunc66709)
 <LI><a href="#[53]">_SetPhysRAMAddr</a> from guidrv_flexcolor_func66709.o(i._SetPhysRAMAddr) referenced from guidrv_flexcolor_func66709.o(i.GUIDRV_FlexColor_SetFunc66709)
 <LI><a href="#[9b]">_SetPixelIndex</a> from guidrv_flexcolor.o(i._SetPixelIndex) referenced 3 times from guidrv_flexcolor.o(.constdata)
 <LI><a href="#[54]">_SetRect</a> from guidrv_flexcolor_func66709.o(i._SetRect) referenced from guidrv_flexcolor_func66709.o(i.GUIDRV_FlexColor_SetFunc66709)
 <LI><a href="#[84]">_SetReg_B16</a> from guidrv_flexcolor_func66709.o(i._SetReg_B16) referenced from guidrv_flexcolor_func66709.o(i._SetInterface)
 <LI><a href="#[86]">_SetReg_B8</a> from guidrv_flexcolor_func66709.o(i._SetReg_B8) referenced from guidrv_flexcolor_func66709.o(i._SetInterface)
 <LI><a href="#[5e]">_WriteData</a> from guidrv_flexcolor_16bpp_c0b16.o(i._WriteData) referenced from guidrv_flexcolor_16bpp_c0b16.o(i.GUIDRV_FlexColor_SetMode16bppC0B16)
 <LI><a href="#[85]">_WritePara_B16</a> from guidrv_flexcolor_func66709.o(i._WritePara_B16) referenced from guidrv_flexcolor_func66709.o(i._SetInterface)
 <LI><a href="#[87]">_WritePara_B8</a> from guidrv_flexcolor_func66709.o(i._WritePara_B8) referenced from guidrv_flexcolor_func66709.o(i._SetInterface)
 <LI><a href="#[9c]">_XorPixel</a> from guidrv_flexcolor.o(i._XorPixel) referenced 3 times from guidrv_flexcolor.o(.constdata)
 <LI><a href="#[4f]">__main</a> from entry.o(.ARM.Collect$$$$00000000) referenced from startup_stm32f10x_hd.o(.text)
 <LI><a href="#[74]">_cbPaintMemDev</a> from wm.o(i._cbPaintMemDev) referenced from wm.o(i.WM__Paint)
 <LI><a href="#[72]">cbBackWin</a> from wm.o(i.cbBackWin) referenced from wm.o(i.WM_Init)
 <LI><a href="#[88]">fputc</a> from bsp_usart1.o(i.fputc) referenced from printf1.o(i.__0printf$1)
 <LI><a href="#[4d]">main</a> from main.o(i.main) referenced from entry9a.o(.ARM.Collect$$$$0000000B)
</UL>
<P>
<H3>
Global Symbols
</H3>
<P><STRONG><a name="[4f]"></a>__main</STRONG> (Thumb, 0 bytes, Stack size unknown bytes, entry.o(.ARM.Collect$$$$00000000))
<BR>[Address Reference Count : 1]<UL><LI> startup_stm32f10x_hd.o(.text)
</UL>
<P><STRONG><a name="[2ac]"></a>_main_stk</STRONG> (Thumb, 0 bytes, Stack size unknown bytes, entry2.o(.ARM.Collect$$$$00000001))

<P><STRONG><a name="[e5]"></a>_main_scatterload</STRONG> (Thumb, 0 bytes, Stack size unknown bytes, entry5.o(.ARM.Collect$$$$00000004))
<BR><BR>[Calls]<UL><LI><a href="#[e6]">&gt;&gt;</a>&nbsp;&nbsp;&nbsp;__scatterload
</UL>

<P><STRONG><a name="[ea]"></a>__main_after_scatterload</STRONG> (Thumb, 0 bytes, Stack size unknown bytes, entry5.o(.ARM.Collect$$$$00000004))
<BR><BR>[Called By]<UL><LI><a href="#[e6]">&gt;&gt;</a>&nbsp;&nbsp;&nbsp;__scatterload
</UL>

<P><STRONG><a name="[2ad]"></a>_main_clock</STRONG> (Thumb, 0 bytes, Stack size unknown bytes, entry7b.o(.ARM.Collect$$$$00000008))

<P><STRONG><a name="[2ae]"></a>_main_cpp_init</STRONG> (Thumb, 0 bytes, Stack size unknown bytes, entry8b.o(.ARM.Collect$$$$0000000A))

<P><STRONG><a name="[2af]"></a>_main_init</STRONG> (Thumb, 0 bytes, Stack size unknown bytes, entry9a.o(.ARM.Collect$$$$0000000B))

<P><STRONG><a name="[2b0]"></a>__rt_lib_shutdown_fini</STRONG> (Thumb, 0 bytes, Stack size unknown bytes, entry12b.o(.ARM.Collect$$$$0000000E))

<P><STRONG><a name="[2b1]"></a>__rt_final_cpp</STRONG> (Thumb, 0 bytes, Stack size unknown bytes, entry10a.o(.ARM.Collect$$$$0000000F))

<P><STRONG><a name="[2b2]"></a>__rt_final_exit</STRONG> (Thumb, 0 bytes, Stack size unknown bytes, entry11a.o(.ARM.Collect$$$$00000011))

<P><STRONG><a name="[7]"></a>Reset_Handler</STRONG> (Thumb, 8 bytes, Stack size 0 bytes, startup_stm32f10x_hd.o(.text))
<BR>[Address Reference Count : 1]<UL><LI> startup_stm32f10x_hd.o(RESET)
</UL>
<P><STRONG><a name="[23]"></a>ADC1_2_IRQHandler</STRONG> (Thumb, 0 bytes, Stack size 0 bytes, startup_stm32f10x_hd.o(.text))
<BR><BR>[Calls]<UL><LI><a href="#[23]">&gt;&gt;</a>&nbsp;&nbsp;&nbsp;ADC1_2_IRQHandler
</UL>
<BR>[Called By]<UL><LI><a href="#[23]">&gt;&gt;</a>&nbsp;&nbsp;&nbsp;ADC1_2_IRQHandler
</UL>
<BR>[Address Reference Count : 1]<UL><LI> startup_stm32f10x_hd.o(RESET)
</UL>
<P><STRONG><a name="[40]"></a>ADC3_IRQHandler</STRONG> (Thumb, 0 bytes, Stack size 0 bytes, startup_stm32f10x_hd.o(.text))
<BR>[Address Reference Count : 1]<UL><LI> startup_stm32f10x_hd.o(RESET)
</UL>
<P><STRONG><a name="[26]"></a>CAN1_RX1_IRQHandler</STRONG> (Thumb, 0 bytes, Stack size 0 bytes, startup_stm32f10x_hd.o(.text))
<BR>[Address Reference Count : 1]<UL><LI> startup_stm32f10x_hd.o(RESET)
</UL>
<P><STRONG><a name="[27]"></a>CAN1_SCE_IRQHandler</STRONG> (Thumb, 0 bytes, Stack size 0 bytes, startup_stm32f10x_hd.o(.text))
<BR>[Address Reference Count : 1]<UL><LI> startup_stm32f10x_hd.o(RESET)
</UL>
<P><STRONG><a name="[1c]"></a>DMA1_Channel1_IRQHandler</STRONG> (Thumb, 0 bytes, Stack size 0 bytes, startup_stm32f10x_hd.o(.text))
<BR>[Address Reference Count : 1]<UL><LI> startup_stm32f10x_hd.o(RESET)
</UL>
<P><STRONG><a name="[1d]"></a>DMA1_Channel2_IRQHandler</STRONG> (Thumb, 0 bytes, Stack size 0 bytes, startup_stm32f10x_hd.o(.text))
<BR>[Address Reference Count : 1]<UL><LI> startup_stm32f10x_hd.o(RESET)
</UL>
<P><STRONG><a name="[1e]"></a>DMA1_Channel3_IRQHandler</STRONG> (Thumb, 0 bytes, Stack size 0 bytes, startup_stm32f10x_hd.o(.text))
<BR>[Address Reference Count : 1]<UL><LI> startup_stm32f10x_hd.o(RESET)
</UL>
<P><STRONG><a name="[1f]"></a>DMA1_Channel4_IRQHandler</STRONG> (Thumb, 0 bytes, Stack size 0 bytes, startup_stm32f10x_hd.o(.text))
<BR>[Address Reference Count : 1]<UL><LI> startup_stm32f10x_hd.o(RESET)
</UL>
<P><STRONG><a name="[20]"></a>DMA1_Channel5_IRQHandler</STRONG> (Thumb, 0 bytes, Stack size 0 bytes, startup_stm32f10x_hd.o(.text))
<BR>[Address Reference Count : 1]<UL><LI> startup_stm32f10x_hd.o(RESET)
</UL>
<P><STRONG><a name="[21]"></a>DMA1_Channel6_IRQHandler</STRONG> (Thumb, 0 bytes, Stack size 0 bytes, startup_stm32f10x_hd.o(.text))
<BR>[Address Reference Count : 1]<UL><LI> startup_stm32f10x_hd.o(RESET)
</UL>
<P><STRONG><a name="[22]"></a>DMA1_Channel7_IRQHandler</STRONG> (Thumb, 0 bytes, Stack size 0 bytes, startup_stm32f10x_hd.o(.text))
<BR>[Address Reference Count : 1]<UL><LI> startup_stm32f10x_hd.o(RESET)
</UL>
<P><STRONG><a name="[49]"></a>DMA2_Channel1_IRQHandler</STRONG> (Thumb, 0 bytes, Stack size 0 bytes, startup_stm32f10x_hd.o(.text))
<BR>[Address Reference Count : 1]<UL><LI> startup_stm32f10x_hd.o(RESET)
</UL>
<P><STRONG><a name="[4a]"></a>DMA2_Channel2_IRQHandler</STRONG> (Thumb, 0 bytes, Stack size 0 bytes, startup_stm32f10x_hd.o(.text))
<BR>[Address Reference Count : 1]<UL><LI> startup_stm32f10x_hd.o(RESET)
</UL>
<P><STRONG><a name="[4b]"></a>DMA2_Channel3_IRQHandler</STRONG> (Thumb, 0 bytes, Stack size 0 bytes, startup_stm32f10x_hd.o(.text))
<BR>[Address Reference Count : 1]<UL><LI> startup_stm32f10x_hd.o(RESET)
</UL>
<P><STRONG><a name="[4c]"></a>DMA2_Channel4_5_IRQHandler</STRONG> (Thumb, 0 bytes, Stack size 0 bytes, startup_stm32f10x_hd.o(.text))
<BR>[Address Reference Count : 1]<UL><LI> startup_stm32f10x_hd.o(RESET)
</UL>
<P><STRONG><a name="[17]"></a>EXTI0_IRQHandler</STRONG> (Thumb, 0 bytes, Stack size 0 bytes, startup_stm32f10x_hd.o(.text))
<BR>[Address Reference Count : 1]<UL><LI> startup_stm32f10x_hd.o(RESET)
</UL>
<P><STRONG><a name="[39]"></a>EXTI15_10_IRQHandler</STRONG> (Thumb, 0 bytes, Stack size 0 bytes, startup_stm32f10x_hd.o(.text))
<BR>[Address Reference Count : 1]<UL><LI> startup_stm32f10x_hd.o(RESET)
</UL>
<P><STRONG><a name="[18]"></a>EXTI1_IRQHandler</STRONG> (Thumb, 0 bytes, Stack size 0 bytes, startup_stm32f10x_hd.o(.text))
<BR>[Address Reference Count : 1]<UL><LI> startup_stm32f10x_hd.o(RESET)
</UL>
<P><STRONG><a name="[19]"></a>EXTI2_IRQHandler</STRONG> (Thumb, 0 bytes, Stack size 0 bytes, startup_stm32f10x_hd.o(.text))
<BR>[Address Reference Count : 1]<UL><LI> startup_stm32f10x_hd.o(RESET)
</UL>
<P><STRONG><a name="[1a]"></a>EXTI3_IRQHandler</STRONG> (Thumb, 0 bytes, Stack size 0 bytes, startup_stm32f10x_hd.o(.text))
<BR>[Address Reference Count : 1]<UL><LI> startup_stm32f10x_hd.o(RESET)
</UL>
<P><STRONG><a name="[1b]"></a>EXTI4_IRQHandler</STRONG> (Thumb, 0 bytes, Stack size 0 bytes, startup_stm32f10x_hd.o(.text))
<BR>[Address Reference Count : 1]<UL><LI> startup_stm32f10x_hd.o(RESET)
</UL>
<P><STRONG><a name="[28]"></a>EXTI9_5_IRQHandler</STRONG> (Thumb, 0 bytes, Stack size 0 bytes, startup_stm32f10x_hd.o(.text))
<BR>[Address Reference Count : 1]<UL><LI> startup_stm32f10x_hd.o(RESET)
</UL>
<P><STRONG><a name="[15]"></a>FLASH_IRQHandler</STRONG> (Thumb, 0 bytes, Stack size 0 bytes, startup_stm32f10x_hd.o(.text))
<BR>[Address Reference Count : 1]<UL><LI> startup_stm32f10x_hd.o(RESET)
</UL>
<P><STRONG><a name="[41]"></a>FSMC_IRQHandler</STRONG> (Thumb, 0 bytes, Stack size 0 bytes, startup_stm32f10x_hd.o(.text))
<BR>[Address Reference Count : 1]<UL><LI> startup_stm32f10x_hd.o(RESET)
</UL>
<P><STRONG><a name="[31]"></a>I2C1_ER_IRQHandler</STRONG> (Thumb, 0 bytes, Stack size 0 bytes, startup_stm32f10x_hd.o(.text))
<BR>[Address Reference Count : 1]<UL><LI> startup_stm32f10x_hd.o(RESET)
</UL>
<P><STRONG><a name="[30]"></a>I2C1_EV_IRQHandler</STRONG> (Thumb, 0 bytes, Stack size 0 bytes, startup_stm32f10x_hd.o(.text))
<BR>[Address Reference Count : 1]<UL><LI> startup_stm32f10x_hd.o(RESET)
</UL>
<P><STRONG><a name="[33]"></a>I2C2_ER_IRQHandler</STRONG> (Thumb, 0 bytes, Stack size 0 bytes, startup_stm32f10x_hd.o(.text))
<BR>[Address Reference Count : 1]<UL><LI> startup_stm32f10x_hd.o(RESET)
</UL>
<P><STRONG><a name="[32]"></a>I2C2_EV_IRQHandler</STRONG> (Thumb, 0 bytes, Stack size 0 bytes, startup_stm32f10x_hd.o(.text))
<BR>[Address Reference Count : 1]<UL><LI> startup_stm32f10x_hd.o(RESET)
</UL>
<P><STRONG><a name="[12]"></a>PVD_IRQHandler</STRONG> (Thumb, 0 bytes, Stack size 0 bytes, startup_stm32f10x_hd.o(.text))
<BR>[Address Reference Count : 1]<UL><LI> startup_stm32f10x_hd.o(RESET)
</UL>
<P><STRONG><a name="[16]"></a>RCC_IRQHandler</STRONG> (Thumb, 0 bytes, Stack size 0 bytes, startup_stm32f10x_hd.o(.text))
<BR>[Address Reference Count : 1]<UL><LI> startup_stm32f10x_hd.o(RESET)
</UL>
<P><STRONG><a name="[3a]"></a>RTCAlarm_IRQHandler</STRONG> (Thumb, 0 bytes, Stack size 0 bytes, startup_stm32f10x_hd.o(.text))
<BR>[Address Reference Count : 1]<UL><LI> startup_stm32f10x_hd.o(RESET)
</UL>
<P><STRONG><a name="[14]"></a>RTC_IRQHandler</STRONG> (Thumb, 0 bytes, Stack size 0 bytes, startup_stm32f10x_hd.o(.text))
<BR>[Address Reference Count : 1]<UL><LI> startup_stm32f10x_hd.o(RESET)
</UL>
<P><STRONG><a name="[42]"></a>SDIO_IRQHandler</STRONG> (Thumb, 0 bytes, Stack size 0 bytes, startup_stm32f10x_hd.o(.text))
<BR>[Address Reference Count : 1]<UL><LI> startup_stm32f10x_hd.o(RESET)
</UL>
<P><STRONG><a name="[34]"></a>SPI1_IRQHandler</STRONG> (Thumb, 0 bytes, Stack size 0 bytes, startup_stm32f10x_hd.o(.text))
<BR>[Address Reference Count : 1]<UL><LI> startup_stm32f10x_hd.o(RESET)
</UL>
<P><STRONG><a name="[35]"></a>SPI2_IRQHandler</STRONG> (Thumb, 0 bytes, Stack size 0 bytes, startup_stm32f10x_hd.o(.text))
<BR>[Address Reference Count : 1]<UL><LI> startup_stm32f10x_hd.o(RESET)
</UL>
<P><STRONG><a name="[44]"></a>SPI3_IRQHandler</STRONG> (Thumb, 0 bytes, Stack size 0 bytes, startup_stm32f10x_hd.o(.text))
<BR>[Address Reference Count : 1]<UL><LI> startup_stm32f10x_hd.o(RESET)
</UL>
<P><STRONG><a name="[13]"></a>TAMPER_IRQHandler</STRONG> (Thumb, 0 bytes, Stack size 0 bytes, startup_stm32f10x_hd.o(.text))
<BR>[Address Reference Count : 1]<UL><LI> startup_stm32f10x_hd.o(RESET)
</UL>
<P><STRONG><a name="[29]"></a>TIM1_BRK_IRQHandler</STRONG> (Thumb, 0 bytes, Stack size 0 bytes, startup_stm32f10x_hd.o(.text))
<BR>[Address Reference Count : 1]<UL><LI> startup_stm32f10x_hd.o(RESET)
</UL>
<P><STRONG><a name="[2c]"></a>TIM1_CC_IRQHandler</STRONG> (Thumb, 0 bytes, Stack size 0 bytes, startup_stm32f10x_hd.o(.text))
<BR>[Address Reference Count : 1]<UL><LI> startup_stm32f10x_hd.o(RESET)
</UL>
<P><STRONG><a name="[2b]"></a>TIM1_TRG_COM_IRQHandler</STRONG> (Thumb, 0 bytes, Stack size 0 bytes, startup_stm32f10x_hd.o(.text))
<BR>[Address Reference Count : 1]<UL><LI> startup_stm32f10x_hd.o(RESET)
</UL>
<P><STRONG><a name="[2a]"></a>TIM1_UP_IRQHandler</STRONG> (Thumb, 0 bytes, Stack size 0 bytes, startup_stm32f10x_hd.o(.text))
<BR>[Address Reference Count : 1]<UL><LI> startup_stm32f10x_hd.o(RESET)
</UL>
<P><STRONG><a name="[2d]"></a>TIM2_IRQHandler</STRONG> (Thumb, 0 bytes, Stack size 0 bytes, startup_stm32f10x_hd.o(.text))
<BR>[Address Reference Count : 1]<UL><LI> startup_stm32f10x_hd.o(RESET)
</UL>
<P><STRONG><a name="[2e]"></a>TIM3_IRQHandler</STRONG> (Thumb, 0 bytes, Stack size 0 bytes, startup_stm32f10x_hd.o(.text))
<BR>[Address Reference Count : 1]<UL><LI> startup_stm32f10x_hd.o(RESET)
</UL>
<P><STRONG><a name="[2f]"></a>TIM4_IRQHandler</STRONG> (Thumb, 0 bytes, Stack size 0 bytes, startup_stm32f10x_hd.o(.text))
<BR>[Address Reference Count : 1]<UL><LI> startup_stm32f10x_hd.o(RESET)
</UL>
<P><STRONG><a name="[43]"></a>TIM5_IRQHandler</STRONG> (Thumb, 0 bytes, Stack size 0 bytes, startup_stm32f10x_hd.o(.text))
<BR>[Address Reference Count : 1]<UL><LI> startup_stm32f10x_hd.o(RESET)
</UL>
<P><STRONG><a name="[47]"></a>TIM6_IRQHandler</STRONG> (Thumb, 0 bytes, Stack size 0 bytes, startup_stm32f10x_hd.o(.text))
<BR>[Address Reference Count : 1]<UL><LI> startup_stm32f10x_hd.o(RESET)
</UL>
<P><STRONG><a name="[48]"></a>TIM7_IRQHandler</STRONG> (Thumb, 0 bytes, Stack size 0 bytes, startup_stm32f10x_hd.o(.text))
<BR>[Address Reference Count : 1]<UL><LI> startup_stm32f10x_hd.o(RESET)
</UL>
<P><STRONG><a name="[3c]"></a>TIM8_BRK_IRQHandler</STRONG> (Thumb, 0 bytes, Stack size 0 bytes, startup_stm32f10x_hd.o(.text))
<BR>[Address Reference Count : 1]<UL><LI> startup_stm32f10x_hd.o(RESET)
</UL>
<P><STRONG><a name="[3f]"></a>TIM8_CC_IRQHandler</STRONG> (Thumb, 0 bytes, Stack size 0 bytes, startup_stm32f10x_hd.o(.text))
<BR>[Address Reference Count : 1]<UL><LI> startup_stm32f10x_hd.o(RESET)
</UL>
<P><STRONG><a name="[3e]"></a>TIM8_TRG_COM_IRQHandler</STRONG> (Thumb, 0 bytes, Stack size 0 bytes, startup_stm32f10x_hd.o(.text))
<BR>[Address Reference Count : 1]<UL><LI> startup_stm32f10x_hd.o(RESET)
</UL>
<P><STRONG><a name="[3d]"></a>TIM8_UP_IRQHandler</STRONG> (Thumb, 0 bytes, Stack size 0 bytes, startup_stm32f10x_hd.o(.text))
<BR>[Address Reference Count : 1]<UL><LI> startup_stm32f10x_hd.o(RESET)
</UL>
<P><STRONG><a name="[45]"></a>UART4_IRQHandler</STRONG> (Thumb, 0 bytes, Stack size 0 bytes, startup_stm32f10x_hd.o(.text))
<BR>[Address Reference Count : 1]<UL><LI> startup_stm32f10x_hd.o(RESET)
</UL>
<P><STRONG><a name="[46]"></a>UART5_IRQHandler</STRONG> (Thumb, 0 bytes, Stack size 0 bytes, startup_stm32f10x_hd.o(.text))
<BR>[Address Reference Count : 1]<UL><LI> startup_stm32f10x_hd.o(RESET)
</UL>
<P><STRONG><a name="[37]"></a>USART2_IRQHandler</STRONG> (Thumb, 0 bytes, Stack size 0 bytes, startup_stm32f10x_hd.o(.text))
<BR>[Address Reference Count : 1]<UL><LI> startup_stm32f10x_hd.o(RESET)
</UL>
<P><STRONG><a name="[38]"></a>USART3_IRQHandler</STRONG> (Thumb, 0 bytes, Stack size 0 bytes, startup_stm32f10x_hd.o(.text))
<BR>[Address Reference Count : 1]<UL><LI> startup_stm32f10x_hd.o(RESET)
</UL>
<P><STRONG><a name="[3b]"></a>USBWakeUp_IRQHandler</STRONG> (Thumb, 0 bytes, Stack size 0 bytes, startup_stm32f10x_hd.o(.text))
<BR>[Address Reference Count : 1]<UL><LI> startup_stm32f10x_hd.o(RESET)
</UL>
<P><STRONG><a name="[24]"></a>USB_HP_CAN1_TX_IRQHandler</STRONG> (Thumb, 0 bytes, Stack size 0 bytes, startup_stm32f10x_hd.o(.text))
<BR>[Address Reference Count : 1]<UL><LI> startup_stm32f10x_hd.o(RESET)
</UL>
<P><STRONG><a name="[25]"></a>USB_LP_CAN1_RX0_IRQHandler</STRONG> (Thumb, 0 bytes, Stack size 0 bytes, startup_stm32f10x_hd.o(.text))
<BR>[Address Reference Count : 1]<UL><LI> startup_stm32f10x_hd.o(RESET)
</UL>
<P><STRONG><a name="[11]"></a>WWDG_IRQHandler</STRONG> (Thumb, 0 bytes, Stack size 0 bytes, startup_stm32f10x_hd.o(.text))
<BR>[Address Reference Count : 1]<UL><LI> startup_stm32f10x_hd.o(RESET)
</UL>
<P><STRONG><a name="[2ab]"></a>CPU_IntDis</STRONG> (Thumb, 0 bytes, Stack size unknown bytes, cpu_a.o(.text))
<BR><BR>[Called By]<UL><LI><a href="#[4d]">&gt;&gt;</a>&nbsp;&nbsp;&nbsp;main
</UL>

<P><STRONG><a name="[2b3]"></a>CPU_IntEn</STRONG> (Thumb, 0 bytes, Stack size unknown bytes, cpu_a.o(.text), UNUSED)

<P><STRONG><a name="[1ff]"></a>CPU_SR_Save</STRONG> (Thumb, 0 bytes, Stack size unknown bytes, cpu_a.o(.text))
<BR><BR>[Called By]<UL><LI><a href="#[f6]">&gt;&gt;</a>&nbsp;&nbsp;&nbsp;OSTaskDel
<LI><a href="#[ec]">&gt;&gt;</a>&nbsp;&nbsp;&nbsp;OSTaskCreate
<LI><a href="#[f4]">&gt;&gt;</a>&nbsp;&nbsp;&nbsp;OSStatTaskCPUUsageInit
<LI><a href="#[1d4]">&gt;&gt;</a>&nbsp;&nbsp;&nbsp;OSTmrCreate
<LI><a href="#[1b6]">&gt;&gt;</a>&nbsp;&nbsp;&nbsp;OSTimeGet
<LI><a href="#[125]">&gt;&gt;</a>&nbsp;&nbsp;&nbsp;OSTimeDlyHMSM
<LI><a href="#[239]">&gt;&gt;</a>&nbsp;&nbsp;&nbsp;OS_TickListUpdate
<LI><a href="#[224]">&gt;&gt;</a>&nbsp;&nbsp;&nbsp;OS_TaskSuspend
<LI><a href="#[223]">&gt;&gt;</a>&nbsp;&nbsp;&nbsp;OS_TaskSemPost
<LI><a href="#[220]">&gt;&gt;</a>&nbsp;&nbsp;&nbsp;OS_TaskResume
<LI><a href="#[221]">&gt;&gt;</a>&nbsp;&nbsp;&nbsp;OSTaskSemPend
<LI><a href="#[1b5]">&gt;&gt;</a>&nbsp;&nbsp;&nbsp;OSTimeDly
<LI><a href="#[215]">&gt;&gt;</a>&nbsp;&nbsp;&nbsp;OSTaskResume
<LI><a href="#[6f]">&gt;&gt;</a>&nbsp;&nbsp;&nbsp;OS_StatTask
<LI><a href="#[211]">&gt;&gt;</a>&nbsp;&nbsp;&nbsp;OSStatReset
<LI><a href="#[20d]">&gt;&gt;</a>&nbsp;&nbsp;&nbsp;OS_SemPost
<LI><a href="#[20e]">&gt;&gt;</a>&nbsp;&nbsp;&nbsp;OSSemSet
<LI><a href="#[121]">&gt;&gt;</a>&nbsp;&nbsp;&nbsp;OSSemPend
<LI><a href="#[1b7]">&gt;&gt;</a>&nbsp;&nbsp;&nbsp;OSSemCreate
<LI><a href="#[20a]">&gt;&gt;</a>&nbsp;&nbsp;&nbsp;OS_QPost
<LI><a href="#[204]">&gt;&gt;</a>&nbsp;&nbsp;&nbsp;OSQPend
<LI><a href="#[1d3]">&gt;&gt;</a>&nbsp;&nbsp;&nbsp;OSQCreate
<LI><a href="#[6e]">&gt;&gt;</a>&nbsp;&nbsp;&nbsp;OS_IdleTask
<LI><a href="#[20c]">&gt;&gt;</a>&nbsp;&nbsp;&nbsp;OSSchedUnlock
<LI><a href="#[20b]">&gt;&gt;</a>&nbsp;&nbsp;&nbsp;OSSchedLock
<LI><a href="#[207]">&gt;&gt;</a>&nbsp;&nbsp;&nbsp;OSSched
<LI><a href="#[1fe]">&gt;&gt;</a>&nbsp;&nbsp;&nbsp;OSIntExit
<LI><a href="#[10]">&gt;&gt;</a>&nbsp;&nbsp;&nbsp;OS_CPU_SysTickHandler
</UL>

<P><STRONG><a name="[200]"></a>CPU_SR_Restore</STRONG> (Thumb, 0 bytes, Stack size unknown bytes, cpu_a.o(.text))
<BR><BR>[Called By]<UL><LI><a href="#[f6]">&gt;&gt;</a>&nbsp;&nbsp;&nbsp;OSTaskDel
<LI><a href="#[ec]">&gt;&gt;</a>&nbsp;&nbsp;&nbsp;OSTaskCreate
<LI><a href="#[f4]">&gt;&gt;</a>&nbsp;&nbsp;&nbsp;OSStatTaskCPUUsageInit
<LI><a href="#[1d4]">&gt;&gt;</a>&nbsp;&nbsp;&nbsp;OSTmrCreate
<LI><a href="#[1b6]">&gt;&gt;</a>&nbsp;&nbsp;&nbsp;OSTimeGet
<LI><a href="#[125]">&gt;&gt;</a>&nbsp;&nbsp;&nbsp;OSTimeDlyHMSM
<LI><a href="#[239]">&gt;&gt;</a>&nbsp;&nbsp;&nbsp;OS_TickListUpdate
<LI><a href="#[224]">&gt;&gt;</a>&nbsp;&nbsp;&nbsp;OS_TaskSuspend
<LI><a href="#[223]">&gt;&gt;</a>&nbsp;&nbsp;&nbsp;OS_TaskSemPost
<LI><a href="#[220]">&gt;&gt;</a>&nbsp;&nbsp;&nbsp;OS_TaskResume
<LI><a href="#[221]">&gt;&gt;</a>&nbsp;&nbsp;&nbsp;OSTaskSemPend
<LI><a href="#[1b5]">&gt;&gt;</a>&nbsp;&nbsp;&nbsp;OSTimeDly
<LI><a href="#[215]">&gt;&gt;</a>&nbsp;&nbsp;&nbsp;OSTaskResume
<LI><a href="#[6f]">&gt;&gt;</a>&nbsp;&nbsp;&nbsp;OS_StatTask
<LI><a href="#[211]">&gt;&gt;</a>&nbsp;&nbsp;&nbsp;OSStatReset
<LI><a href="#[20d]">&gt;&gt;</a>&nbsp;&nbsp;&nbsp;OS_SemPost
<LI><a href="#[20e]">&gt;&gt;</a>&nbsp;&nbsp;&nbsp;OSSemSet
<LI><a href="#[121]">&gt;&gt;</a>&nbsp;&nbsp;&nbsp;OSSemPend
<LI><a href="#[1b7]">&gt;&gt;</a>&nbsp;&nbsp;&nbsp;OSSemCreate
<LI><a href="#[20a]">&gt;&gt;</a>&nbsp;&nbsp;&nbsp;OS_QPost
<LI><a href="#[204]">&gt;&gt;</a>&nbsp;&nbsp;&nbsp;OSQPend
<LI><a href="#[1d3]">&gt;&gt;</a>&nbsp;&nbsp;&nbsp;OSQCreate
<LI><a href="#[6e]">&gt;&gt;</a>&nbsp;&nbsp;&nbsp;OS_IdleTask
<LI><a href="#[20c]">&gt;&gt;</a>&nbsp;&nbsp;&nbsp;OSSchedUnlock
<LI><a href="#[20b]">&gt;&gt;</a>&nbsp;&nbsp;&nbsp;OSSchedLock
<LI><a href="#[207]">&gt;&gt;</a>&nbsp;&nbsp;&nbsp;OSSched
<LI><a href="#[1fe]">&gt;&gt;</a>&nbsp;&nbsp;&nbsp;OSIntExit
<LI><a href="#[10]">&gt;&gt;</a>&nbsp;&nbsp;&nbsp;OS_CPU_SysTickHandler
</UL>

<P><STRONG><a name="[2b4]"></a>CPU_WaitForInt</STRONG> (Thumb, 0 bytes, Stack size unknown bytes, cpu_a.o(.text), UNUSED)

<P><STRONG><a name="[2b5]"></a>CPU_WaitForExcept</STRONG> (Thumb, 0 bytes, Stack size unknown bytes, cpu_a.o(.text), UNUSED)

<P><STRONG><a name="[232]"></a>CPU_CntLeadZeros</STRONG> (Thumb, 0 bytes, Stack size unknown bytes, cpu_a.o(.text))
<BR><BR>[Called By]<UL><LI><a href="#[201]">&gt;&gt;</a>&nbsp;&nbsp;&nbsp;OS_PrioGetHighest
</UL>

<P><STRONG><a name="[2b6]"></a>CPU_CntTrailZeros</STRONG> (Thumb, 0 bytes, Stack size unknown bytes, cpu_a.o(.text), UNUSED)

<P><STRONG><a name="[2b7]"></a>CPU_RevBits</STRONG> (Thumb, 0 bytes, Stack size unknown bytes, cpu_a.o(.text), UNUSED)

<P><STRONG><a name="[10b]"></a>Mem_Copy</STRONG> (Thumb, 0 bytes, Stack size unknown bytes, lib_mem_a.o(.text))
<BR><BR>[Called By]<UL><LI><a href="#[109]">&gt;&gt;</a>&nbsp;&nbsp;&nbsp;ClearFullRowsAndUpdateGameZone
</UL>

<P><STRONG><a name="[23c]"></a>rand</STRONG> (Thumb, 20 bytes, Stack size 0 bytes, rand.o(.text))
<BR><BR>[Called By]<UL><LI><a href="#[23b]">&gt;&gt;</a>&nbsp;&nbsp;&nbsp;PickRandomTetrimino
</UL>

<P><STRONG><a name="[2b8]"></a>srand</STRONG> (Thumb, 6 bytes, Stack size 0 bytes, rand.o(.text), UNUSED)

<P><STRONG><a name="[2b9]"></a>___aeabi_memcpy8$move</STRONG> (Thumb, 0 bytes, Stack size 8 bytes, memmovea.o(.text), UNUSED)

<P><STRONG><a name="[294]"></a>__aeabi_memcpy</STRONG> (Thumb, 64 bytes, Stack size 8 bytes, memmovea.o(.text))
<BR><BR>[Stack]<UL><LI>Max Depth = 8<LI>Call Chain = __aeabi_memcpy
</UL>
<BR>[Called By]<UL><LI><a href="#[c1]">&gt;&gt;</a>&nbsp;&nbsp;&nbsp;_DrawBitmap
<LI><a href="#[d4]">&gt;&gt;</a>&nbsp;&nbsp;&nbsp;_DrawBitmap
</UL>

<P><STRONG><a name="[130]"></a>__aeabi_memcpy4</STRONG> (Thumb, 0 bytes, Stack size 8 bytes, memmovea.o(.text))
<BR><BR>[Stack]<UL><LI>Max Depth = 8<LI>Call Chain = __aeabi_memcpy4
</UL>
<BR>[Called By]<UL><LI><a href="#[12f]">&gt;&gt;</a>&nbsp;&nbsp;&nbsp;GUIDRV_FlexColor_SetFunc
<LI><a href="#[5f]">&gt;&gt;</a>&nbsp;&nbsp;&nbsp;GUIDRV_FlexColor__SetLog2Phys
<LI><a href="#[139]">&gt;&gt;</a>&nbsp;&nbsp;&nbsp;GUITASK_CopyContext
<LI><a href="#[29c]">&gt;&gt;</a>&nbsp;&nbsp;&nbsp;_EnlargeBlocks
<LI><a href="#[1a3]">&gt;&gt;</a>&nbsp;&nbsp;&nbsp;GUI_SaveContext_W
<LI><a href="#[1a2]">&gt;&gt;</a>&nbsp;&nbsp;&nbsp;GUI_RestoreContext
<LI><a href="#[28d]">&gt;&gt;</a>&nbsp;&nbsp;&nbsp;_DrawBitLine32BPP_DDB
</UL>

<P><STRONG><a name="[2a6]"></a>__aeabi_memmove</STRONG> (Thumb, 0 bytes, Stack size 8 bytes, memmovea.o(.text))
<BR><BR>[Stack]<UL><LI>Max Depth = 8<LI>Call Chain = __aeabi_memmove
</UL>
<BR>[Called By]<UL><LI><a href="#[148]">&gt;&gt;</a>&nbsp;&nbsp;&nbsp;_RemoveHoles
</UL>

<P><STRONG><a name="[2ba]"></a>__aeabi_memmove4</STRONG> (Thumb, 0 bytes, Stack size 8 bytes, memmovea.o(.text), UNUSED)

<P><STRONG><a name="[2bb]"></a>__aeabi_memmove8</STRONG> (Thumb, 0 bytes, Stack size 8 bytes, memmovea.o(.text), UNUSED)

<P><STRONG><a name="[e8]"></a>__aeabi_memset</STRONG> (Thumb, 14 bytes, Stack size 0 bytes, memseta.o(.text))
<BR><BR>[Called By]<UL><LI><a href="#[e9]">&gt;&gt;</a>&nbsp;&nbsp;&nbsp;_memset$wrapper
<LI><a href="#[e7]">&gt;&gt;</a>&nbsp;&nbsp;&nbsp;__aeabi_memclr
<LI><a href="#[e1]">&gt;&gt;</a>&nbsp;&nbsp;&nbsp;GUI_USAGE_BM_AddHLine
</UL>

<P><STRONG><a name="[2bc]"></a>__aeabi_memset4</STRONG> (Thumb, 0 bytes, Stack size 0 bytes, memseta.o(.text), UNUSED)

<P><STRONG><a name="[2bd]"></a>__aeabi_memset8</STRONG> (Thumb, 0 bytes, Stack size 0 bytes, memseta.o(.text), UNUSED)

<P><STRONG><a name="[e7]"></a>__aeabi_memclr</STRONG> (Thumb, 4 bytes, Stack size 0 bytes, memseta.o(.text), UNUSED)
<BR><BR>[Calls]<UL><LI><a href="#[e8]">&gt;&gt;</a>&nbsp;&nbsp;&nbsp;__aeabi_memset
</UL>

<P><STRONG><a name="[1af]"></a>__aeabi_memclr4</STRONG> (Thumb, 0 bytes, Stack size 0 bytes, memseta.o(.text))
<BR><BR>[Called By]<UL><LI><a href="#[1bc]">&gt;&gt;</a>&nbsp;&nbsp;&nbsp;LCD_X_Config
<LI><a href="#[1c8]">&gt;&gt;</a>&nbsp;&nbsp;&nbsp;ILI9341_FSMC_Config
<LI><a href="#[e2]">&gt;&gt;</a>&nbsp;&nbsp;&nbsp;GUI_USAGE_BM_Clear
</UL>

<P><STRONG><a name="[2be]"></a>__aeabi_memclr8</STRONG> (Thumb, 0 bytes, Stack size 0 bytes, memseta.o(.text), UNUSED)

<P><STRONG><a name="[e9]"></a>_memset$wrapper</STRONG> (Thumb, 18 bytes, Stack size 8 bytes, memseta.o(.text), UNUSED)
<BR><BR>[Calls]<UL><LI><a href="#[e8]">&gt;&gt;</a>&nbsp;&nbsp;&nbsp;__aeabi_memset
</UL>

<P><STRONG><a name="[2bf]"></a>__aeabi_uidiv</STRONG> (Thumb, 0 bytes, Stack size 12 bytes, uidiv.o(.text), UNUSED)

<P><STRONG><a name="[2aa]"></a>__aeabi_uidivmod</STRONG> (Thumb, 44 bytes, Stack size 12 bytes, uidiv.o(.text), UNUSED)
<BR><BR>[Called By]<UL><LI><a href="#[2a9]">&gt;&gt;</a>&nbsp;&nbsp;&nbsp;_printf_core
</UL>

<P><STRONG><a name="[e6]"></a>__scatterload</STRONG> (Thumb, 28 bytes, Stack size 0 bytes, init.o(.text))
<BR><BR>[Calls]<UL><LI><a href="#[ea]">&gt;&gt;</a>&nbsp;&nbsp;&nbsp;__main_after_scatterload
</UL>
<BR>[Called By]<UL><LI><a href="#[e5]">&gt;&gt;</a>&nbsp;&nbsp;&nbsp;_main_scatterload
</UL>

<P><STRONG><a name="[2c0]"></a>__scatterload_rt2</STRONG> (Thumb, 0 bytes, Stack size 0 bytes, init.o(.text), UNUSED)

<P><STRONG><a name="[2c1]"></a>__decompress</STRONG> (Thumb, 0 bytes, Stack size unknown bytes, __dczerorl2.o(.text), UNUSED)

<P><STRONG><a name="[2c2]"></a>__decompress1</STRONG> (Thumb, 86 bytes, Stack size unknown bytes, __dczerorl2.o(.text), UNUSED)

<P><STRONG><a name="[210]"></a>OSStartHighRdy</STRONG> (Thumb, 0 bytes, Stack size unknown bytes, os_cpu_a.o(CODE))
<BR><BR>[Called By]<UL><LI><a href="#[20f]">&gt;&gt;</a>&nbsp;&nbsp;&nbsp;OSStart
</UL>

<P><STRONG><a name="[f]"></a>OS_CPU_PendSVHandler</STRONG> (Thumb, 0 bytes, Stack size unknown bytes, os_cpu_a.o(CODE))
<BR>[Address Reference Count : 1]<UL><LI> startup_stm32f10x_hd.o(RESET)
</UL>
<P><STRONG><a name="[f7]"></a>BSP_CPU_ClkFreq</STRONG> (Thumb, 16 bytes, Stack size 24 bytes, bsp.o(i.BSP_CPU_ClkFreq))
<BR><BR>[Stack]<UL><LI>Max Depth = 32<LI>Call Chain = BSP_CPU_ClkFreq &rArr; RCC_GetClocksFreq
</UL>
<BR>[Calls]<UL><LI><a href="#[f8]">&gt;&gt;</a>&nbsp;&nbsp;&nbsp;RCC_GetClocksFreq
</UL>
<BR>[Called By]<UL><LI><a href="#[102]">&gt;&gt;</a>&nbsp;&nbsp;&nbsp;CPU_TS_TmrInit
<LI><a href="#[f2]">&gt;&gt;</a>&nbsp;&nbsp;&nbsp;BSP_Tick_Init
</UL>

<P><STRONG><a name="[f0]"></a>BSP_Init</STRONG> (Thumb, 34 bytes, Stack size 8 bytes, bsp.o(i.BSP_Init))
<BR><BR>[Stack]<UL><LI>Max Depth = 460 + Unknown Stack Size
<LI>Call Chain = BSP_Init &rArr; GUI_Init &rArr; GUI__Config &rArr; LCD_X_Config &rArr; GUI_DEVICE_CreateAndLink &rArr; GUI_DEVICE_Create &rArr; GUI_ALLOC_GetFixedBlock &rArr; _InitOnce &rArr; _EnlargeBlocks &rArr; GUI_ALLOC_Free &rArr; GUI_Lock &rArr; GUI_X_Lock &rArr; OSSemPend &rArr; OS_Pend &rArr; OS_TaskBlock &rArr; OS_TickListInsert
</UL>
<BR>[Calls]<UL><LI><a href="#[fc]">&gt;&gt;</a>&nbsp;&nbsp;&nbsp;RCC_AHBPeriphClockCmd
<LI><a href="#[fb]">&gt;&gt;</a>&nbsp;&nbsp;&nbsp;USART1_Config
<LI><a href="#[fa]">&gt;&gt;</a>&nbsp;&nbsp;&nbsp;LED_GPIO_Config
<LI><a href="#[fd]">&gt;&gt;</a>&nbsp;&nbsp;&nbsp;ILI9341_Init
<LI><a href="#[fe]">&gt;&gt;</a>&nbsp;&nbsp;&nbsp;GUI_Init
<LI><a href="#[f9]">&gt;&gt;</a>&nbsp;&nbsp;&nbsp;Bsp_NVIC_Configuration
</UL>
<BR>[Called By]<UL><LI><a href="#[89]">&gt;&gt;</a>&nbsp;&nbsp;&nbsp;AppTaskStart
</UL>

<P><STRONG><a name="[f2]"></a>BSP_Tick_Init</STRONG> (Thumb, 22 bytes, Stack size 8 bytes, bsp.o(i.BSP_Tick_Init))
<BR><BR>[Stack]<UL><LI>Max Depth = 40<LI>Call Chain = BSP_Tick_Init &rArr; BSP_CPU_ClkFreq &rArr; RCC_GetClocksFreq
</UL>
<BR>[Calls]<UL><LI><a href="#[f7]">&gt;&gt;</a>&nbsp;&nbsp;&nbsp;BSP_CPU_ClkFreq
<LI><a href="#[ff]">&gt;&gt;</a>&nbsp;&nbsp;&nbsp;OS_CPU_SysTickInit
</UL>
<BR>[Called By]<UL><LI><a href="#[89]">&gt;&gt;</a>&nbsp;&nbsp;&nbsp;AppTaskStart
</UL>

<P><STRONG><a name="[b]"></a>BusFault_Handler</STRONG> (Thumb, 2 bytes, Stack size 0 bytes, stm32f10x_it.o(i.BusFault_Handler))
<BR><BR>[Calls]<UL><LI><a href="#[b]">&gt;&gt;</a>&nbsp;&nbsp;&nbsp;BusFault_Handler
</UL>
<BR>[Called By]<UL><LI><a href="#[b]">&gt;&gt;</a>&nbsp;&nbsp;&nbsp;BusFault_Handler
</UL>
<BR>[Address Reference Count : 1]<UL><LI> startup_stm32f10x_hd.o(RESET)
</UL>
<P><STRONG><a name="[f1]"></a>CPU_Init</STRONG> (Thumb, 4 bytes, Stack size 0 bytes, cpu_core.o(i.CPU_Init))
<BR><BR>[Stack]<UL><LI>Max Depth = 40<LI>Call Chain = CPU_Init &rArr; CPU_TS_Init &rArr; CPU_TS_TmrInit &rArr; BSP_CPU_ClkFreq &rArr; RCC_GetClocksFreq
</UL>
<BR>[Calls]<UL><LI><a href="#[101]">&gt;&gt;</a>&nbsp;&nbsp;&nbsp;CPU_TS_Init
</UL>
<BR>[Called By]<UL><LI><a href="#[89]">&gt;&gt;</a>&nbsp;&nbsp;&nbsp;AppTaskStart
</UL>

<P><STRONG><a name="[103]"></a>CPU_TS_TmrFreqSet</STRONG> (Thumb, 6 bytes, Stack size 0 bytes, cpu_core.o(i.CPU_TS_TmrFreqSet))
<BR><BR>[Called By]<UL><LI><a href="#[102]">&gt;&gt;</a>&nbsp;&nbsp;&nbsp;CPU_TS_TmrInit
</UL>

<P><STRONG><a name="[102]"></a>CPU_TS_TmrInit</STRONG> (Thumb, 38 bytes, Stack size 8 bytes, bsp.o(i.CPU_TS_TmrInit))
<BR><BR>[Stack]<UL><LI>Max Depth = 40<LI>Call Chain = CPU_TS_TmrInit &rArr; BSP_CPU_ClkFreq &rArr; RCC_GetClocksFreq
</UL>
<BR>[Calls]<UL><LI><a href="#[103]">&gt;&gt;</a>&nbsp;&nbsp;&nbsp;CPU_TS_TmrFreqSet
<LI><a href="#[f7]">&gt;&gt;</a>&nbsp;&nbsp;&nbsp;BSP_CPU_ClkFreq
</UL>
<BR>[Called By]<UL><LI><a href="#[101]">&gt;&gt;</a>&nbsp;&nbsp;&nbsp;CPU_TS_Init
</UL>

<P><STRONG><a name="[209]"></a>CPU_TS_TmrRd</STRONG> (Thumb, 6 bytes, Stack size 0 bytes, bsp.o(i.CPU_TS_TmrRd))
<BR><BR>[Called By]<UL><LI><a href="#[71]">&gt;&gt;</a>&nbsp;&nbsp;&nbsp;OS_TmrTask
<LI><a href="#[239]">&gt;&gt;</a>&nbsp;&nbsp;&nbsp;OS_TickListUpdate
<LI><a href="#[216]">&gt;&gt;</a>&nbsp;&nbsp;&nbsp;OS_TaskInitTCB
<LI><a href="#[222]">&gt;&gt;</a>&nbsp;&nbsp;&nbsp;OSTaskSemPost
<LI><a href="#[221]">&gt;&gt;</a>&nbsp;&nbsp;&nbsp;OSTaskSemPend
<LI><a href="#[6f]">&gt;&gt;</a>&nbsp;&nbsp;&nbsp;OS_StatTask
<LI><a href="#[1b8]">&gt;&gt;</a>&nbsp;&nbsp;&nbsp;OSSemPost
<LI><a href="#[208]">&gt;&gt;</a>&nbsp;&nbsp;&nbsp;OSQPost
<LI><a href="#[50]">&gt;&gt;</a>&nbsp;&nbsp;&nbsp;OSTaskSwHook
</UL>

<P><STRONG><a name="[104]"></a>CheckIfNextMoveCollide</STRONG> (Thumb, 150 bytes, Stack size 48 bytes, tetris_logic_process.o(i.CheckIfNextMoveCollide))
<BR><BR>[Stack]<UL><LI>Max Depth = 80<LI>Call Chain = CheckIfNextMoveCollide &rArr; GetNextTetriminosForm &rArr; __2printf
</UL>
<BR>[Calls]<UL><LI><a href="#[106]">&gt;&gt;</a>&nbsp;&nbsp;&nbsp;MapFromPixelToGameZone
<LI><a href="#[105]">&gt;&gt;</a>&nbsp;&nbsp;&nbsp;GetNextTetriminosForm
</UL>
<BR>[Called By]<UL><LI><a href="#[ef]">&gt;&gt;</a>&nbsp;&nbsp;&nbsp;ExecGameRender
</UL>

<P><STRONG><a name="[107]"></a>ClearBlock</STRONG> (Thumb, 22 bytes, Stack size 8 bytes, block_process.o(i.ClearBlock))
<BR><BR>[Stack]<UL><LI>Max Depth = 204 + Unknown Stack Size
<LI>Call Chain = ClearBlock &rArr; GUI_ClearRect &rArr; GUI_Lock &rArr; GUI_X_Lock &rArr; OSSemPend &rArr; OS_Pend &rArr; OS_TaskBlock &rArr; OS_TickListInsert
</UL>
<BR>[Calls]<UL><LI><a href="#[108]">&gt;&gt;</a>&nbsp;&nbsp;&nbsp;GUI_ClearRect
</UL>
<BR>[Called By]<UL><LI><a href="#[10e]">&gt;&gt;</a>&nbsp;&nbsp;&nbsp;ClearTetriminos
</UL>

<P><STRONG><a name="[109]"></a>ClearFullRowsAndUpdateGameZone</STRONG> (Thumb, 152 bytes, Stack size 64 bytes, tetris_logic_process.o(i.ClearFullRowsAndUpdateGameZone))
<BR><BR>[Stack]<UL><LI>Max Depth = 860 + Unknown Stack Size
<LI>Call Chain = ClearFullRowsAndUpdateGameZone &rArr; RefreshGameZone &rArr; GUI_Delay &rArr; GUI_Exec &rArr; GUI_Exec1 &rArr; WM_Exec &rArr; _DrawNext &rArr; WM__Paint &rArr; GUI_MEMDEV_Draw &rArr; GUI_MEMDEV_CopyToLCD &rArr; GUI_MEMDEV_CopyToLCDAt &rArr; GUI_MEMDEV__WriteToActiveOpaque &rArr; _WriteToActiveOpaque_8 &rArr; GUI_MEMDEV_GetDataPtr &rArr; GUI_Lock &rArr; GUI_X_Lock &rArr; OSSemPend &rArr; OS_Pend &rArr; OS_TaskBlock &rArr; OS_TickListInsert
</UL>
<BR>[Calls]<UL><LI><a href="#[10b]">&gt;&gt;</a>&nbsp;&nbsp;&nbsp;Mem_Copy
<LI><a href="#[10d]">&gt;&gt;</a>&nbsp;&nbsp;&nbsp;RefreshGameZone
<LI><a href="#[10c]">&gt;&gt;</a>&nbsp;&nbsp;&nbsp;HighlightRowsBlocks
<LI><a href="#[10a]">&gt;&gt;</a>&nbsp;&nbsp;&nbsp;ClearOneRow
</UL>
<BR>[Called By]<UL><LI><a href="#[ef]">&gt;&gt;</a>&nbsp;&nbsp;&nbsp;ExecGameRender
</UL>

<P><STRONG><a name="[10a]"></a>ClearOneRow</STRONG> (Thumb, 20 bytes, Stack size 0 bytes, tetris_logic_process.o(i.ClearOneRow))
<BR><BR>[Called By]<UL><LI><a href="#[109]">&gt;&gt;</a>&nbsp;&nbsp;&nbsp;ClearFullRowsAndUpdateGameZone
</UL>

<P><STRONG><a name="[10e]"></a>ClearTetriminos</STRONG> (Thumb, 60 bytes, Stack size 40 bytes, tetriminos_process.o(i.ClearTetriminos))
<BR><BR>[Stack]<UL><LI>Max Depth = 244 + Unknown Stack Size
<LI>Call Chain = ClearTetriminos &rArr; ClearBlock &rArr; GUI_ClearRect &rArr; GUI_Lock &rArr; GUI_X_Lock &rArr; OSSemPend &rArr; OS_Pend &rArr; OS_TaskBlock &rArr; OS_TickListInsert
</UL>
<BR>[Calls]<UL><LI><a href="#[107]">&gt;&gt;</a>&nbsp;&nbsp;&nbsp;ClearBlock
</UL>
<BR>[Called By]<UL><LI><a href="#[120]">&gt;&gt;</a>&nbsp;&nbsp;&nbsp;UpdateCurrentTetriminoInGameZone
</UL>

<P><STRONG><a name="[e]"></a>DebugMon_Handler</STRONG> (Thumb, 2 bytes, Stack size 0 bytes, stm32f10x_it.o(i.DebugMon_Handler))
<BR>[Address Reference Count : 1]<UL><LI> startup_stm32f10x_hd.o(RESET)
</UL>
<P><STRONG><a name="[10f]"></a>DrawBlock</STRONG> (Thumb, 42 bytes, Stack size 24 bytes, block_process.o(i.DrawBlock))
<BR><BR>[Stack]<UL><LI>Max Depth = 220 + Unknown Stack Size
<LI>Call Chain = DrawBlock &rArr; GUI_FillRect &rArr; GUI_Lock &rArr; GUI_X_Lock &rArr; OSSemPend &rArr; OS_Pend &rArr; OS_TaskBlock &rArr; OS_TickListInsert
</UL>
<BR>[Calls]<UL><LI><a href="#[110]">&gt;&gt;</a>&nbsp;&nbsp;&nbsp;GUI_SetColor
<LI><a href="#[111]">&gt;&gt;</a>&nbsp;&nbsp;&nbsp;GUI_FillRect
</UL>
<BR>[Called By]<UL><LI><a href="#[10d]">&gt;&gt;</a>&nbsp;&nbsp;&nbsp;RefreshGameZone
<LI><a href="#[10c]">&gt;&gt;</a>&nbsp;&nbsp;&nbsp;HighlightRowsBlocks
<LI><a href="#[115]">&gt;&gt;</a>&nbsp;&nbsp;&nbsp;DrawTetriminos
<LI><a href="#[118]">&gt;&gt;</a>&nbsp;&nbsp;&nbsp;InitInterface
</UL>

<P><STRONG><a name="[112]"></a>DrawPreviewArea</STRONG> (Thumb, 22 bytes, Stack size 8 bytes, app.o(i.DrawPreviewArea))
<BR><BR>[Stack]<UL><LI>Max Depth = 308 + Unknown Stack Size
<LI>Call Chain = DrawPreviewArea &rArr; GUI_DispStringHCenterAt &rArr; GUI_DispStringAt &rArr; GUI_DispString &rArr; GUI__GetLineDistX &rArr; GUI__GetOverlap &rArr; GUI_GetCharDistXEx &rArr; GUI_Lock &rArr; GUI_X_Lock &rArr; OSSemPend &rArr; OS_Pend &rArr; OS_TaskBlock &rArr; OS_TickListInsert
</UL>
<BR>[Calls]<UL><LI><a href="#[113]">&gt;&gt;</a>&nbsp;&nbsp;&nbsp;GUI_SetFont
<LI><a href="#[114]">&gt;&gt;</a>&nbsp;&nbsp;&nbsp;GUI_DispStringHCenterAt
</UL>
<BR>[Called By]<UL><LI><a href="#[118]">&gt;&gt;</a>&nbsp;&nbsp;&nbsp;InitInterface
</UL>

<P><STRONG><a name="[115]"></a>DrawTetriminos</STRONG> (Thumb, 74 bytes, Stack size 56 bytes, tetriminos_process.o(i.DrawTetriminos))
<BR><BR>[Stack]<UL><LI>Max Depth = 276 + Unknown Stack Size
<LI>Call Chain = DrawTetriminos &rArr; DrawBlock &rArr; GUI_FillRect &rArr; GUI_Lock &rArr; GUI_X_Lock &rArr; OSSemPend &rArr; OS_Pend &rArr; OS_TaskBlock &rArr; OS_TickListInsert
</UL>
<BR>[Calls]<UL><LI><a href="#[10f]">&gt;&gt;</a>&nbsp;&nbsp;&nbsp;DrawBlock
</UL>
<BR>[Called By]<UL><LI><a href="#[11d]">&gt;&gt;</a>&nbsp;&nbsp;&nbsp;UpdateNextTetriminoInPreviewArea
<LI><a href="#[120]">&gt;&gt;</a>&nbsp;&nbsp;&nbsp;UpdateCurrentTetriminoInGameZone
</UL>

<P><STRONG><a name="[116]"></a>DrawTipsArea</STRONG> (Thumb, 70 bytes, Stack size 8 bytes, app.o(i.DrawTipsArea))
<BR><BR>[Stack]<UL><LI>Max Depth = 308 + Unknown Stack Size
<LI>Call Chain = DrawTipsArea &rArr; GUI_DispStringHCenterAt &rArr; GUI_DispStringAt &rArr; GUI_DispString &rArr; GUI__GetLineDistX &rArr; GUI__GetOverlap &rArr; GUI_GetCharDistXEx &rArr; GUI_Lock &rArr; GUI_X_Lock &rArr; OSSemPend &rArr; OS_Pend &rArr; OS_TaskBlock &rArr; OS_TickListInsert
</UL>
<BR>[Calls]<UL><LI><a href="#[113]">&gt;&gt;</a>&nbsp;&nbsp;&nbsp;GUI_SetFont
<LI><a href="#[114]">&gt;&gt;</a>&nbsp;&nbsp;&nbsp;GUI_DispStringHCenterAt
<LI><a href="#[117]">&gt;&gt;</a>&nbsp;&nbsp;&nbsp;GUI_DispStringAt
</UL>
<BR>[Called By]<UL><LI><a href="#[118]">&gt;&gt;</a>&nbsp;&nbsp;&nbsp;InitInterface
</UL>

<P><STRONG><a name="[ee]"></a>ExecGameLogic</STRONG> (Thumb, 2 bytes, Stack size 0 bytes, app.o(i.ExecGameLogic))
<BR><BR>[Called By]<UL><LI><a href="#[52]">&gt;&gt;</a>&nbsp;&nbsp;&nbsp;AppTaskGameLogic
</UL>

<P><STRONG><a name="[ef]"></a>ExecGameRender</STRONG> (Thumb, 158 bytes, Stack size 24 bytes, app.o(i.ExecGameRender))
<BR><BR>[Stack]<UL><LI>Max Depth = 884 + Unknown Stack Size
<LI>Call Chain = ExecGameRender &rArr; ClearFullRowsAndUpdateGameZone &rArr; RefreshGameZone &rArr; GUI_Delay &rArr; GUI_Exec &rArr; GUI_Exec1 &rArr; WM_Exec &rArr; _DrawNext &rArr; WM__Paint &rArr; GUI_MEMDEV_Draw &rArr; GUI_MEMDEV_CopyToLCD &rArr; GUI_MEMDEV_CopyToLCDAt &rArr; GUI_MEMDEV__WriteToActiveOpaque &rArr; _WriteToActiveOpaque_8 &rArr; GUI_MEMDEV_GetDataPtr &rArr; GUI_Lock &rArr; GUI_X_Lock &rArr; OSSemPend &rArr; OS_Pend &rArr; OS_TaskBlock &rArr; OS_TickListInsert
</UL>
<BR>[Calls]<UL><LI><a href="#[125]">&gt;&gt;</a>&nbsp;&nbsp;&nbsp;OSTimeDlyHMSM
<LI><a href="#[121]">&gt;&gt;</a>&nbsp;&nbsp;&nbsp;OSSemPend
<LI><a href="#[11d]">&gt;&gt;</a>&nbsp;&nbsp;&nbsp;UpdateNextTetriminoInPreviewArea
<LI><a href="#[120]">&gt;&gt;</a>&nbsp;&nbsp;&nbsp;UpdateCurrentTetriminoInGameZone
<LI><a href="#[11f]">&gt;&gt;</a>&nbsp;&nbsp;&nbsp;TransformKeyCodeToTetrisMove
<LI><a href="#[124]">&gt;&gt;</a>&nbsp;&nbsp;&nbsp;SwitchNextTetrimino
<LI><a href="#[123]">&gt;&gt;</a>&nbsp;&nbsp;&nbsp;SwitchCurrentTetrimino
<LI><a href="#[122]">&gt;&gt;</a>&nbsp;&nbsp;&nbsp;SaveCurrentTetriminoToGameZone
<LI><a href="#[11e]">&gt;&gt;</a>&nbsp;&nbsp;&nbsp;ReceiveKeyCodeFromSerialQueue
<LI><a href="#[119]">&gt;&gt;</a>&nbsp;&nbsp;&nbsp;InitTetrisForm
<LI><a href="#[11a]">&gt;&gt;</a>&nbsp;&nbsp;&nbsp;InitStartingTetriminos
<LI><a href="#[11b]">&gt;&gt;</a>&nbsp;&nbsp;&nbsp;InitKeyMsgQueue
<LI><a href="#[109]">&gt;&gt;</a>&nbsp;&nbsp;&nbsp;ClearFullRowsAndUpdateGameZone
<LI><a href="#[104]">&gt;&gt;</a>&nbsp;&nbsp;&nbsp;CheckIfNextMoveCollide
<LI><a href="#[11c]">&gt;&gt;</a>&nbsp;&nbsp;&nbsp;InitRenderInformer
<LI><a href="#[118]">&gt;&gt;</a>&nbsp;&nbsp;&nbsp;InitInterface
</UL>
<BR>[Called By]<UL><LI><a href="#[51]">&gt;&gt;</a>&nbsp;&nbsp;&nbsp;AppTaskGameRender
</UL>

<P><STRONG><a name="[1ca]"></a>FSMC_NORSRAMCmd</STRONG> (Thumb, 30 bytes, Stack size 0 bytes, stm32f10x_fsmc.o(i.FSMC_NORSRAMCmd))
<BR><BR>[Called By]<UL><LI><a href="#[1c8]">&gt;&gt;</a>&nbsp;&nbsp;&nbsp;ILI9341_FSMC_Config
</UL>

<P><STRONG><a name="[1c9]"></a>FSMC_NORSRAMInit</STRONG> (Thumb, 202 bytes, Stack size 8 bytes, stm32f10x_fsmc.o(i.FSMC_NORSRAMInit))
<BR><BR>[Stack]<UL><LI>Max Depth = 8<LI>Call Chain = FSMC_NORSRAMInit
</UL>
<BR>[Called By]<UL><LI><a href="#[1c8]">&gt;&gt;</a>&nbsp;&nbsp;&nbsp;ILI9341_FSMC_Config
</UL>

<P><STRONG><a name="[126]"></a>GL_SetDefault</STRONG> (Thumb, 58 bytes, Stack size 8 bytes, gui_setdefault.o(i.GL_SetDefault))
<BR><BR>[Stack]<UL><LI>Max Depth = 188 + Unknown Stack Size
<LI>Call Chain = GL_SetDefault &rArr; GUI_SetFont &rArr; GUI_Lock &rArr; GUI_X_Lock &rArr; OSSemPend &rArr; OS_Pend &rArr; OS_TaskBlock &rArr; OS_TickListInsert
</UL>
<BR>[Calls]<UL><LI><a href="#[110]">&gt;&gt;</a>&nbsp;&nbsp;&nbsp;GUI_SetColor
<LI><a href="#[113]">&gt;&gt;</a>&nbsp;&nbsp;&nbsp;GUI_SetFont
<LI><a href="#[127]">&gt;&gt;</a>&nbsp;&nbsp;&nbsp;GUI_SetBkColor
<LI><a href="#[129]">&gt;&gt;</a>&nbsp;&nbsp;&nbsp;GUI_SetTextAlign
<LI><a href="#[12a]">&gt;&gt;</a>&nbsp;&nbsp;&nbsp;GUI_SetTextMode
<LI><a href="#[128]">&gt;&gt;</a>&nbsp;&nbsp;&nbsp;GUI_SetPenSize
<LI><a href="#[12c]">&gt;&gt;</a>&nbsp;&nbsp;&nbsp;GUI_SetLineStyle
<LI><a href="#[12b]">&gt;&gt;</a>&nbsp;&nbsp;&nbsp;GUI_SetDrawMode
</UL>
<BR>[Called By]<UL><LI><a href="#[273]">&gt;&gt;</a>&nbsp;&nbsp;&nbsp;WM_SetDefault
</UL>

<P><STRONG><a name="[1cd]"></a>GPIO_Init</STRONG> (Thumb, 166 bytes, Stack size 24 bytes, stm32f10x_gpio.o(i.GPIO_Init))
<BR><BR>[Stack]<UL><LI>Max Depth = 24<LI>Call Chain = GPIO_Init
</UL>
<BR>[Called By]<UL><LI><a href="#[1cb]">&gt;&gt;</a>&nbsp;&nbsp;&nbsp;ILI9341_GPIO_Config
<LI><a href="#[fb]">&gt;&gt;</a>&nbsp;&nbsp;&nbsp;USART1_Config
<LI><a href="#[fa]">&gt;&gt;</a>&nbsp;&nbsp;&nbsp;LED_GPIO_Config
</UL>

<P><STRONG><a name="[ed]"></a>GPIO_ResetBits</STRONG> (Thumb, 4 bytes, Stack size 0 bytes, stm32f10x_gpio.o(i.GPIO_ResetBits))
<BR><BR>[Called By]<UL><LI><a href="#[51]">&gt;&gt;</a>&nbsp;&nbsp;&nbsp;AppTaskGameRender
<LI><a href="#[52]">&gt;&gt;</a>&nbsp;&nbsp;&nbsp;AppTaskGameLogic
<LI><a href="#[1cf]">&gt;&gt;</a>&nbsp;&nbsp;&nbsp;ILI9341_Rst
</UL>

<P><STRONG><a name="[1ce]"></a>GPIO_SetBits</STRONG> (Thumb, 4 bytes, Stack size 0 bytes, stm32f10x_gpio.o(i.GPIO_SetBits))
<BR><BR>[Called By]<UL><LI><a href="#[1cf]">&gt;&gt;</a>&nbsp;&nbsp;&nbsp;ILI9341_Rst
<LI><a href="#[1cb]">&gt;&gt;</a>&nbsp;&nbsp;&nbsp;ILI9341_GPIO_Config
<LI><a href="#[fa]">&gt;&gt;</a>&nbsp;&nbsp;&nbsp;LED_GPIO_Config
</UL>

<P><STRONG><a name="[12d]"></a>GUIDRV_FlexColor_Config</STRONG> (Thumb, 64 bytes, Stack size 16 bytes, guidrv_flexcolor.o(i.GUIDRV_FlexColor_Config))
<BR><BR>[Stack]<UL><LI>Max Depth = 284 + Unknown Stack Size
<LI>Call Chain = GUIDRV_FlexColor_Config &rArr; GUIDRV_FlexColor__InitOnce &rArr; GUI_ALLOC_GetFixedBlock &rArr; _InitOnce &rArr; _EnlargeBlocks &rArr; GUI_ALLOC_Free &rArr; GUI_Lock &rArr; GUI_X_Lock &rArr; OSSemPend &rArr; OS_Pend &rArr; OS_TaskBlock &rArr; OS_TickListInsert
</UL>
<BR>[Calls]<UL><LI><a href="#[12e]">&gt;&gt;</a>&nbsp;&nbsp;&nbsp;GUIDRV_FlexColor__InitOnce
</UL>
<BR>[Called By]<UL><LI><a href="#[1bc]">&gt;&gt;</a>&nbsp;&nbsp;&nbsp;LCD_X_Config
</UL>

<P><STRONG><a name="[12f]"></a>GUIDRV_FlexColor_SetFunc</STRONG> (Thumb, 50 bytes, Stack size 24 bytes, guidrv_flexcolor.o(i.GUIDRV_FlexColor_SetFunc))
<BR><BR>[Stack]<UL><LI>Max Depth = 292 + Unknown Stack Size
<LI>Call Chain = GUIDRV_FlexColor_SetFunc &rArr; GUIDRV_FlexColor__InitOnce &rArr; GUI_ALLOC_GetFixedBlock &rArr; _InitOnce &rArr; _EnlargeBlocks &rArr; GUI_ALLOC_Free &rArr; GUI_Lock &rArr; GUI_X_Lock &rArr; OSSemPend &rArr; OS_Pend &rArr; OS_TaskBlock &rArr; OS_TickListInsert
</UL>
<BR>[Calls]<UL><LI><a href="#[12e]">&gt;&gt;</a>&nbsp;&nbsp;&nbsp;GUIDRV_FlexColor__InitOnce
<LI><a href="#[130]">&gt;&gt;</a>&nbsp;&nbsp;&nbsp;__aeabi_memcpy4
</UL>
<BR>[Called By]<UL><LI><a href="#[1bc]">&gt;&gt;</a>&nbsp;&nbsp;&nbsp;LCD_X_Config
</UL>

<P><STRONG><a name="[6c]"></a>GUIDRV_FlexColor_SetFunc66709</STRONG> (Thumb, 66 bytes, Stack size 8 bytes, guidrv_flexcolor_func66709.o(i.GUIDRV_FlexColor_SetFunc66709))
<BR><BR>[Stack]<UL><LI>Max Depth = 276 + Unknown Stack Size
<LI>Call Chain = GUIDRV_FlexColor_SetFunc66709 &rArr; GUIDRV_FlexColor__InitOnce &rArr; GUI_ALLOC_GetFixedBlock &rArr; _InitOnce &rArr; _EnlargeBlocks &rArr; GUI_ALLOC_Free &rArr; GUI_Lock &rArr; GUI_X_Lock &rArr; OSSemPend &rArr; OS_Pend &rArr; OS_TaskBlock &rArr; OS_TickListInsert
</UL>
<BR>[Calls]<UL><LI><a href="#[12e]">&gt;&gt;</a>&nbsp;&nbsp;&nbsp;GUIDRV_FlexColor__InitOnce
</UL>
<BR>[Address Reference Count : 1]<UL><LI> lcdconf_flexcolor_template.o(i.LCD_X_Config)
</UL>
<P><STRONG><a name="[6b]"></a>GUIDRV_FlexColor_SetMode16bppC0B16</STRONG> (Thumb, 60 bytes, Stack size 8 bytes, guidrv_flexcolor_16bpp_c0b16.o(i.GUIDRV_FlexColor_SetMode16bppC0B16))
<BR><BR>[Stack]<UL><LI>Max Depth = 276 + Unknown Stack Size
<LI>Call Chain = GUIDRV_FlexColor_SetMode16bppC0B16 &rArr; GUIDRV_FlexColor__InitOnce &rArr; GUI_ALLOC_GetFixedBlock &rArr; _InitOnce &rArr; _EnlargeBlocks &rArr; GUI_ALLOC_Free &rArr; GUI_Lock &rArr; GUI_X_Lock &rArr; OSSemPend &rArr; OS_Pend &rArr; OS_TaskBlock &rArr; OS_TickListInsert
</UL>
<BR>[Calls]<UL><LI><a href="#[12e]">&gt;&gt;</a>&nbsp;&nbsp;&nbsp;GUIDRV_FlexColor__InitOnce
</UL>
<BR>[Address Reference Count : 1]<UL><LI> lcdconf_flexcolor_template.o(i.LCD_X_Config)
</UL>
<P><STRONG><a name="[5b]"></a>GUIDRV_FlexColor__GetPixelIndexNoCache</STRONG> (Thumb, 192 bytes, Stack size 24 bytes, guidrv_flexcolor.o(i.GUIDRV_FlexColor__GetPixelIndexNoCache))
<BR><BR>[Stack]<UL><LI>Max Depth = 24<LI>Call Chain = GUIDRV_FlexColor__GetPixelIndexNoCache
</UL>
<BR>[Address Reference Count : 1]<UL><LI> guidrv_flexcolor_16bpp_c0b16.o(i.GUIDRV_FlexColor_SetMode16bppC0B16)
</UL>
<P><STRONG><a name="[12e]"></a>GUIDRV_FlexColor__InitOnce</STRONG> (Thumb, 50 bytes, Stack size 16 bytes, guidrv_flexcolor.o(i.GUIDRV_FlexColor__InitOnce))
<BR><BR>[Stack]<UL><LI>Max Depth = 268 + Unknown Stack Size
<LI>Call Chain = GUIDRV_FlexColor__InitOnce &rArr; GUI_ALLOC_GetFixedBlock &rArr; _InitOnce &rArr; _EnlargeBlocks &rArr; GUI_ALLOC_Free &rArr; GUI_Lock &rArr; GUI_X_Lock &rArr; OSSemPend &rArr; OS_Pend &rArr; OS_TaskBlock &rArr; OS_TickListInsert
</UL>
<BR>[Calls]<UL><LI><a href="#[132]">&gt;&gt;</a>&nbsp;&nbsp;&nbsp;GUI__memset
<LI><a href="#[131]">&gt;&gt;</a>&nbsp;&nbsp;&nbsp;GUI_ALLOC_GetFixedBlock
</UL>
<BR>[Called By]<UL><LI><a href="#[6b]">&gt;&gt;</a>&nbsp;&nbsp;&nbsp;GUIDRV_FlexColor_SetMode16bppC0B16
<LI><a href="#[6c]">&gt;&gt;</a>&nbsp;&nbsp;&nbsp;GUIDRV_FlexColor_SetFunc66709
<LI><a href="#[12f]">&gt;&gt;</a>&nbsp;&nbsp;&nbsp;GUIDRV_FlexColor_SetFunc
<LI><a href="#[12d]">&gt;&gt;</a>&nbsp;&nbsp;&nbsp;GUIDRV_FlexColor_Config
<LI><a href="#[78]">&gt;&gt;</a>&nbsp;&nbsp;&nbsp;_SetDevFunc
<LI><a href="#[75]">&gt;&gt;</a>&nbsp;&nbsp;&nbsp;_GetDevFunc_SetVSize
<LI><a href="#[76]">&gt;&gt;</a>&nbsp;&nbsp;&nbsp;_GetDevFunc_SetSize
<LI><a href="#[77]">&gt;&gt;</a>&nbsp;&nbsp;&nbsp;_GetDevFunc_Init
</UL>

<P><STRONG><a name="[5f]"></a>GUIDRV_FlexColor__SetLog2Phys</STRONG> (Thumb, 52 bytes, Stack size 72 bytes, guidrv_flexcolor.o(i.GUIDRV_FlexColor__SetLog2Phys))
<BR><BR>[Stack]<UL><LI>Max Depth = 80<LI>Call Chain = GUIDRV_FlexColor__SetLog2Phys &rArr; __aeabi_memcpy4
</UL>
<BR>[Calls]<UL><LI><a href="#[130]">&gt;&gt;</a>&nbsp;&nbsp;&nbsp;__aeabi_memcpy4
</UL>
<BR>[Address Reference Count : 1]<UL><LI> guidrv_flexcolor.o(i.GUIDRV_FlexColor__InitOnce)
</UL>
<P><STRONG><a name="[5c]"></a>GUIDRV_FlexColor__SetPixelIndexNoCache</STRONG> (Thumb, 156 bytes, Stack size 32 bytes, guidrv_flexcolor.o(i.GUIDRV_FlexColor__SetPixelIndexNoCache))
<BR><BR>[Stack]<UL><LI>Max Depth = 32<LI>Call Chain = GUIDRV_FlexColor__SetPixelIndexNoCache
</UL>
<BR>[Address Reference Count : 1]<UL><LI> guidrv_flexcolor_16bpp_c0b16.o(i.GUIDRV_FlexColor_SetMode16bppC0B16)
</UL>
<P><STRONG><a name="[b6]"></a>GUIMONO_DispChar</STRONG> (Thumb, 304 bytes, Stack size 104 bytes, gui_charm.o(i.GUIMONO_DispChar))
<BR><BR>[Stack]<UL><LI>Max Depth = 208<LI>Call Chain = GUIMONO_DispChar &rArr; LCD_DrawBitmap &rArr; LCD_FillRect
</UL>
<BR>[Calls]<UL><LI><a href="#[133]">&gt;&gt;</a>&nbsp;&nbsp;&nbsp;LCD_SetDrawMode
<LI><a href="#[135]">&gt;&gt;</a>&nbsp;&nbsp;&nbsp;LCD_FillRect
<LI><a href="#[134]">&gt;&gt;</a>&nbsp;&nbsp;&nbsp;LCD_DrawBitmap
</UL>
<BR>[Address Reference Count : 1]<UL><LI> f6x8.o(.constdata)
</UL>
<P><STRONG><a name="[b7]"></a>GUIMONO_GetCharDistX</STRONG> (Thumb, 18 bytes, Stack size 0 bytes, gui_charm.o(i.GUIMONO_GetCharDistX))
<BR>[Address Reference Count : 1]<UL><LI> f6x8.o(.constdata)
</UL>
<P><STRONG><a name="[b8]"></a>GUIMONO_GetFontInfo</STRONG> (Thumb, 6 bytes, Stack size 0 bytes, gui_charm.o(i.GUIMONO_GetFontInfo))
<BR>[Address Reference Count : 1]<UL><LI> f6x8.o(.constdata)
</UL>
<P><STRONG><a name="[b9]"></a>GUIMONO_IsInFont</STRONG> (Thumb, 56 bytes, Stack size 0 bytes, gui_charm.o(i.GUIMONO_IsInFont))
<BR>[Address Reference Count : 1]<UL><LI> f6x8.o(.constdata)
</UL>
<P><STRONG><a name="[b2]"></a>GUIPROP_DispChar</STRONG> (Thumb, 194 bytes, Stack size 56 bytes, gui_charp.o(i.GUIPROP_DispChar))
<BR><BR>[Stack]<UL><LI>Max Depth = 228 + Unknown Stack Size
<LI>Call Chain = GUIPROP_DispChar &rArr; GUI_SetColor &rArr; GUI_Lock &rArr; GUI_X_Lock &rArr; OSSemPend &rArr; OS_Pend &rArr; OS_TaskBlock &rArr; OS_TickListInsert
</UL>
<BR>[Calls]<UL><LI><a href="#[110]">&gt;&gt;</a>&nbsp;&nbsp;&nbsp;GUI_SetColor
<LI><a href="#[133]">&gt;&gt;</a>&nbsp;&nbsp;&nbsp;LCD_SetDrawMode
<LI><a href="#[135]">&gt;&gt;</a>&nbsp;&nbsp;&nbsp;LCD_FillRect
<LI><a href="#[137]">&gt;&gt;</a>&nbsp;&nbsp;&nbsp;GUI_GetColor
<LI><a href="#[138]">&gt;&gt;</a>&nbsp;&nbsp;&nbsp;GUI_GetBkColor
<LI><a href="#[136]">&gt;&gt;</a>&nbsp;&nbsp;&nbsp;GUIPROP__FindChar
<LI><a href="#[134]">&gt;&gt;</a>&nbsp;&nbsp;&nbsp;LCD_DrawBitmap
</UL>
<BR>[Address Reference Count : 2]<UL><LI> f10_ascii.o(.constdata)
<LI> f13b_ascii.o(.constdata)
</UL>
<P><STRONG><a name="[b3]"></a>GUIPROP_GetCharDistX</STRONG> (Thumb, 60 bytes, Stack size 12 bytes, gui_charp.o(i.GUIPROP_GetCharDistX))
<BR><BR>[Stack]<UL><LI>Max Depth = 12<LI>Call Chain = GUIPROP_GetCharDistX
</UL>
<BR>[Calls]<UL><LI><a href="#[136]">&gt;&gt;</a>&nbsp;&nbsp;&nbsp;GUIPROP__FindChar
</UL>
<BR>[Address Reference Count : 2]<UL><LI> f10_ascii.o(.constdata)
<LI> f13b_ascii.o(.constdata)
</UL>
<P><STRONG><a name="[b4]"></a>GUIPROP_GetFontInfo</STRONG> (Thumb, 6 bytes, Stack size 0 bytes, gui_charp.o(i.GUIPROP_GetFontInfo))
<BR>[Address Reference Count : 2]<UL><LI> f10_ascii.o(.constdata)
<LI> f13b_ascii.o(.constdata)
</UL>
<P><STRONG><a name="[b5]"></a>GUIPROP_IsInFont</STRONG> (Thumb, 16 bytes, Stack size 4 bytes, gui_charp.o(i.GUIPROP_IsInFont))
<BR><BR>[Stack]<UL><LI>Max Depth = 4<LI>Call Chain = GUIPROP_IsInFont
</UL>
<BR>[Calls]<UL><LI><a href="#[136]">&gt;&gt;</a>&nbsp;&nbsp;&nbsp;GUIPROP__FindChar
</UL>
<BR>[Address Reference Count : 2]<UL><LI> f10_ascii.o(.constdata)
<LI> f13b_ascii.o(.constdata)
</UL>
<P><STRONG><a name="[136]"></a>GUIPROP__FindChar</STRONG> (Thumb, 22 bytes, Stack size 0 bytes, gui_charp.o(i.GUIPROP__FindChar))
<BR><BR>[Called By]<UL><LI><a href="#[b5]">&gt;&gt;</a>&nbsp;&nbsp;&nbsp;GUIPROP_IsInFont
<LI><a href="#[b3]">&gt;&gt;</a>&nbsp;&nbsp;&nbsp;GUIPROP_GetCharDistX
<LI><a href="#[b2]">&gt;&gt;</a>&nbsp;&nbsp;&nbsp;GUIPROP_DispChar
</UL>

<P><STRONG><a name="[139]"></a>GUITASK_CopyContext</STRONG> (Thumb, 62 bytes, Stack size 16 bytes, gui_task.o(i.GUITASK_CopyContext))
<BR><BR>[Stack]<UL><LI>Max Depth = 24<LI>Call Chain = GUITASK_CopyContext &rArr; __aeabi_memcpy4
</UL>
<BR>[Calls]<UL><LI><a href="#[130]">&gt;&gt;</a>&nbsp;&nbsp;&nbsp;__aeabi_memcpy4
</UL>
<BR>[Called By]<UL><LI><a href="#[fe]">&gt;&gt;</a>&nbsp;&nbsp;&nbsp;GUI_Init
</UL>

<P><STRONG><a name="[13a]"></a>GUITASK_Init</STRONG> (Thumb, 52 bytes, Stack size 16 bytes, gui_task.o(i.GUITASK_Init))
<BR><BR>[Stack]<UL><LI>Max Depth = 268 + Unknown Stack Size
<LI>Call Chain = GUITASK_Init &rArr; GUI_ALLOC_GetFixedBlock &rArr; _InitOnce &rArr; _EnlargeBlocks &rArr; GUI_ALLOC_Free &rArr; GUI_Lock &rArr; GUI_X_Lock &rArr; OSSemPend &rArr; OS_Pend &rArr; OS_TaskBlock &rArr; OS_TickListInsert
</UL>
<BR>[Calls]<UL><LI><a href="#[132]">&gt;&gt;</a>&nbsp;&nbsp;&nbsp;GUI__memset
<LI><a href="#[13b]">&gt;&gt;</a>&nbsp;&nbsp;&nbsp;GUI__RegisterExit
<LI><a href="#[131]">&gt;&gt;</a>&nbsp;&nbsp;&nbsp;GUI_ALLOC_GetFixedBlock
<LI><a href="#[13c]">&gt;&gt;</a>&nbsp;&nbsp;&nbsp;GUI_X_InitOS
</UL>
<BR>[Called By]<UL><LI><a href="#[fe]">&gt;&gt;</a>&nbsp;&nbsp;&nbsp;GUI_Init
</UL>

<P><STRONG><a name="[13d]"></a>GUI_ALLOC_AllocNoInit</STRONG> (Thumb, 30 bytes, Stack size 8 bytes, gui_alloc.o(i.GUI_ALLOC_AllocNoInit))
<BR><BR>[Stack]<UL><LI>Max Depth = 172 + Unknown Stack Size
[...]
<BR><BR>[Called By]<UL><LI><a href="#[19e]">&gt;&gt;</a>&nbsp;&nbsp;&nbsp;_IncReadPointer
</UL>

<P><STRONG><a name="[19e]"></a>_IncReadPointer</STRONG> (Thumb, 6 bytes, Stack size 0 bytes, gui_onkey.o(i._IncReadPointer))
<BR><BR>[Calls]<UL><LI><a href="#[2a1]">&gt;&gt;</a>&nbsp;&nbsp;&nbsp;_IncPointer
</UL>
<BR>[Called By]<UL><LI><a href="#[19d]">&gt;&gt;</a>&nbsp;&nbsp;&nbsp;GUI_PollKeyMsg
</UL>

<P><STRONG><a name="[cd]"></a>_Color2Index_0</STRONG> (Thumb, 84 bytes, Stack size 32 bytes, guicc_0.o(i._Color2Index_0))
<BR><BR>[Stack]<UL><LI>Max Depth = 48<LI>Call Chain = _Color2Index_0 &rArr; LCD_GetNumColors &rArr; _GetDevProp
</UL>
<BR>[Calls]<UL><LI><a href="#[1db]">&gt;&gt;</a>&nbsp;&nbsp;&nbsp;LCD_GetPalette
<LI><a href="#[1d8]">&gt;&gt;</a>&nbsp;&nbsp;&nbsp;LCD_GetNumColors
<LI><a href="#[288]">&gt;&gt;</a>&nbsp;&nbsp;&nbsp;GUI_CalcColorDist
</UL>
<BR>[Address Reference Count : 1]<UL><LI> guicc_0.o(.constdata)
</UL>
<P><STRONG><a name="[cf]"></a>_GetIndexMask_0</STRONG> (Thumb, 82 bytes, Stack size 8 bytes, guicc_0.o(i._GetIndexMask_0))
<BR><BR>[Stack]<UL><LI>Max Depth = 24<LI>Call Chain = _GetIndexMask_0 &rArr; LCD_GetNumColors &rArr; _GetDevProp
</UL>
<BR>[Calls]<UL><LI><a href="#[1d8]">&gt;&gt;</a>&nbsp;&nbsp;&nbsp;LCD_GetNumColors
</UL>
<BR>[Address Reference Count : 1]<UL><LI> guicc_0.o(.constdata)
</UL>
<P><STRONG><a name="[ce]"></a>_Index2Color_0</STRONG> (Thumb, 32 bytes, Stack size 16 bytes, guicc_0.o(i._Index2Color_0))
<BR><BR>[Stack]<UL><LI>Max Depth = 32<LI>Call Chain = _Index2Color_0 &rArr; LCD_GetNumColors &rArr; _GetDevProp
</UL>
<BR>[Calls]<UL><LI><a href="#[1db]">&gt;&gt;</a>&nbsp;&nbsp;&nbsp;LCD_GetPalette
<LI><a href="#[1d8]">&gt;&gt;</a>&nbsp;&nbsp;&nbsp;LCD_GetNumColors
</UL>
<BR>[Address Reference Count : 1]<UL><LI> guicc_0.o(.constdata)
</UL>
<P><STRONG><a name="[1d7]"></a>_GetDevProp</STRONG> (Thumb, 30 bytes, Stack size 16 bytes, lcd_getex.o(i._GetDevProp))
<BR><BR>[Stack]<UL><LI>Max Depth = 16<LI>Call Chain = _GetDevProp
</UL>
<BR>[Calls]<UL><LI><a href="#[181]">&gt;&gt;</a>&nbsp;&nbsp;&nbsp;GUI_DEVICE__GetpDriver
</UL>
<BR>[Called By]<UL><LI><a href="#[1df]">&gt;&gt;</a>&nbsp;&nbsp;&nbsp;LCD_GetYSize
<LI><a href="#[1de]">&gt;&gt;</a>&nbsp;&nbsp;&nbsp;LCD_GetXSize
<LI><a href="#[189]">&gt;&gt;</a>&nbsp;&nbsp;&nbsp;LCD_GetVYSizeEx
<LI><a href="#[187]">&gt;&gt;</a>&nbsp;&nbsp;&nbsp;LCD_GetVXSizeEx
<LI><a href="#[1dd]">&gt;&gt;</a>&nbsp;&nbsp;&nbsp;_GetMaxValue
<LI><a href="#[1d8]">&gt;&gt;</a>&nbsp;&nbsp;&nbsp;LCD_GetNumColors
<LI><a href="#[1d9]">&gt;&gt;</a>&nbsp;&nbsp;&nbsp;LCD_GetNumColorsEx
<LI><a href="#[1d6]">&gt;&gt;</a>&nbsp;&nbsp;&nbsp;LCD_GetBitsPerPixelEx
</UL>

<P><STRONG><a name="[1dd]"></a>_GetMaxValue</STRONG> (Thumb, 30 bytes, Stack size 16 bytes, lcd_getex.o(i._GetMaxValue))
<BR><BR>[Stack]<UL><LI>Max Depth = 32<LI>Call Chain = _GetMaxValue &rArr; _GetDevProp
</UL>
<BR>[Calls]<UL><LI><a href="#[1d7]">&gt;&gt;</a>&nbsp;&nbsp;&nbsp;_GetDevProp
</UL>
<BR>[Called By]<UL><LI><a href="#[1c1]">&gt;&gt;</a>&nbsp;&nbsp;&nbsp;LCD_GetVXSizeMax
</UL>

<P><STRONG><a name="[188]"></a>_Min</STRONG> (Thumb, 8 bytes, Stack size 0 bytes, guidev_banding.o(i._Min))
<BR><BR>[Called By]<UL><LI><a href="#[186]">&gt;&gt;</a>&nbsp;&nbsp;&nbsp;GUI_MEMDEV_Draw
</UL>

<P><STRONG><a name="[190]"></a>_CreateStaticDevice</STRONG> (Thumb, 276 bytes, Stack size 48 bytes, guidev_staticdevices.o(i._CreateStaticDevice))
<BR><BR>[Stack]<UL><LI>Max Depth = 644 + Unknown Stack Size
<LI>Call Chain = _CreateStaticDevice &rArr; WM_SetSize &rArr; WM_ResizeWindow &rArr; WM__UpdateChildPositions &rArr;  WM_ResizeWindow (Cycle)
</UL>
<BR>[Calls]<UL><LI><a href="#[28b]">&gt;&gt;</a>&nbsp;&nbsp;&nbsp;WM_GetDesktopWindow
<LI><a href="#[132]">&gt;&gt;</a>&nbsp;&nbsp;&nbsp;GUI__memset
<LI><a href="#[143]">&gt;&gt;</a>&nbsp;&nbsp;&nbsp;GUI_ALLOC_UnlockH
<LI><a href="#[142]">&gt;&gt;</a>&nbsp;&nbsp;&nbsp;GUI_ALLOC_LockH
<LI><a href="#[274]">&gt;&gt;</a>&nbsp;&nbsp;&nbsp;WM_SetSize
<LI><a href="#[1ba]">&gt;&gt;</a>&nbsp;&nbsp;&nbsp;GUI__AlphaSuppressMixing
<LI><a href="#[18f]">&gt;&gt;</a>&nbsp;&nbsp;&nbsp;GUI_MEMDEV_GetDataPtr
<LI><a href="#[18c]">&gt;&gt;</a>&nbsp;&nbsp;&nbsp;GUI_MEMDEV_SetOrg
<LI><a href="#[182]">&gt;&gt;</a>&nbsp;&nbsp;&nbsp;GUI_MEMDEV__CreateFixed
<LI><a href="#[17f]">&gt;&gt;</a>&nbsp;&nbsp;&nbsp;GUI_MEMDEV_Select
<LI><a href="#[1df]">&gt;&gt;</a>&nbsp;&nbsp;&nbsp;LCD_GetYSize
<LI><a href="#[1de]">&gt;&gt;</a>&nbsp;&nbsp;&nbsp;LCD_GetXSize
<LI><a href="#[7f]">&gt;&gt;</a>&nbsp;&nbsp;&nbsp;WM__Paint1
</UL>
<BR>[Called By]<UL><LI><a href="#[7e]">&gt;&gt;</a>&nbsp;&nbsp;&nbsp;GUI_MEMDEV_Paint1Static
</UL>

<P><STRONG><a name="[289]"></a>_Convert16</STRONG> (Thumb, 62 bytes, Stack size 40 bytes, guidev_writetoactiveopaque.o(i._Convert16))
<BR><BR>[Stack]<UL><LI>Max Depth = 48<LI>Call Chain = _Convert16 &rArr; GUI__CompactPixelIndices
</UL>
<BR>[Calls]<UL><LI><a href="#[28a]">&gt;&gt;</a>&nbsp;&nbsp;&nbsp;GUI__CompactPixelIndices
</UL>
<BR>[Called By]<UL><LI><a href="#[19b]">&gt;&gt;</a>&nbsp;&nbsp;&nbsp;_WriteToActiveOpaque_8
</UL>

<P><STRONG><a name="[19b]"></a>_WriteToActiveOpaque_8</STRONG> (Thumb, 806 bytes, Stack size 160 bytes, guidev_writetoactiveopaque.o(i._WriteToActiveOpaque_8))
<BR><BR>[Stack]<UL><LI>Max Depth = 340 + Unknown Stack Size
<LI>Call Chain = _WriteToActiveOpaque_8 &rArr; GUI_MEMDEV_GetDataPtr &rArr; GUI_Lock &rArr; GUI_X_Lock &rArr; OSSemPend &rArr; OS_Pend &rArr; OS_TaskBlock &rArr; OS_TickListInsert
</UL>
<BR>[Calls]<UL><LI><a href="#[143]">&gt;&gt;</a>&nbsp;&nbsp;&nbsp;GUI_ALLOC_UnlockH
<LI><a href="#[142]">&gt;&gt;</a>&nbsp;&nbsp;&nbsp;GUI_ALLOC_LockH
<LI><a href="#[144]">&gt;&gt;</a>&nbsp;&nbsp;&nbsp;GUI_ALLOC_Free
<LI><a href="#[13d]">&gt;&gt;</a>&nbsp;&nbsp;&nbsp;GUI_ALLOC_AllocNoInit
<LI><a href="#[289]">&gt;&gt;</a>&nbsp;&nbsp;&nbsp;_Convert16
<LI><a href="#[18f]">&gt;&gt;</a>&nbsp;&nbsp;&nbsp;GUI_MEMDEV_GetDataPtr
<LI><a href="#[1bf]">&gt;&gt;</a>&nbsp;&nbsp;&nbsp;GUI_GetpfIndex2ColorEx
<LI><a href="#[2a7]">&gt;&gt;</a>&nbsp;&nbsp;&nbsp;GUI_GetpfColor2IndexEx
<LI><a href="#[1be]">&gt;&gt;</a>&nbsp;&nbsp;&nbsp;GUI_GetBitsPerPixelEx
<LI><a href="#[1ec]">&gt;&gt;</a>&nbsp;&nbsp;&nbsp;LCD__DrawBitmap_1bpp
<LI><a href="#[134]">&gt;&gt;</a>&nbsp;&nbsp;&nbsp;LCD_DrawBitmap
</UL>
<BR>[Called By]<UL><LI><a href="#[7a]">&gt;&gt;</a>&nbsp;&nbsp;&nbsp;GUI_MEMDEV__WriteToActiveOpaque
</UL>

<P><STRONG><a name="[19c]"></a>_WriteToActiveOpaque_HT</STRONG> (Thumb, 752 bytes, Stack size 104 bytes, guidev_writetoactiveopaque.o(i._WriteToActiveOpaque_HT))
<BR><BR>[Stack]<UL><LI>Max Depth = 276 + Unknown Stack Size
<LI>Call Chain = _WriteToActiveOpaque_HT &rArr; GUI_ALLOC_Free &rArr; GUI_Lock &rArr; GUI_X_Lock &rArr; OSSemPend &rArr; OS_Pend &rArr; OS_TaskBlock &rArr; OS_TickListInsert
</UL>
<BR>[Calls]<UL><LI><a href="#[143]">&gt;&gt;</a>&nbsp;&nbsp;&nbsp;GUI_ALLOC_UnlockH
<LI><a href="#[142]">&gt;&gt;</a>&nbsp;&nbsp;&nbsp;GUI_ALLOC_LockH
<LI><a href="#[144]">&gt;&gt;</a>&nbsp;&nbsp;&nbsp;GUI_ALLOC_Free
<LI><a href="#[13d]">&gt;&gt;</a>&nbsp;&nbsp;&nbsp;GUI_ALLOC_AllocNoInit
<LI><a href="#[1be]">&gt;&gt;</a>&nbsp;&nbsp;&nbsp;GUI_GetBitsPerPixelEx
<LI><a href="#[134]">&gt;&gt;</a>&nbsp;&nbsp;&nbsp;LCD_DrawBitmap
</UL>
<BR>[Called By]<UL><LI><a href="#[7a]">&gt;&gt;</a>&nbsp;&nbsp;&nbsp;GUI_MEMDEV__WriteToActiveOpaque
</UL>

<P><STRONG><a name="[64]"></a>_OnExit</STRONG> (Thumb, 36 bytes, Stack size 8 bytes, gui__alpha.o(i._OnExit))
<BR><BR>[Stack]<UL><LI>Max Depth = 8<LI>Call Chain = _OnExit
</UL>
<BR>[Calls]<UL><LI><a href="#[155]">&gt;&gt;</a>&nbsp;&nbsp;&nbsp;GUI_ALLOC_FreeFixedBlock
</UL>
<BR>[Address Reference Count : 1]<UL><LI> gui__alpha.o(i.GUI__GetAlphaBuffer)
</UL>
<P><STRONG><a name="[1aa]"></a>_RemoveFromLinList</STRONG> (Thumb, 86 bytes, Stack size 24 bytes, gui_timer.o(i._RemoveFromLinList))
<BR><BR>[Stack]<UL><LI>Max Depth = 24<LI>Call Chain = _RemoveFromLinList
</UL>
<BR>[Calls]<UL><LI><a href="#[143]">&gt;&gt;</a>&nbsp;&nbsp;&nbsp;GUI_ALLOC_UnlockH
<LI><a href="#[142]">&gt;&gt;</a>&nbsp;&nbsp;&nbsp;GUI_ALLOC_LockH
</UL>
<BR>[Called By]<UL><LI><a href="#[1a9]">&gt;&gt;</a>&nbsp;&nbsp;&nbsp;GUI_TIMER_Delete
</UL>

<P><STRONG><a name="[1ab]"></a>_Unlink</STRONG> (Thumb, 74 bytes, Stack size 24 bytes, gui_timer.o(i._Unlink))
<BR><BR>[Stack]<UL><LI>Max Depth = 24<LI>Call Chain = _Unlink
</UL>
<BR>[Calls]<UL><LI><a href="#[143]">&gt;&gt;</a>&nbsp;&nbsp;&nbsp;GUI_ALLOC_UnlockH
<LI><a href="#[142]">&gt;&gt;</a>&nbsp;&nbsp;&nbsp;GUI_ALLOC_LockH
</UL>
<BR>[Called By]<UL><LI><a href="#[1a9]">&gt;&gt;</a>&nbsp;&nbsp;&nbsp;GUI_TIMER_Delete
</UL>

<P><STRONG><a name="[d2]"></a>_Color2IndexBulk</STRONG> (Thumb, 14 bytes, Stack size 8 bytes, guicc_8888.o(i._Color2IndexBulk))
<BR><BR>[Stack]<UL><LI>Max Depth = 8<LI>Call Chain = _Color2IndexBulk
</UL>
<BR>[Address Reference Count : 1]<UL><LI> guicc_8888.o(.constdata)
</UL>
<P><STRONG><a name="[d0]"></a>_Color2Index_8888</STRONG> (Thumb, 2 bytes, Stack size 0 bytes, guicc_8888.o(i._Color2Index_8888))
<BR>[Address Reference Count : 1]<UL><LI> guicc_8888.o(.constdata)
</UL>
<P><STRONG><a name="[d1]"></a>_GetIndexMask_8888</STRONG> (Thumb, 6 bytes, Stack size 0 bytes, guicc_8888.o(i._GetIndexMask_8888))
<BR>[Address Reference Count : 1]<UL><LI> guicc_8888.o(.constdata)
</UL>
<P><STRONG><a name="[d3]"></a>_Index2ColorBulk</STRONG> (Thumb, 14 bytes, Stack size 8 bytes, guicc_8888.o(i._Index2ColorBulk))
<BR><BR>[Stack]<UL><LI>Max Depth = 8<LI>Call Chain = _Index2ColorBulk
</UL>
<BR>[Address Reference Count : 1]<UL><LI> guicc_8888.o(.constdata)
</UL>
<P><STRONG><a name="[299]"></a>_DrawBitLine1BPP</STRONG> (Thumb, 268 bytes, Stack size 56 bytes, guidev_32.o(i._DrawBitLine1BPP))
<BR><BR>[Stack]<UL><LI>Max Depth = 56<LI>Call Chain = _DrawBitLine1BPP
</UL>
<BR>[Called By]<UL><LI><a href="#[d4]">&gt;&gt;</a>&nbsp;&nbsp;&nbsp;_DrawBitmap
</UL>

<P><STRONG><a name="[29a]"></a>_DrawBitLine2BPP</STRONG> (Thumb, 218 bytes, Stack size 56 bytes, guidev_32.o(i._DrawBitLine2BPP))
<BR><BR>[Stack]<UL><LI>Max Depth = 56<LI>Call Chain = _DrawBitLine2BPP
</UL>
<BR>[Called By]<UL><LI><a href="#[d4]">&gt;&gt;</a>&nbsp;&nbsp;&nbsp;_DrawBitmap
</UL>

<P><STRONG><a name="[28d]"></a>_DrawBitLine32BPP_DDB</STRONG> (Thumb, 136 bytes, Stack size 32 bytes, guidev_32.o(i._DrawBitLine32BPP_DDB))
<BR><BR>[Stack]<UL><LI>Max Depth = 48<LI>Call Chain = _DrawBitLine32BPP_DDB &rArr; GUI__MixColors
</UL>
<BR>[Calls]<UL><LI><a href="#[5]">&gt;&gt;</a>&nbsp;&nbsp;&nbsp;GUI__MixColors
<LI><a href="#[130]">&gt;&gt;</a>&nbsp;&nbsp;&nbsp;__aeabi_memcpy4
</UL>
<BR>[Called By]<UL><LI><a href="#[d4]">&gt;&gt;</a>&nbsp;&nbsp;&nbsp;_DrawBitmap
</UL>

<P><STRONG><a name="[29b]"></a>_DrawBitLine4BPP</STRONG> (Thumb, 338 bytes, Stack size 40 bytes, guidev_32.o(i._DrawBitLine4BPP))
<BR><BR>[Stack]<UL><LI>Max Depth = 40<LI>Call Chain = _DrawBitLine4BPP
</UL>
<BR>[Called By]<UL><LI><a href="#[d4]">&gt;&gt;</a>&nbsp;&nbsp;&nbsp;_DrawBitmap
</UL>

<P><STRONG><a name="[d4]"></a>_DrawBitmap</STRONG> (Thumb, 652 bytes, Stack size 112 bytes, guidev_32.o(i._DrawBitmap))
<BR><BR>[Stack]<UL><LI>Max Depth = 168<LI>Call Chain = _DrawBitmap &rArr; _DrawBitLine2BPP
</UL>
<BR>[Calls]<UL><LI><a href="#[143]">&gt;&gt;</a>&nbsp;&nbsp;&nbsp;GUI_ALLOC_UnlockH
<LI><a href="#[142]">&gt;&gt;</a>&nbsp;&nbsp;&nbsp;GUI_ALLOC_LockH
<LI><a href="#[292]">&gt;&gt;</a>&nbsp;&nbsp;&nbsp;GUI_USAGE_AddRect
<LI><a href="#[294]">&gt;&gt;</a>&nbsp;&nbsp;&nbsp;__aeabi_memcpy
<LI><a href="#[298]">&gt;&gt;</a>&nbsp;&nbsp;&nbsp;_XY2PTR
<LI><a href="#[29b]">&gt;&gt;</a>&nbsp;&nbsp;&nbsp;_DrawBitLine4BPP
<LI><a href="#[28d]">&gt;&gt;</a>&nbsp;&nbsp;&nbsp;_DrawBitLine32BPP_DDB
<LI><a href="#[29a]">&gt;&gt;</a>&nbsp;&nbsp;&nbsp;_DrawBitLine2BPP
<LI><a href="#[299]">&gt;&gt;</a>&nbsp;&nbsp;&nbsp;_DrawBitLine1BPP
</UL>
<BR>[Address Reference Count : 1]<UL><LI> guidev_32.o(.constdata)
</UL>
<P><STRONG><a name="[d5]"></a>_DrawHLine</STRONG> (Thumb, 10 bytes, Stack size 8 bytes, guidev_32.o(i._DrawHLine))
<BR><BR>[Stack]<UL><LI>Max Depth = 80<LI>Call Chain = _DrawHLine &rArr; _FillRect &rArr; GUI_USAGE_AddRect
</UL>
<BR>[Calls]<UL><LI><a href="#[d7]">&gt;&gt;</a>&nbsp;&nbsp;&nbsp;_FillRect
</UL>
<BR>[Address Reference Count : 1]<UL><LI> guidev_32.o(.constdata)
</UL>
<P><STRONG><a name="[d6]"></a>_DrawVLine</STRONG> (Thumb, 166 bytes, Stack size 40 bytes, guidev_32.o(i._DrawVLine))
<BR><BR>[Stack]<UL><LI>Max Depth = 56<LI>Call Chain = _DrawVLine &rArr; _XY2PTR
</UL>
<BR>[Calls]<UL><LI><a href="#[143]">&gt;&gt;</a>&nbsp;&nbsp;&nbsp;GUI_ALLOC_UnlockH
<LI><a href="#[142]">&gt;&gt;</a>&nbsp;&nbsp;&nbsp;GUI_ALLOC_LockH
<LI><a href="#[298]">&gt;&gt;</a>&nbsp;&nbsp;&nbsp;_XY2PTR
</UL>
<BR>[Address Reference Count : 1]<UL><LI> guidev_32.o(.constdata)
</UL>
<P><STRONG><a name="[d7]"></a>_FillRect</STRONG> (Thumb, 160 bytes, Stack size 48 bytes, guidev_32.o(i._FillRect))
<BR><BR>[Stack]<UL><LI>Max Depth = 72<LI>Call Chain = _FillRect &rArr; GUI_USAGE_AddRect
</UL>
<BR>[Calls]<UL><LI><a href="#[143]">&gt;&gt;</a>&nbsp;&nbsp;&nbsp;GUI_ALLOC_UnlockH
<LI><a href="#[142]">&gt;&gt;</a>&nbsp;&nbsp;&nbsp;GUI_ALLOC_LockH
<LI><a href="#[292]">&gt;&gt;</a>&nbsp;&nbsp;&nbsp;GUI_USAGE_AddRect
<LI><a href="#[298]">&gt;&gt;</a>&nbsp;&nbsp;&nbsp;_XY2PTR
</UL>
<BR>[Called By]<UL><LI><a href="#[d5]">&gt;&gt;</a>&nbsp;&nbsp;&nbsp;_DrawHLine
</UL>
<BR>[Address Reference Count : 1]<UL><LI> guidev_32.o(.constdata)
</UL>
<P><STRONG><a name="[de]"></a>_GetDevData</STRONG> (Thumb, 12 bytes, Stack size 0 bytes, guidev_32.o(i._GetDevData))
<BR>[Address Reference Count : 1]<UL><LI> guidev_32.o(.constdata)
</UL>
<P><STRONG><a name="[dc]"></a>_GetDevFunc</STRONG> (Thumb, 12 bytes, Stack size 0 bytes, guidev_32.o(i._GetDevFunc))
<BR>[Address Reference Count : 1]<UL><LI> guidev_32.o(.constdata)
</UL>
<P><STRONG><a name="[dd]"></a>_GetDevProp</STRONG> (Thumb, 12 bytes, Stack size 0 bytes, guidev_32.o(i._GetDevProp))
<BR>[Address Reference Count : 1]<UL><LI> guidev_32.o(.constdata)
</UL>
<P><STRONG><a name="[d8]"></a>_GetPixelIndex</STRONG> (Thumb, 14 bytes, Stack size 8 bytes, guidev_32.o(i._GetPixelIndex))
<BR><BR>[Stack]<UL><LI>Max Depth = 24<LI>Call Chain = _GetPixelIndex &rArr; _XY2PTR
</UL>
<BR>[Calls]<UL><LI><a href="#[298]">&gt;&gt;</a>&nbsp;&nbsp;&nbsp;_XY2PTR
</UL>
<BR>[Address Reference Count : 1]<UL><LI> guidev_32.o(.constdata)
</UL>
<P><STRONG><a name="[df]"></a>_GetRect</STRONG> (Thumb, 48 bytes, Stack size 16 bytes, guidev_32.o(i._GetRect))
<BR><BR>[Stack]<UL><LI>Max Depth = 16<LI>Call Chain = _GetRect
</UL>
<BR>[Calls]<UL><LI><a href="#[143]">&gt;&gt;</a>&nbsp;&nbsp;&nbsp;GUI_ALLOC_UnlockH
<LI><a href="#[142]">&gt;&gt;</a>&nbsp;&nbsp;&nbsp;GUI_ALLOC_LockH
</UL>
<BR>[Address Reference Count : 1]<UL><LI> guidev_32.o(.constdata)
</UL>
<P><STRONG><a name="[db]"></a>_SetOrg</STRONG> (Thumb, 8 bytes, Stack size 0 bytes, guidev_32.o(i._SetOrg))
<BR>[Address Reference Count : 1]<UL><LI> guidev_32.o(.constdata)
</UL>
<P><STRONG><a name="[d9]"></a>_SetPixelIndex</STRONG> (Thumb, 66 bytes, Stack size 24 bytes, guidev_32.o(i._SetPixelIndex))
<BR><BR>[Stack]<UL><LI>Max Depth = 40<LI>Call Chain = _SetPixelIndex &rArr; _XY2PTR
</UL>
<BR>[Calls]<UL><LI><a href="#[143]">&gt;&gt;</a>&nbsp;&nbsp;&nbsp;GUI_ALLOC_UnlockH
<LI><a href="#[142]">&gt;&gt;</a>&nbsp;&nbsp;&nbsp;GUI_ALLOC_LockH
<LI><a href="#[298]">&gt;&gt;</a>&nbsp;&nbsp;&nbsp;_XY2PTR
</UL>
<BR>[Address Reference Count : 1]<UL><LI> guidev_32.o(.constdata)
</UL>
<P><STRONG><a name="[298]"></a>_XY2PTR</STRONG> (Thumb, 56 bytes, Stack size 16 bytes, guidev_32.o(i._XY2PTR))
<BR><BR>[Stack]<UL><LI>Max Depth = 16<LI>Call Chain = _XY2PTR
</UL>
<BR>[Calls]<UL><LI><a href="#[143]">&gt;&gt;</a>&nbsp;&nbsp;&nbsp;GUI_ALLOC_UnlockH
<LI><a href="#[142]">&gt;&gt;</a>&nbsp;&nbsp;&nbsp;GUI_ALLOC_LockH
</UL>
<BR>[Called By]<UL><LI><a href="#[da]">&gt;&gt;</a>&nbsp;&nbsp;&nbsp;_XorPixel
<LI><a href="#[d9]">&gt;&gt;</a>&nbsp;&nbsp;&nbsp;_SetPixelIndex
<LI><a href="#[d8]">&gt;&gt;</a>&nbsp;&nbsp;&nbsp;_GetPixelIndex
<LI><a href="#[d7]">&gt;&gt;</a>&nbsp;&nbsp;&nbsp;_FillRect
<LI><a href="#[d6]">&gt;&gt;</a>&nbsp;&nbsp;&nbsp;_DrawVLine
<LI><a href="#[d4]">&gt;&gt;</a>&nbsp;&nbsp;&nbsp;_DrawBitmap
</UL>

<P><STRONG><a name="[da]"></a>_XorPixel</STRONG> (Thumb, 82 bytes, Stack size 32 bytes, guidev_32.o(i._XorPixel))
<BR><BR>[Stack]<UL><LI>Max Depth = 48<LI>Call Chain = _XorPixel &rArr; _XY2PTR
</UL>
<BR>[Calls]<UL><LI><a href="#[143]">&gt;&gt;</a>&nbsp;&nbsp;&nbsp;GUI_ALLOC_UnlockH
<LI><a href="#[142]">&gt;&gt;</a>&nbsp;&nbsp;&nbsp;GUI_ALLOC_LockH
<LI><a href="#[298]">&gt;&gt;</a>&nbsp;&nbsp;&nbsp;_XY2PTR
</UL>
<BR>[Address Reference Count : 1]<UL><LI> guidev_32.o(.constdata)
</UL>
<P><STRONG><a name="[e1]"></a>GUI_USAGE_BM_AddHLine</STRONG> (Thumb, 116 bytes, Stack size 16 bytes, guidev_usagebm.o(i.GUI_USAGE_BM_AddHLine))
<BR><BR>[Stack]<UL><LI>Max Depth = 16<LI>Call Chain = GUI_USAGE_BM_AddHLine
</UL>
<BR>[Calls]<UL><LI><a href="#[e8]">&gt;&gt;</a>&nbsp;&nbsp;&nbsp;__aeabi_memset
</UL>
<BR>[Address Reference Count : 1]<UL><LI> guidev_usagebm.o(.constdata)
</UL>
<P><STRONG><a name="[e0]"></a>GUI_USAGE_BM_AddPixel</STRONG> (Thumb, 44 bytes, Stack size 8 bytes, guidev_usagebm.o(i.GUI_USAGE_BM_AddPixel))
<BR><BR>[Stack]<UL><LI>Max Depth = 8<LI>Call Chain = GUI_USAGE_BM_AddPixel
</UL>
<BR>[Address Reference Count : 1]<UL><LI> guidev_usagebm.o(.constdata)
</UL>
<P><STRONG><a name="[e2]"></a>GUI_USAGE_BM_Clear</STRONG> (Thumb, 14 bytes, Stack size 0 bytes, guidev_usagebm.o(i.GUI_USAGE_BM_Clear))
<BR><BR>[Calls]<UL><LI><a href="#[1af]">&gt;&gt;</a>&nbsp;&nbsp;&nbsp;__aeabi_memclr4
</UL>
<BR>[Address Reference Count : 1]<UL><LI> guidev_usagebm.o(.constdata)
</UL>
<P><STRONG><a name="[e4]"></a>GUI_USAGE_BM_GetNextDirty</STRONG> (Thumb, 190 bytes, Stack size 16 bytes, guidev_usagebm.o(i.GUI_USAGE_BM_GetNextDirty))
<BR><BR>[Stack]<UL><LI>Max Depth = 16<LI>Call Chain = GUI_USAGE_BM_GetNextDirty
</UL>
<BR>[Address Reference Count : 1]<UL><LI> guidev_usagebm.o(.constdata)
</UL>
<P><STRONG><a name="[e3]"></a>_GUI_USAGE_BM_Delete</STRONG> (Thumb, 4 bytes, Stack size 0 bytes, guidev_usagebm.o(i._GUI_USAGE_BM_Delete))
<BR><BR>[Stack]<UL><LI>Max Depth = 172 + Unknown Stack Size
<LI>Call Chain = _GUI_USAGE_BM_Delete &rArr; GUI_ALLOC_Free &rArr; GUI_Lock &rArr; GUI_X_Lock &rArr; OSSemPend &rArr; OS_Pend &rArr; OS_TaskBlock &rArr; OS_TickListInsert
</UL>
<BR>[Calls]<UL><LI><a href="#[144]">&gt;&gt;</a>&nbsp;&nbsp;&nbsp;GUI_ALLOC_Free
</UL>
<BR>[Address Reference Count : 1]<UL><LI> guidev_usagebm.o(.constdata)
</UL>
<P><STRONG><a name="[1a1]"></a>LCD_ReadRectEx</STRONG> (Thumb, 404 bytes, Stack size 64 bytes, lcd_readrect.o(i.LCD_ReadRectEx))
<BR><BR>[Stack]<UL><LI>Max Depth = 64<LI>Call Chain = LCD_ReadRectEx
</UL>
<BR>[Calls]<UL><LI><a href="#[1be]">&gt;&gt;</a>&nbsp;&nbsp;&nbsp;GUI_GetBitsPerPixelEx
</UL>
<BR>[Called By]<UL><LI><a href="#[1a0]">&gt;&gt;</a>&nbsp;&nbsp;&nbsp;GUI_ReadRectEx
</UL>

<P><STRONG><a name="[27f]"></a>_MoveDescendents</STRONG> (Thumb, 110 bytes, Stack size 72 bytes, wm_move.o(i._MoveDescendents))
<BR><BR>[Stack]<UL><LI>Max Depth = 380 + Unknown Stack Size
 + In Cycle
<LI>Call Chain = _MoveDescendents &rArr;  _MoveDescendents (Cycle)
</UL>
<BR>[Calls]<UL><LI><a href="#[143]">&gt;&gt;</a>&nbsp;&nbsp;&nbsp;GUI_ALLOC_UnlockH
<LI><a href="#[142]">&gt;&gt;</a>&nbsp;&nbsp;&nbsp;GUI_ALLOC_LockH
<LI><a href="#[26c]">&gt;&gt;</a>&nbsp;&nbsp;&nbsp;WM__SendMessage
<LI><a href="#[277]">&gt;&gt;</a>&nbsp;&nbsp;&nbsp;GUI_MoveRect
<LI><a href="#[27f]">&gt;&gt;</a>&nbsp;&nbsp;&nbsp;_MoveDescendents
</UL>
<BR>[Called By]<UL><LI><a href="#[26b]">&gt;&gt;</a>&nbsp;&nbsp;&nbsp;WM__MoveWindow
<LI><a href="#[27f]">&gt;&gt;</a>&nbsp;&nbsp;&nbsp;_MoveDescendents
</UL>

<P><STRONG><a name="[2a9]"></a>_printf_core</STRONG> (Thumb, 336 bytes, Stack size 88 bytes, printf1.o(i._printf_core), UNUSED)
<BR><BR>[Calls]<UL><LI><a href="#[2aa]">&gt;&gt;</a>&nbsp;&nbsp;&nbsp;__aeabi_uidivmod
</UL>
<BR>[Called By]<UL><LI><a href="#[2a8]">&gt;&gt;</a>&nbsp;&nbsp;&nbsp;__0printf$1
</UL>
<P>
<H3>
Undefined Global Symbols
</H3><HR></body></html>
