Component: ARM Compiler 5.06 update 7 (build 960) Tool: armlink [4d3601]

==============================================================================

Section Cross References

    startup_stm32f10x_hd.o(RESET) refers to startup_stm32f10x_hd.o(STACK) for __initial_sp
    startup_stm32f10x_hd.o(RESET) refers to startup_stm32f10x_hd.o(.text) for Reset_Handler
    startup_stm32f10x_hd.o(RESET) refers to stm32f10x_it.o(i.NMI_Handler) for NMI_Handler
    startup_stm32f10x_hd.o(RESET) refers to stm32f10x_it.o(i.HardFault_Handler) for HardFault_Handler
    startup_stm32f10x_hd.o(RESET) refers to stm32f10x_it.o(i.MemManage_Handler) for MemManage_Handler
    startup_stm32f10x_hd.o(RESET) refers to stm32f10x_it.o(i.BusFault_Handler) for BusFault_Handler
    startup_stm32f10x_hd.o(RESET) refers to stm32f10x_it.o(i.UsageFault_Handler) for UsageFault_Handler
    startup_stm32f10x_hd.o(RESET) refers to stm32f10x_it.o(i.SVC_Handler) for SVC_Handler
    startup_stm32f10x_hd.o(RESET) refers to stm32f10x_it.o(i.DebugMon_Handler) for DebugMon_Handler
    startup_stm32f10x_hd.o(RESET) refers to os_cpu_a.o(CODE) for OS_CPU_PendSVHandler
    startup_stm32f10x_hd.o(RESET) refers to os_cpu_c.o(i.OS_CPU_SysTickHandler) for OS_CPU_SysTickHandler
    startup_stm32f10x_hd.o(RESET) refers to key_code.o(i.USART1_IRQHandler) for USART1_IRQHandler
    startup_stm32f10x_hd.o(.text) refers to system_stm32f10x.o(i.SystemInit) for SystemInit
    startup_stm32f10x_hd.o(.text) refers to entry.o(.ARM.Collect$$$$00000000) for __main
    system_stm32f10x.o(i.SetSysClock) refers to system_stm32f10x.o(i.SetSysClockTo72) for SetSysClockTo72
    system_stm32f10x.o(i.SystemCoreClockUpdate) refers to system_stm32f10x.o(.data) for .data
    system_stm32f10x.o(i.SystemInit) refers to system_stm32f10x.o(i.SetSysClock) for SetSysClock
    stm32f10x_adc.o(i.ADC_DeInit) refers to stm32f10x_rcc.o(i.RCC_APB2PeriphResetCmd) for RCC_APB2PeriphResetCmd
    stm32f10x_bkp.o(i.BKP_DeInit) refers to stm32f10x_rcc.o(i.RCC_BackupResetCmd) for RCC_BackupResetCmd
    stm32f10x_can.o(i.CAN_DeInit) refers to stm32f10x_rcc.o(i.RCC_APB1PeriphResetCmd) for RCC_APB1PeriphResetCmd
    stm32f10x_can.o(i.CAN_GetITStatus) refers to stm32f10x_can.o(i.CheckITStatus) for CheckITStatus
    stm32f10x_cec.o(i.CEC_DeInit) refers to stm32f10x_rcc.o(i.RCC_APB1PeriphResetCmd) for RCC_APB1PeriphResetCmd
    stm32f10x_dac.o(i.DAC_DeInit) refers to stm32f10x_rcc.o(i.RCC_APB1PeriphResetCmd) for RCC_APB1PeriphResetCmd
    stm32f10x_flash.o(i.FLASH_EnableWriteProtection) refers to stm32f10x_flash.o(i.FLASH_WaitForLastOperation) for FLASH_WaitForLastOperation
    stm32f10x_flash.o(i.FLASH_EraseAllBank1Pages) refers to stm32f10x_flash.o(i.FLASH_WaitForLastBank1Operation) for FLASH_WaitForLastBank1Operation
    stm32f10x_flash.o(i.FLASH_EraseAllPages) refers to stm32f10x_flash.o(i.FLASH_WaitForLastOperation) for FLASH_WaitForLastOperation
    stm32f10x_flash.o(i.FLASH_EraseOptionBytes) refers to stm32f10x_flash.o(i.FLASH_GetReadOutProtectionStatus) for FLASH_GetReadOutProtectionStatus
    stm32f10x_flash.o(i.FLASH_EraseOptionBytes) refers to stm32f10x_flash.o(i.FLASH_WaitForLastOperation) for FLASH_WaitForLastOperation
    stm32f10x_flash.o(i.FLASH_ErasePage) refers to stm32f10x_flash.o(i.FLASH_WaitForLastOperation) for FLASH_WaitForLastOperation
    stm32f10x_flash.o(i.FLASH_ProgramHalfWord) refers to stm32f10x_flash.o(i.FLASH_WaitForLastOperation) for FLASH_WaitForLastOperation
    stm32f10x_flash.o(i.FLASH_ProgramOptionByteData) refers to stm32f10x_flash.o(i.FLASH_WaitForLastOperation) for FLASH_WaitForLastOperation
    stm32f10x_flash.o(i.FLASH_ProgramWord) refers to stm32f10x_flash.o(i.FLASH_WaitForLastOperation) for FLASH_WaitForLastOperation
    stm32f10x_flash.o(i.FLASH_ReadOutProtection) refers to stm32f10x_flash.o(i.FLASH_WaitForLastOperation) for FLASH_WaitForLastOperation
    stm32f10x_flash.o(i.FLASH_UserOptionByteConfig) refers to stm32f10x_flash.o(i.FLASH_WaitForLastOperation) for FLASH_WaitForLastOperation
    stm32f10x_flash.o(i.FLASH_WaitForLastBank1Operation) refers to stm32f10x_flash.o(i.FLASH_GetBank1Status) for FLASH_GetBank1Status
    stm32f10x_flash.o(i.FLASH_WaitForLastOperation) refers to stm32f10x_flash.o(i.FLASH_GetBank1Status) for FLASH_GetBank1Status
    stm32f10x_gpio.o(i.GPIO_AFIODeInit) refers to stm32f10x_rcc.o(i.RCC_APB2PeriphResetCmd) for RCC_APB2PeriphResetCmd
    stm32f10x_gpio.o(i.GPIO_DeInit) refers to stm32f10x_rcc.o(i.RCC_APB2PeriphResetCmd) for RCC_APB2PeriphResetCmd
    stm32f10x_i2c.o(i.I2C_DeInit) refers to stm32f10x_rcc.o(i.RCC_APB1PeriphResetCmd) for RCC_APB1PeriphResetCmd
    stm32f10x_i2c.o(i.I2C_Init) refers to stm32f10x_rcc.o(i.RCC_GetClocksFreq) for RCC_GetClocksFreq
    stm32f10x_pwr.o(i.PWR_DeInit) refers to stm32f10x_rcc.o(i.RCC_APB1PeriphResetCmd) for RCC_APB1PeriphResetCmd
    stm32f10x_rcc.o(i.RCC_GetClocksFreq) refers to stm32f10x_rcc.o(.data) for .data
[...]
    0x080065be   0x080065be   0x00000002   PAD
    0x080065c0   0x080065c0   0x00000028   Code   RO         4718    i.OS_TickListResetPeak  os_tick.o
    0x080065e8   0x080065e8   0x00000130   Code   RO         4719    i.OS_TickListUpdate  os_tick.o
    0x08006718   0x08006718   0x00000028   Code   RO         4720    i.OS_TickTask       os_tick.o
    0x08006740   0x08006740   0x000000ac   Code   RO         4721    i.OS_TickTaskInit   os_tick.o
    0x080067ec   0x080067ec   0x00000108   Code   RO         4812    i.OS_TmrInit        os_tmr.o
    0x080068f4   0x080068f4   0x000000b4   Code   RO         4813    i.OS_TmrLink        os_tmr.o
    0x080069a8   0x080069a8   0x00000028   Code   RO         4814    i.OS_TmrResetPeak   os_tmr.o
    0x080069d0   0x080069d0   0x000000b0   Code   RO         4815    i.OS_TmrTask        os_tmr.o
    0x08006a80   0x08006a80   0x0000004c   Code   RO         4816    i.OS_TmrUnlink      os_tmr.o
    0x08006acc   0x08006acc   0x0000002a   Code   RO         5397    i.PickRandomTetrimino  tetris_logic_process.o
    0x08006af6   0x08006af6   0x00000002   PAD
    0x08006af8   0x08006af8   0x0000001c   Code   RO         1707    i.RCC_AHBPeriphClockCmd  stm32f10x_rcc.o
    0x08006b14   0x08006b14   0x0000001c   Code   RO         1710    i.RCC_APB2PeriphClockCmd  stm32f10x_rcc.o
    0x08006b30   0x08006b30   0x000000ac   Code   RO         1718    i.RCC_GetClocksFreq  stm32f10x_rcc.o
    0x08006bdc   0x08006bdc   0x00000084   Code   RO         5493    i.ReceiveKeyCodeFromSerialQueue  key_code.o
    0x08006c60   0x08006c60   0x00000078   Code   RO         5398    i.RefreshGameZone   tetris_logic_process.o
    0x08006cd8   0x08006cd8   0x00000014   Code   RO         5231    i.RenderInformTimerCallBack  app.o
    0x08006cec   0x08006cec   0x00000002   Code   RO         3366    i.SVC_Handler       stm32f10x_it.o
    0x08006cee   0x08006cee   0x00000002   PAD
    0x08006cf0   0x08006cf0   0x00000070   Code   RO         5399    i.SaveCurrentTetriminoToGameZone  tetris_logic_process.o
    0x08006d60   0x08006d60   0x00000004   Code   RO           24    i.SetSysClock       system_stm32f10x.o
    0x08006d64   0x08006d64   0x000000b0   Code   RO           25    i.SetSysClockTo72   system_stm32f10x.o
    0x08006e14   0x08006e14   0x0000002c   Code   RO         5400    i.SwitchCurrentTetrimino  tetris_logic_process.o
    0x08006e40   0x08006e40   0x00000038   Code   RO         5401    i.SwitchNextTetrimino  tetris_logic_process.o
    0x08006e78   0x08006e78   0x00000050   Code   RO           27    i.SystemInit        system_stm32f10x.o
    0x08006ec8   0x08006ec8   0x00000050   Code   RO         5494    i.TransformKeyCodeToTetrisMove  key_code.o
    0x08006f18   0x08006f18   0x000000b0   Code   RO         5073    i.USART1_Config     bsp_usart1.o
    0x08006fc8   0x08006fc8   0x00000090   Code   RO         5495    i.USART1_IRQHandler  key_code.o
    0x08007058   0x08007058   0x00000008   Code   RO         2874    i.USART_ClearFlag   stm32f10x_usart.o
    0x08007060   0x08007060   0x00000010   Code   RO         2875    i.USART_ClearITPendingBit  stm32f10x_usart.o
    0x08007070   0x08007070   0x00000018   Code   RO         2878    i.USART_Cmd         stm32f10x_usart.o
    0x08007088   0x08007088   0x0000000e   Code   RO         2881    i.USART_GetFlagStatus  stm32f10x_usart.o
    0x08007096   0x08007096   0x00000040   Code   RO         2882    i.USART_GetITStatus  stm32f10x_usart.o
    0x080070d6   0x080070d6   0x00000036   Code   RO         2884    i.USART_ITConfig    stm32f10x_usart.o
    0x0800710c   0x0800710c   0x000000bc   Code   RO         2885    i.USART_Init        stm32f10x_usart.o
    0x080071c8   0x080071c8   0x00000008   Code   RO         2892    i.USART_ReceiveData  stm32f10x_usart.o
    0x080071d0   0x080071d0   0x00000008   Code   RO         2895    i.USART_SendData    stm32f10x_usart.o
    0x080071d8   0x080071d8   0x00000058   Code   RO         5403    i.UpdateCurrentTetriminoInGameZone  tetris_logic_process.o
    0x08007230   0x08007230   0x0000002c   Code   RO         5404    i.UpdateNextTetriminoInPreviewArea  tetris_logic_process.o
    0x0800725c   0x0800725c   0x00000002   Code   RO         3367    i.UsageFault_Handler  stm32f10x_it.o
    0x0800725e   0x0800725e   0x00000002   PAD
    0x08007260   0x08007260   0x00000010   Code   RO         6446    i.WM_Activate       STemWin522_CM3_OS_Keil.lib(wm.o)
    0x08007270   0x08007270   0x00000088   Code   RO         6843    i.WM_BringToBottom  STemWin522_CM3_OS_Keil.lib(wm_bringtobottom.o)
    0x080072f8   0x080072f8   0x00000154   Code   RO         6448    i.WM_CreateWindowAsChild  STemWin522_CM3_OS_Keil.lib(wm.o)
    0x0800744c   0x0800744c   0x00000020   Code   RO         6449    i.WM_Deactivate     STemWin522_CM3_OS_Keil.lib(wm.o)
    0x0800746c   0x0800746c   0x00000046   Code   RO         6450    i.WM_DefaultProc    STemWin522_CM3_OS_Keil.lib(wm.o)
    0x080074b2   0x080074b2   0x0000002a   Code   RO         6864    i.WM_DeleteTimer    STemWin522_CM3_OS_Keil.lib(wm_timer.o)
    0x080074dc   0x080074dc   0x000000d0   Code   RO         6451    i.WM_DeleteWindow   STemWin522_CM3_OS_Keil.lib(wm.o)
    0x080075ac   0x080075ac   0x00000088   Code   RO         6452    i.WM_Exec           STemWin522_CM3_OS_Keil.lib(wm.o)
    0x08007634   0x08007634   0x00000018   Code   RO         6559    i.WM_GetDesktopWindow  STemWin522_CM3_OS_Keil.lib(wm_getdesktopwindow.o)
    0x0800764c   0x0800764c   0x0000001a   Code   RO         6855    i.WM_GetFirstChild  STemWin522_CM3_OS_Keil.lib(wm_getfirstchild.o)
    0x08007666   0x08007666   0x0000001a   Code   RO         7192    i.WM_GetParent      STemWin522_CM3_OS_Keil.lib(wm_getparent.o)
    0x08007680   0x08007680   0x000000d4   Code   RO         6454    i.WM_Init           STemWin522_CM3_OS_Keil.lib(wm.o)
    0x08007754   0x08007754   0x00000080   Code   RO         6455    i.WM_InvalidateRect  STemWin522_CM3_OS_Keil.lib(wm.o)
    0x080077d4   0x080077d4   0x00000006   Code   RO         6456    i.WM_InvalidateWindow  STemWin522_CM3_OS_Keil.lib(wm.o)
    0x080077da   0x080077da   0x0000005e   Code   RO         6457    i.WM_InvalidateWindowAndDescsEx  STemWin522_CM3_OS_Keil.lib(wm.o)
    0x08007838   0x08007838   0x0000001e   Code   RO         7371    i.WM_MoveWindow     STemWin522_CM3_OS_Keil.lib(wm_move.o)
    0x08007856   0x08007856   0x00000010   Code   RO         6857    i.WM_NotifyParent   STemWin522_CM3_OS_Keil.lib(wm_notifyparent.o)
    0x08007866   0x08007866   0x00000002   PAD
    0x08007868   0x08007868   0x00000040   Code   RO         7200    i.WM_OnKey          STemWin522_CM3_OS_Keil.lib(wm_onkey.o)
    0x080078a8   0x080078a8   0x000000f6   Code   RO         7353    i.WM_ResizeWindow   STemWin522_CM3_OS_Keil.lib(wm_resizewindow.o)
    0x0800799e   0x0800799e   0x00000002   PAD
    0x080079a0   0x080079a0   0x00000044   Code   RO         6458    i.WM_SelectWindow   STemWin522_CM3_OS_Keil.lib(wm.o)
    0x080079e4   0x080079e4   0x0000001a   Code   RO         6859    i.WM_SendMessageNoPara  STemWin522_CM3_OS_Keil.lib(wm_sendmessagenopara.o)
    0x080079fe   0x080079fe   0x00000026   Code   RO         6861    i.WM_SendToParent   STemWin522_CM3_OS_Keil.lib(wm_sendtoparent.o)
    0x08007a24   0x08007a24   0x00000014   Code   RO         6460    i.WM_SetDefault     STemWin522_CM3_OS_Keil.lib(wm.o)
    0x08007a38   0x08007a38   0x00000048   Code   RO         7223    i.WM_SetSize        STemWin522_CM3_OS_Keil.lib(wm_setsize.o)
    0x08007a80   0x08007a80   0x00000048   Code   RO         6461    i.WM__ActivateClipRect  STemWin522_CM3_OS_Keil.lib(wm.o)
    0x08007ac8   0x08007ac8   0x00000010   Code   RO         6845    i.WM__AddCriticalHandle  STemWin522_CM3_OS_Keil.lib(wm_criticalhandle.o)
    0x08007ad8   0x08007ad8   0x00000010   Code   RO         6462    i.WM__Client2Screen  STemWin522_CM3_OS_Keil.lib(wm.o)
    0x08007ae8   0x08007ae8   0x0000004e   Code   RO         6463    i.WM__ClipAtParentBorders  STemWin522_CM3_OS_Keil.lib(wm.o)
    0x08007b36   0x08007b36   0x00000052   Code   RO         6867    i.WM__DeleteAssocTimer  STemWin522_CM3_OS_Keil.lib(wm_timer.o)
    0x08007b88   0x08007b88   0x00000028   Code   RO         6465    i.WM__DetachWindow  STemWin522_CM3_OS_Keil.lib(wm.o)
    0x08007bb0   0x08007bb0   0x00000020   Code   RO         6851    i.WM__GetClientRectEx  STemWin522_CM3_OS_Keil.lib(wm_getclientrect.o)
    0x08007bd0   0x08007bd0   0x00000018   Code   RO         6466    i.WM__GetClientRectWin  STemWin522_CM3_OS_Keil.lib(wm.o)
    0x08007be8   0x08007be8   0x00000012   Code   RO         7349    i.WM__GetFirstSibling  STemWin522_CM3_OS_Keil.lib(wm__getfirstsibling.o)
    0x08007bfa   0x08007bfa   0x00000002   PAD
    0x08007bfc   0x08007bfc   0x00000040   Code   RO         6467    i.WM__GetNextIVR    STemWin522_CM3_OS_Keil.lib(wm.o)
    0x08007c3c   0x08007c3c   0x00000024   Code   RO         7180    i.WM__GetPrevSibling  STemWin522_CM3_OS_Keil.lib(wm__getprevsibling.o)
    0x08007c60   0x08007c60   0x00000018   Code   RO         6468    i.WM__GetTopLevelLayer  STemWin522_CM3_OS_Keil.lib(wm.o)
    0x08007c78   0x08007c78   0x000000f0   Code   RO         6469    i.WM__InitIVRSearch  STemWin522_CM3_OS_Keil.lib(wm.o)
    0x08007d68   0x08007d68   0x000000a4   Code   RO         6470    i.WM__InsertWindowIntoList  STemWin522_CM3_OS_Keil.lib(wm.o)
    0x08007e0c   0x08007e0c   0x00000006   Code   RO         6471    i.WM__Invalidate1Abs  STemWin522_CM3_OS_Keil.lib(wm.o)
    0x08007e12   0x08007e12   0x00000046   Code   RO         6472    i.WM__InvalidateDrawAndDescs  STemWin522_CM3_OS_Keil.lib(wm.o)
    0x08007e58   0x08007e58   0x0000002a   Code   RO         6473    i.WM__InvalidateParent  STemWin522_CM3_OS_Keil.lib(wm.o)
    0x08007e82   0x08007e82   0x00000076   Code   RO         6474    i.WM__InvalidateRect  STemWin522_CM3_OS_Keil.lib(wm.o)
    0x08007ef8   0x08007ef8   0x00000006   Code   RO         6475    i.WM__InvalidateRectEx  STemWin522_CM3_OS_Keil.lib(wm.o)
    0x08007efe   0x08007efe   0x00000002   PAD
    0x08007f00   0x08007f00   0x00000024   Code   RO         6476    i.WM__IsWindow      STemWin522_CM3_OS_Keil.lib(wm.o)
    0x08007f24   0x08007f24   0x00000098   Code   RO         7373    i.WM__MoveWindow    STemWin522_CM3_OS_Keil.lib(wm_move.o)
    0x08007fbc   0x08007fbc   0x000000a0   Code   RO         6477    i.WM__Paint         STemWin522_CM3_OS_Keil.lib(wm.o)
    0x0800805c   0x0800805c   0x00000090   Code   RO         6478    i.WM__Paint1        STemWin522_CM3_OS_Keil.lib(wm.o)
    0x080080ec   0x080080ec   0x00000078   Code   RO         6479    i.WM__PaintWinAndOverlays  STemWin522_CM3_OS_Keil.lib(wm.o)
    0x08008164   0x08008164   0x00000020   Code   RO         6480    i.WM__RectIsNZ      STemWin522_CM3_OS_Keil.lib(wm.o)
    0x08008184   0x08008184   0x00000030   Code   RO         6481    i.WM__RemoveFromLinList  STemWin522_CM3_OS_Keil.lib(wm.o)
    0x080081b4   0x080081b4   0x00000040   Code   RO         6482    i.WM__RemoveWindowFromList  STemWin522_CM3_OS_Keil.lib(wm.o)
    0x080081f4   0x080081f4   0x00000014   Code   RO         6483    i.WM__SelectTopLevelLayer  STemWin522_CM3_OS_Keil.lib(wm.o)
    0x08008208   0x08008208   0x0000003c   Code   RO         6840    i.WM__SendMessage   STemWin522_CM3_OS_Keil.lib(wm__sendmessage.o)
    0x08008244   0x08008244   0x00000026   Code   RO         7190    i.WM__SendMessageNoPara  STemWin522_CM3_OS_Keil.lib(wm__sendmessagenopara.o)
    0x0800826a   0x0800826a   0x0000000e   Code   RO         6484    i.WM__SendMsgNoData  STemWin522_CM3_OS_Keil.lib(wm.o)
    0x08008278   0x08008278   0x000000dc   Code   RO         7364    i.WM__UpdateChildPositions  STemWin522_CM3_OS_Keil.lib(wm__updatechildpositions.o)
    0x08008354   0x08008354   0x00000078   Code   RO         5750    i._AddFreeMemory    STemWin522_CM3_OS_Keil.lib(gui_alloc.o)
    0x080083cc   0x080083cc   0x000000bc   Code   RO         5751    i._Alloc            STemWin522_CM3_OS_Keil.lib(gui_alloc.o)
    0x08008488   0x08008488   0x00000004   Code   RO         6346    i._CalcSizeOfChar   STemWin522_CM3_OS_Keil.lib(gui_uc_encodenone.o)
    0x0800848c   0x0800848c   0x00000038   Code   RO         5707    i._Color2IndexBulk  STemWin522_CM3_OS_Keil.lib(guicc_565.o)
    0x080084c4   0x080084c4   0x00000048   Code   RO         5717    i._Color2IndexBulk  STemWin522_CM3_OS_Keil.lib(guicc_m565.o)
    0x0800850c   0x0800850c   0x0000000e   Code   RO         7095    i._Color2IndexBulk  STemWin522_CM3_OS_Keil.lib(guicc_8888.o)
    0x0800851a   0x0800851a   0x00000002   PAD
    0x0800851c   0x0800851c   0x00000054   Code   RO         6685    i._Color2Index_0    STemWin522_CM3_OS_Keil.lib(guicc_0.o)
    0x08008570   0x08008570   0x00000028   Code   RO         5708    i._Color2Index_565  STemWin522_CM3_OS_Keil.lib(guicc_565.o)
    0x08008598   0x08008598   0x00000002   Code   RO         7096    i._Color2Index_8888  STemWin522_CM3_OS_Keil.lib(guicc_8888.o)
    0x0800859a   0x0800859a   0x00000002   PAD
    0x0800859c   0x0800859c   0x00000028   Code   RO         5718    i._Color2Index_M565  STemWin522_CM3_OS_Keil.lib(guicc_m565.o)
    0x080085c4   0x080085c4   0x0000003e   Code   RO         6832    i._Convert16        STemWin522_CM3_OS_Keil.lib(guidev_writetoactiveopaque.o)
    0x08008602   0x08008602   0x00000002   PAD
    0x08008604   0x08008604   0x00000120   Code   RO         6812    i._CreateStaticDevice  STemWin522_CM3_OS_Keil.lib(guidev_staticdevices.o)
    0x08008724   0x08008724   0x0000001a   Code   RO         6047    i._Data2Index_16bpp_B16  STemWin522_CM3_OS_Keil.lib(guidrv_flexcolor_func66709.o)
    0x0800873e   0x0800873e   0x00000016   Code   RO         6048    i._Data2Index_16bpp_B8  STemWin522_CM3_OS_Keil.lib(guidrv_flexcolor_func66709.o)
    0x08008754   0x08008754   0x00000012   Code   RO         6485    i._DeleteAllChildren  STemWin522_CM3_OS_Keil.lib(wm.o)
    0x08008766   0x08008766   0x00000002   PAD
    0x08008768   0x08008768   0x00000020   Code   RO         6486    i._DesktopHandle2Index  STemWin522_CM3_OS_Keil.lib(wm.o)
    0x08008788   0x08008788   0x00000074   Code   RO         6588    i._DispLine         STemWin522_CM3_OS_Keil.lib(gui_charline.o)
    0x080087fc   0x080087fc   0x0000013c   Code   RO         6028    i._DrawBitLine1BPP  STemWin522_CM3_OS_Keil.lib(guidrv_flexcolor_16bpp_c0b16.o)
    0x08008938   0x08008938   0x00000140   Code   RO         6413    i._DrawBitLine1BPP  STemWin522_CM3_OS_Keil.lib(guidev_16.o)
    0x08008a78   0x08008a78   0x00000114   Code   RO         7110    i._DrawBitLine1BPP  STemWin522_CM3_OS_Keil.lib(guidev_32.o)
    0x08008b8c   0x08008b8c   0x00000118   Code   RO         6029    i._DrawBitLine2BPP  STemWin522_CM3_OS_Keil.lib(guidrv_flexcolor_16bpp_c0b16.o)
    0x08008ca4   0x08008ca4   0x000000e0   Code   RO         6414    i._DrawBitLine2BPP  STemWin522_CM3_OS_Keil.lib(guidev_16.o)
    0x08008d84   0x08008d84   0x000000e0   Code   RO         7111    i._DrawBitLine2BPP  STemWin522_CM3_OS_Keil.lib(guidev_32.o)
    0x08008e64   0x08008e64   0x00000088   Code   RO         7112    i._DrawBitLine32BPP_DDB  STemWin522_CM3_OS_Keil.lib(guidev_32.o)
    0x08008eec   0x08008eec   0x00000118   Code   RO         6030    i._DrawBitLine4BPP  STemWin522_CM3_OS_Keil.lib(guidrv_flexcolor_16bpp_c0b16.o)
    0x08009004   0x08009004   0x00000158   Code   RO         6415    i._DrawBitLine4BPP  STemWin522_CM3_OS_Keil.lib(guidev_16.o)
    0x0800915c   0x0800915c   0x00000158   Code   RO         7113    i._DrawBitLine4BPP  STemWin522_CM3_OS_Keil.lib(guidev_32.o)
    0x080092b4   0x080092b4   0x000000d4   Code   RO         6031    i._DrawBitLine8BPP  STemWin522_CM3_OS_Keil.lib(guidrv_flexcolor_16bpp_c0b16.o)
    0x08009388   0x08009388   0x00000022   Code   RO         5931    i._DrawBitmap       STemWin522_CM3_OS_Keil.lib(guidrv_flexcolor.o)
    0x080093aa   0x080093aa   0x00000002   PAD
    0x080093ac   0x080093ac   0x000000f4   Code   RO         6032    i._DrawBitmap       STemWin522_CM3_OS_Keil.lib(guidrv_flexcolor_16bpp_c0b16.o)
    0x080094a0   0x080094a0   0x000002b0   Code   RO         6416    i._DrawBitmap       STemWin522_CM3_OS_Keil.lib(guidev_16.o)
    0x08009750   0x08009750   0x00000294   Code   RO         7114    i._DrawBitmap       STemWin522_CM3_OS_Keil.lib(guidev_32.o)
    0x080099e4   0x080099e4   0x0000000e   Code   RO         5932    i._DrawHLine        STemWin522_CM3_OS_Keil.lib(guidrv_flexcolor.o)
    0x080099f2   0x080099f2   0x0000000a   Code   RO         6417    i._DrawHLine        STemWin522_CM3_OS_Keil.lib(guidev_16.o)
    0x080099fc   0x080099fc   0x0000000a   Code   RO         7115    i._DrawHLine        STemWin522_CM3_OS_Keil.lib(guidev_32.o)
    0x08009a06   0x08009a06   0x00000002   PAD
    0x08009a08   0x08009a08   0x0000005c   Code   RO         6487    i._DrawNext         STemWin522_CM3_OS_Keil.lib(wm.o)
    0x08009a64   0x08009a64   0x00000010   Code   RO         5933    i._DrawVLine        STemWin522_CM3_OS_Keil.lib(guidrv_flexcolor.o)
    0x08009a74   0x08009a74   0x000000b8   Code   RO         6418    i._DrawVLine        STemWin522_CM3_OS_Keil.lib(guidev_16.o)
    0x08009b2c   0x08009b2c   0x000000ac   Code   RO         7116    i._DrawVLine        STemWin522_CM3_OS_Keil.lib(guidev_32.o)
    0x08009bd8   0x08009bd8   0x00000006   Code   RO         6347    i._Encode           STemWin522_CM3_OS_Keil.lib(gui_uc_encodenone.o)
    0x08009bde   0x08009bde   0x00000002   PAD
    0x08009be0   0x08009be0   0x00000094   Code   RO         5752    i._EnlargeBlocks    STemWin522_CM3_OS_Keil.lib(gui_alloc.o)
    0x08009c74   0x08009c74   0x00000078   Code   RO         6488    i._Exec1Input       STemWin522_CM3_OS_Keil.lib(wm.o)
    0x08009cec   0x08009cec   0x00000010   Code   RO         5934    i._FillRect         STemWin522_CM3_OS_Keil.lib(guidrv_flexcolor.o)
    0x08009cfc   0x08009cfc   0x000000f8   Code   RO         6033    i._FillRect         STemWin522_CM3_OS_Keil.lib(guidrv_flexcolor_16bpp_c0b16.o)
    0x08009df4   0x08009df4   0x000000ac   Code   RO         6419    i._FillRect         STemWin522_CM3_OS_Keil.lib(guidev_16.o)
    0x08009ea0   0x08009ea0   0x000000a4   Code   RO         7117    i._FillRect         STemWin522_CM3_OS_Keil.lib(guidev_32.o)
    0x08009f44   0x08009f44   0x00000148   Code   RO         6489    i._FindNext_IVR     STemWin522_CM3_OS_Keil.lib(wm.o)
    0x0800a08c   0x0800a08c   0x0000007c   Code   RO         6490    i._Findx0           STemWin522_CM3_OS_Keil.lib(wm.o)
    0x0800a108   0x0800a108   0x00000072   Code   RO         6491    i._Findx1           STemWin522_CM3_OS_Keil.lib(wm.o)
    0x0800a17a   0x0800a17a   0x000000a2   Code   RO         6492    i._Findy1           STemWin522_CM3_OS_Keil.lib(wm.o)
    0x0800a21c   0x0800a21c   0x00000004   Code   RO         7168    i._GUI_USAGE_BM_Delete  STemWin522_CM3_OS_Keil.lib(guidev_usagebm.o)
    0x0800a220   0x0800a220   0x00000004   Code   RO         6348    i._GetCharCode      STemWin522_CM3_OS_Keil.lib(gui_uc_encodenone.o)
    0x0800a224   0x0800a224   0x00000004   Code   RO         6349    i._GetCharSize      STemWin522_CM3_OS_Keil.lib(gui_uc_encodenone.o)
    0x0800a228   0x0800a228   0x0000000e   Code   RO         5935    i._GetDevData       STemWin522_CM3_OS_Keil.lib(guidrv_flexcolor.o)
    0x0800a236   0x0800a236   0x00000002   PAD
    0x0800a238   0x0800a238   0x00000010   Code   RO         6420    i._GetDevData       STemWin522_CM3_OS_Keil.lib(guidev_16.o)
    0x0800a248   0x0800a248   0x00000010   Code   RO         7118    i._GetDevData       STemWin522_CM3_OS_Keil.lib(guidev_32.o)
    0x0800a258   0x0800a258   0x00000070   Code   RO         5936    i._GetDevFunc       STemWin522_CM3_OS_Keil.lib(guidrv_flexcolor.o)
    0x0800a2c8   0x0800a2c8   0x00000010   Code   RO         6421    i._GetDevFunc       STemWin522_CM3_OS_Keil.lib(guidev_16.o)
    0x0800a2d8   0x0800a2d8   0x00000010   Code   RO         7119    i._GetDevFunc       STemWin522_CM3_OS_Keil.lib(guidev_32.o)
    0x0800a2e8   0x0800a2e8   0x0000004c   Code   RO         5937    i._GetDevFunc_Init  STemWin522_CM3_OS_Keil.lib(guidrv_flexcolor.o)
    0x0800a334   0x0800a334   0x00000002   Code   RO         5938    i._GetDevFunc_SetRect  STemWin522_CM3_OS_Keil.lib(guidrv_flexcolor.o)
    0x0800a336   0x0800a336   0x00000002   PAD
    0x0800a338   0x0800a338   0x00000040   Code   RO         5939    i._GetDevFunc_SetRectOutside  STemWin522_CM3_OS_Keil.lib(guidrv_flexcolor.o)
    0x0800a378   0x0800a378   0x00000014   Code   RO         5940    i._GetDevFunc_SetSize  STemWin522_CM3_OS_Keil.lib(guidrv_flexcolor.o)
    0x0800a38c   0x0800a38c   0x00000014   Code   RO         5941    i._GetDevFunc_SetVSize  STemWin522_CM3_OS_Keil.lib(guidrv_flexcolor.o)
    0x0800a3a0   0x0800a3a0   0x00000066   Code   RO         5942    i._GetDevProp       STemWin522_CM3_OS_Keil.lib(guidrv_flexcolor.o)
    0x0800a406   0x0800a406   0x00000008   Code   RO         6422    i._GetDevProp       STemWin522_CM3_OS_Keil.lib(guidev_16.o)
    0x0800a40e   0x0800a40e   0x0000001e   Code   RO         6731    i._GetDevProp       STemWin522_CM3_OS_Keil.lib(lcd_getex.o)
    0x0800a42c   0x0800a42c   0x0000000c   Code   RO         7120    i._GetDevProp       STemWin522_CM3_OS_Keil.lib(guidev_32.o)
    0x0800a438   0x0800a438   0x00000052   Code   RO         6686    i._GetIndexMask_0   STemWin522_CM3_OS_Keil.lib(guicc_0.o)
    0x0800a48a   0x0800a48a   0x00000006   Code   RO         5709    i._GetIndexMask_565  STemWin522_CM3_OS_Keil.lib(guicc_565.o)
    0x0800a490   0x0800a490   0x00000006   Code   RO         7097    i._GetIndexMask_8888  STemWin522_CM3_OS_Keil.lib(guicc_8888.o)
    0x0800a496   0x0800a496   0x00000006   Code   RO         5719    i._GetIndexMask_M565  STemWin522_CM3_OS_Keil.lib(guicc_m565.o)
    0x0800a49c   0x0800a49c   0x0000001e   Code   RO         6732    i._GetMaxValue      STemWin522_CM3_OS_Keil.lib(lcd_getex.o)
    0x0800a4ba   0x0800a4ba   0x00000002   PAD
    0x0800a4bc   0x0800a4bc   0x0000001c   Code   RO         5753    i._GetMinIndex      STemWin522_CM3_OS_Keil.lib(gui_alloc.o)
    0x0800a4d8   0x0800a4d8   0x00000008   Code   RO         5943    i._GetPixelIndex    STemWin522_CM3_OS_Keil.lib(guidrv_flexcolor.o)
    0x0800a4e0   0x0800a4e0   0x0000000e   Code   RO         6423    i._GetPixelIndex    STemWin522_CM3_OS_Keil.lib(guidev_16.o)
    0x0800a4ee   0x0800a4ee   0x0000000e   Code   RO         7121    i._GetPixelIndex    STemWin522_CM3_OS_Keil.lib(guidev_32.o)
    0x0800a4fc   0x0800a4fc   0x00000016   Code   RO         5944    i._GetRect          STemWin522_CM3_OS_Keil.lib(guidrv_flexcolor.o)
    0x0800a512   0x0800a512   0x00000030   Code   RO         6424    i._GetRect          STemWin522_CM3_OS_Keil.lib(guidev_16.o)
    0x0800a542   0x0800a542   0x00000030   Code   RO         7122    i._GetRect          STemWin522_CM3_OS_Keil.lib(guidev_32.o)
    0x0800a572   0x0800a572   0x00000002   PAD
    0x0800a574   0x0800a574   0x00000010   Code   RO         6319    i._GotoX            STemWin522_CM3_OS_Keil.lib(gui_goto.o)
    0x0800a584   0x0800a584   0x00000010   Code   RO         6320    i._GotoY            STemWin522_CM3_OS_Keil.lib(gui_goto.o)
    0x0800a594   0x0800a594   0x0000001c   Code   RO         6616    i._IncPointer       STemWin522_CM3_OS_Keil.lib(gui_onkey.o)
    0x0800a5b0   0x0800a5b0   0x00000006   Code   RO         6617    i._IncReadPointer   STemWin522_CM3_OS_Keil.lib(gui_onkey.o)
    0x0800a5b6   0x0800a5b6   0x00000002   PAD
    0x0800a5b8   0x0800a5b8   0x00000048   Code   RO         5710    i._Index2ColorBulk  STemWin522_CM3_OS_Keil.lib(guicc_565.o)
    0x0800a600   0x0800a600   0x00000058   Code   RO         5720    i._Index2ColorBulk  STemWin522_CM3_OS_Keil.lib(guicc_m565.o)
    0x0800a658   0x0800a658   0x0000000e   Code   RO         7098    i._Index2ColorBulk  STemWin522_CM3_OS_Keil.lib(guicc_8888.o)
    0x0800a666   0x0800a666   0x00000020   Code   RO         6687    i._Index2Color_0    STemWin522_CM3_OS_Keil.lib(guicc_0.o)
    0x0800a686   0x0800a686   0x00000002   PAD
    0x0800a688   0x0800a688   0x00000070   Code   RO         5806    i._InitContext      STemWin522_CM3_OS_Keil.lib(gui_core.o)
    0x0800a6f8   0x0800a6f8   0x000000a4   Code   RO         5754    i._InitOnce         STemWin522_CM3_OS_Keil.lib(gui_alloc.o)
    0x0800a79c   0x0800a79c   0x00000080   Code   RO         6493    i._Invalidate1Abs   STemWin522_CM3_OS_Keil.lib(wm.o)
    0x0800a81c   0x0800a81c   0x00000004   Code   RO         5945    i._Log2PhysX_X0Y0S0  STemWin522_CM3_OS_Keil.lib(guidrv_flexcolor.o)
    0x0800a820   0x0800a820   0x00000004   Code   RO         5946    i._Log2PhysX_X0Y0S1  STemWin522_CM3_OS_Keil.lib(guidrv_flexcolor.o)
    0x0800a824   0x0800a824   0x00000004   Code   RO         5947    i._Log2PhysX_X0Y1S0  STemWin522_CM3_OS_Keil.lib(guidrv_flexcolor.o)
    0x0800a828   0x0800a828   0x00000004   Code   RO         5948    i._Log2PhysX_X0Y1S1  STemWin522_CM3_OS_Keil.lib(guidrv_flexcolor.o)
    0x0800a82c   0x0800a82c   0x00000008   Code   RO         5949    i._Log2PhysX_X1Y0S0  STemWin522_CM3_OS_Keil.lib(guidrv_flexcolor.o)
    0x0800a834   0x0800a834   0x00000008   Code   RO         5950    i._Log2PhysX_X1Y0S1  STemWin522_CM3_OS_Keil.lib(guidrv_flexcolor.o)
    0x0800a83c   0x0800a83c   0x00000008   Code   RO         5951    i._Log2PhysX_X1Y1S0  STemWin522_CM3_OS_Keil.lib(guidrv_flexcolor.o)
    0x0800a844   0x0800a844   0x00000008   Code   RO         5952    i._Log2PhysX_X1Y1S1  STemWin522_CM3_OS_Keil.lib(guidrv_flexcolor.o)
    0x0800a84c   0x0800a84c   0x00000004   Code   RO         5953    i._Log2PhysY_X0Y0S0  STemWin522_CM3_OS_Keil.lib(guidrv_flexcolor.o)
    0x0800a850   0x0800a850   0x00000004   Code   RO         5954    i._Log2PhysY_X0Y0S1  STemWin522_CM3_OS_Keil.lib(guidrv_flexcolor.o)
    0x0800a854   0x0800a854   0x00000008   Code   RO         5955    i._Log2PhysY_X0Y1S0  STemWin522_CM3_OS_Keil.lib(guidrv_flexcolor.o)
    0x0800a85c   0x0800a85c   0x00000008   Code   RO         5956    i._Log2PhysY_X0Y1S1  STemWin522_CM3_OS_Keil.lib(guidrv_flexcolor.o)
    0x0800a864   0x0800a864   0x00000004   Code   RO         5957    i._Log2PhysY_X1Y0S0  STemWin522_CM3_OS_Keil.lib(guidrv_flexcolor.o)
    0x0800a868   0x0800a868   0x00000004   Code   RO         5958    i._Log2PhysY_X1Y0S1  STemWin522_CM3_OS_Keil.lib(guidrv_flexcolor.o)
    0x0800a86c   0x0800a86c   0x00000008   Code   RO         5959    i._Log2PhysY_X1Y1S0  STemWin522_CM3_OS_Keil.lib(guidrv_flexcolor.o)
    0x0800a874   0x0800a874   0x00000008   Code   RO         5960    i._Log2PhysY_X1Y1S1  STemWin522_CM3_OS_Keil.lib(guidrv_flexcolor.o)
    0x0800a87c   0x0800a87c   0x00000002   Code   RO         6589    i._Log2VisBuffered  STemWin522_CM3_OS_Keil.lib(gui_charline.o)
    0x0800a87e   0x0800a87e   0x00000008   Code   RO         6799    i._Min              STemWin522_CM3_OS_Keil.lib(guidev_banding.o)
    0x0800a886   0x0800a886   0x0000006e   Code   RO         7374    i._MoveDescendents  STemWin522_CM3_OS_Keil.lib(wm_move.o)
    0x0800a8f4   0x0800a8f4   0x00000034   Code   RO         5755    i._OnExit           STemWin522_CM3_OS_Keil.lib(gui_alloc.o)
    0x0800a928   0x0800a928   0x0000002c   Code   RO         5807    i._OnExit           STemWin522_CM3_OS_Keil.lib(gui_core.o)
    0x0800a954   0x0800a954   0x00000014   Code   RO         6336    i._OnExit           STemWin522_CM3_OS_Keil.lib(gui_task.o)
    0x0800a968   0x0800a968   0x00000014   Code   RO         6404    i._OnExit           STemWin522_CM3_OS_Keil.lib(lcd_color.o)
    0x0800a97c   0x0800a97c   0x00000034   Code   RO         6494    i._OnExit           STemWin522_CM3_OS_Keil.lib(wm.o)
    0x0800a9b0   0x0800a9b0   0x00000028   Code   RO         6900    i._OnExit           STemWin522_CM3_OS_Keil.lib(gui__alpha.o)
    0x0800a9d8   0x0800a9d8   0x00000024   Code   RO         6495    i._Paint1           STemWin522_CM3_OS_Keil.lib(wm.o)
    0x0800a9fc   0x0800a9fc   0x0000008c   Code   RO         6496    i._Paint1Trans      STemWin522_CM3_OS_Keil.lib(wm.o)
    0x0800aa88   0x0800aa88   0x0000009a   Code   RO         6497    i._PaintTransChildren  STemWin522_CM3_OS_Keil.lib(wm.o)
    0x0800ab22   0x0800ab22   0x00000002   PAD
    0x0800ab24   0x0800ab24   0x00000040   Code   RO         5756    i._PopFreeBlock     STemWin522_CM3_OS_Keil.lib(gui_alloc.o)
    0x0800ab64   0x0800ab64   0x00000024   Code   RO         5757    i._PushFreeBlock    STemWin522_CM3_OS_Keil.lib(gui_alloc.o)
    0x0800ab88   0x0800ab88   0x00000006   Code   RO         6034    i._ReadData         STemWin522_CM3_OS_Keil.lib(guidrv_flexcolor_16bpp_c0b16.o)
    0x0800ab8e   0x0800ab8e   0x0000000c   Code   RO         5961    i._ReadPixelCust_16bpp  STemWin522_CM3_OS_Keil.lib(guidrv_flexcolor.o)
    0x0800ab9a   0x0800ab9a   0x0000000c   Code   RO         5962    i._ReadPixelCust_18bpp  STemWin522_CM3_OS_Keil.lib(guidrv_flexcolor.o)
    0x0800aba6   0x0800aba6   0x00000028   Code   RO         6049    i._ReadPixel_16bpp_B16_I  STemWin522_CM3_OS_Keil.lib(guidrv_flexcolor_func66709.o)
    0x0800abce   0x0800abce   0x00000024   Code   RO         6051    i._ReadPixel_16bpp_B8  STemWin522_CM3_OS_Keil.lib(guidrv_flexcolor_func66709.o)
    0x0800abf2   0x0800abf2   0x00000030   Code   RO         5963    i._ReadRectCust_16bpp  STemWin522_CM3_OS_Keil.lib(guidrv_flexcolor.o)
    0x0800ac22   0x0800ac22   0x00000030   Code   RO         5964    i._ReadRectCust_18bpp  STemWin522_CM3_OS_Keil.lib(guidrv_flexcolor.o)
    0x0800ac52   0x0800ac52   0x0000004c   Code   RO         6052    i._ReadRect_16bpp_B16_I  STemWin522_CM3_OS_Keil.lib(guidrv_flexcolor_func66709.o)
    0x0800ac9e   0x0800ac9e   0x00000048   Code   RO         6054    i._ReadRect_16bpp_B8  STemWin522_CM3_OS_Keil.lib(guidrv_flexcolor_func66709.o)
    0x0800ace6   0x0800ace6   0x00000002   PAD
    0x0800ace8   0x0800ace8   0x00000034   Code   RO         5758    i._RemoveFreeBlock  STemWin522_CM3_OS_Keil.lib(gui_alloc.o)
    0x0800ad1c   0x0800ad1c   0x0000005c   Code   RO         7074    i._RemoveFromLinList  STemWin522_CM3_OS_Keil.lib(gui_timer.o)
    0x0800ad78   0x0800ad78   0x000000a0   Code   RO         5759    i._RemoveHoles      STemWin522_CM3_OS_Keil.lib(gui_alloc.o)
    0x0800ae18   0x0800ae18   0x00000020   Code   RO         6374    i._SetBkColor       STemWin522_CM3_OS_Keil.lib(lcd.o)
    0x0800ae38   0x0800ae38   0x0000004c   Code   RO         6498    i._SetClipRectUserIntersect  STemWin522_CM3_OS_Keil.lib(wm.o)
    0x0800ae84   0x0800ae84   0x00000020   Code   RO         6375    i._SetColor         STemWin522_CM3_OS_Keil.lib(lcd.o)
    0x0800aea4   0x0800aea4   0x00000070   Code   RO         5965    i._SetDevFunc       STemWin522_CM3_OS_Keil.lib(guidrv_flexcolor.o)
    0x0800af14   0x0800af14   0x0000002c   Code   RO         6376    i._SetDrawMode      STemWin522_CM3_OS_Keil.lib(lcd.o)
    0x0800af40   0x0800af40   0x00000030   Code   RO         6055    i._SetInterface     STemWin522_CM3_OS_Keil.lib(guidrv_flexcolor_func66709.o)
    0x0800af70   0x0800af70   0x00000002   Code   RO         5966    i._SetOrg           STemWin522_CM3_OS_Keil.lib(guidrv_flexcolor.o)
    0x0800af72   0x0800af72   0x00000008   Code   RO         6425    i._SetOrg           STemWin522_CM3_OS_Keil.lib(guidev_16.o)
    0x0800af7a   0x0800af7a   0x00000008   Code   RO         7123    i._SetOrg           STemWin522_CM3_OS_Keil.lib(guidev_32.o)
    0x0800af82   0x0800af82   0x00000002   PAD
    0x0800af84   0x0800af84   0x00000038   Code   RO         6056    i._SetOrientation   STemWin522_CM3_OS_Keil.lib(guidrv_flexcolor_func66709.o)
    0x0800afbc   0x0800afbc   0x000000a8   Code   RO         6057    i._SetPhysRAMAddr   STemWin522_CM3_OS_Keil.lib(guidrv_flexcolor_func66709.o)
    0x0800b064   0x0800b064   0x0000000e   Code   RO         5967    i._SetPixelIndex    STemWin522_CM3_OS_Keil.lib(guidrv_flexcolor.o)
    0x0800b072   0x0800b072   0x00000002   PAD
    0x0800b074   0x0800b074   0x00000048   Code   RO         6426    i._SetPixelIndex    STemWin522_CM3_OS_Keil.lib(guidev_16.o)
    0x0800b0bc   0x0800b0bc   0x00000048   Code   RO         7124    i._SetPixelIndex    STemWin522_CM3_OS_Keil.lib(guidev_32.o)
    0x0800b104   0x0800b104   0x000000b4   Code   RO         6058    i._SetRect          STemWin522_CM3_OS_Keil.lib(guidrv_flexcolor_func66709.o)
    0x0800b1b8   0x0800b1b8   0x00000008   Code   RO         6059    i._SetReg_B16       STemWin522_CM3_OS_Keil.lib(guidrv_flexcolor_func66709.o)
    0x0800b1c0   0x0800b1c0   0x0000001a   Code   RO         6060    i._SetReg_B8        STemWin522_CM3_OS_Keil.lib(guidrv_flexcolor_func66709.o)
    0x0800b1da   0x0800b1da   0x00000002   PAD
    0x0800b1dc   0x0800b1dc   0x000000ea   Code   RO         5760    i._TestRAM          STemWin522_CM3_OS_Keil.lib(gui_alloc.o)
    0x0800b2c6   0x0800b2c6   0x00000002   PAD
    0x0800b2c8   0x0800b2c8   0x00000050   Code   RO         7075    i._Unlink           STemWin522_CM3_OS_Keil.lib(gui_timer.o)
    0x0800b318   0x0800b318   0x00000030   Code   RO         5836    i._UnlinkDevice     STemWin522_CM3_OS_Keil.lib(gui_device.o)
    0x0800b348   0x0800b348   0x0000000a   Code   RO         6035    i._WriteData        STemWin522_CM3_OS_Keil.lib(guidrv_flexcolor_16bpp_c0b16.o)
    0x0800b352   0x0800b352   0x00000008   Code   RO         6061    i._WritePara_B16    STemWin522_CM3_OS_Keil.lib(guidrv_flexcolor_func66709.o)
    0x0800b35a   0x0800b35a   0x0000000a   Code   RO         6062    i._WritePara_B8     STemWin522_CM3_OS_Keil.lib(guidrv_flexcolor_func66709.o)
    0x0800b364   0x0800b364   0x0000000e   Code   RO         5761    i._WriteTagData     STemWin522_CM3_OS_Keil.lib(gui_alloc.o)
    0x0800b372   0x0800b372   0x00000002   PAD
    0x0800b374   0x0800b374   0x00000330   Code   RO         6833    i._WriteToActiveOpaque_8  STemWin522_CM3_OS_Keil.lib(guidev_writetoactiveopaque.o)
    0x0800b6a4   0x0800b6a4   0x000002f8   Code   RO         6834    i._WriteToActiveOpaque_HT  STemWin522_CM3_OS_Keil.lib(guidev_writetoactiveopaque.o)
    0x0800b99c   0x0800b99c   0x0000003c   Code   RO         6427    i._XY2PTR           STemWin522_CM3_OS_Keil.lib(guidev_16.o)
    0x0800b9d8   0x0800b9d8   0x0000003c   Code   RO         7125    i._XY2PTR           STemWin522_CM3_OS_Keil.lib(guidev_32.o)
    0x0800ba14   0x0800ba14   0x00000022   Code   RO         5968    i._XorPixel         STemWin522_CM3_OS_Keil.lib(guidrv_flexcolor.o)
    0x0800ba36   0x0800ba36   0x00000002   PAD
    0x0800ba38   0x0800ba38   0x00000054   Code   RO         6428    i._XorPixel         STemWin522_CM3_OS_Keil.lib(guidev_16.o)
    0x0800ba8c   0x0800ba8c   0x00000058   Code   RO         7126    i._XorPixel         STemWin522_CM3_OS_Keil.lib(guidev_32.o)
    0x0800bae4   0x0800bae4   0x00000020   Code   RO         7443    i.__0printf$1       mc_w.l(printf1.o)
    0x0800bb04   0x0800bb04   0x0000000e   Code   RO         7701    i.__scatterload_copy  mc_w.l(handlers.o)
    0x0800bb12   0x0800bb12   0x00000002   Code   RO         7702    i.__scatterload_null  mc_w.l(handlers.o)
    0x0800bb14   0x0800bb14   0x0000000e   Code   RO         7703    i.__scatterload_zeroinit  mc_w.l(handlers.o)
    0x0800bb22   0x0800bb22   0x00000002   PAD
    0x0800bb24   0x0800bb24   0x00000044   Code   RO         6499    i._cbPaintMemDev    STemWin522_CM3_OS_Keil.lib(wm.o)
    0x0800bb68   0x0800bb68   0x00000154   Code   RO         7450    i._printf_core      mc_w.l(printf1.o)
    0x0800bcbc   0x0800bcbc   0x00000050   Code   RO         6500    i.cbBackWin         STemWin522_CM3_OS_Keil.lib(wm.o)
    0x0800bd0c   0x0800bd0c   0x0000008a   Code   RO         6377    i.emWin_LCD_Init    STemWin522_CM3_OS_Keil.lib(lcd.o)
    0x0800bd96   0x0800bd96   0x00000002   PAD
    0x0800bd98   0x0800bd98   0x00000024   Code   RO         5075    i.fputc             bsp_usart1.o
    0x0800bdbc   0x0800bdbc   0x00000064   Code   RO         3112    i.main              main.o
    0x0800be20   0x0800be20   0x00000004   Data   RO         3915    .constdata          os_cfg_app.o
    0x0800be24   0x0800be24   0x00000004   Data   RO         3916    .constdata          os_cfg_app.o
    0x0800be28   0x0800be28   0x00000004   Data   RO         3917    .constdata          os_cfg_app.o
    0x0800be2c   0x0800be2c   0x00000004   Data   RO         3926    .constdata          os_cfg_app.o
    0x0800be30   0x0800be30   0x00000004   Data   RO         3927    .constdata          os_cfg_app.o
    0x0800be34   0x0800be34   0x00000002   Data   RO         3929    .constdata          os_cfg_app.o
    0x0800be36   0x0800be36   0x00000002   PAD
    0x0800be38   0x0800be38   0x00000004   Data   RO         3931    .constdata          os_cfg_app.o
    0x0800be3c   0x0800be3c   0x00000001   Data   RO         3932    .constdata          os_cfg_app.o
    0x0800be3d   0x0800be3d   0x00000003   PAD
    0x0800be40   0x0800be40   0x00000004   Data   RO         3933    .constdata          os_cfg_app.o
    0x0800be44   0x0800be44   0x00000004   Data   RO         3934    .constdata          os_cfg_app.o
    0x0800be48   0x0800be48   0x00000004   Data   RO         3935    .constdata          os_cfg_app.o
    0x0800be4c   0x0800be4c   0x00000004   Data   RO         3936    .constdata          os_cfg_app.o
    0x0800be50   0x0800be50   0x00000004   Data   RO         3938    .constdata          os_cfg_app.o
    0x0800be54   0x0800be54   0x00000004   Data   RO         3939    .constdata          os_cfg_app.o
    0x0800be58   0x0800be58   0x00000001   Data   RO         3940    .constdata          os_cfg_app.o
    0x0800be59   0x0800be59   0x00000003   PAD
    0x0800be5c   0x0800be5c   0x00000004   Data   RO         3941    .constdata          os_cfg_app.o
    0x0800be60   0x0800be60   0x00000004   Data   RO         3942    .constdata          os_cfg_app.o
    0x0800be64   0x0800be64   0x00000004   Data   RO         3943    .constdata          os_cfg_app.o
    0x0800be68   0x0800be68   0x00000002   Data   RO         3945    .constdata          os_cfg_app.o
    0x0800be6a   0x0800be6a   0x00000001   Data   RO         3947    .constdata          os_cfg_app.o
    0x0800be6b   0x0800be6b   0x00000001   PAD
    0x0800be6c   0x0800be6c   0x00000004   Data   RO         3948    .constdata          os_cfg_app.o
    0x0800be70   0x0800be70   0x00000004   Data   RO         3949    .constdata          os_cfg_app.o
    0x0800be74   0x0800be74   0x00000004   Data   RO         3950    .constdata          os_cfg_app.o
    0x0800be78   0x0800be78   0x00000004   Data   RO         3951    .constdata          os_cfg_app.o
    0x0800be7c   0x0800be7c   0x00000002   Data   RO         3953    .constdata          os_cfg_app.o
    0x0800be7e   0x0800be7e   0x00000002   PAD
    0x0800be80   0x0800be80   0x00000018   Data   RO         5711    .constdata          STemWin522_CM3_OS_Keil.lib(guicc_565.o)
    0x0800be98   0x0800be98   0x00000018   Data   RO         5721    .constdata          STemWin522_CM3_OS_Keil.lib(guicc_m565.o)
    0x0800beb0   0x0800beb0   0x00000008   Data   RO         5809    .constdata          STemWin522_CM3_OS_Keil.lib(gui_core.o)
    0x0800beb8   0x0800beb8   0x00000008   Data   RO         5837    .constdata          STemWin522_CM3_OS_Keil.lib(gui_device.o)
    0x0800bec0   0x0800bec0   0x00000034   Data   RO         5969    .constdata          STemWin522_CM3_OS_Keil.lib(guidrv_flexcolor.o)
    0x0800bef4   0x0800bef4   0x00000040   Data   RO         5970    .constdata          STemWin522_CM3_OS_Keil.lib(guidrv_flexcolor.o)
    0x0800bf34   0x0800bf34   0x0000000a   Data   RO         6082    .constdata          STemWin522_CM3_OS_Keil.lib(f10_ascii.o)
    0x0800bf3e   0x0800bf3e   0x0000000a   Data   RO         6083    .constdata          STemWin522_CM3_OS_Keil.lib(f10_ascii.o)
    0x0800bf48   0x0800bf48   0x0000000a   Data   RO         6084    .constdata          STemWin522_CM3_OS_Keil.lib(f10_ascii.o)
    0x0800bf52   0x0800bf52   0x0000000a   Data   RO         6085    .constdata          STemWin522_CM3_OS_Keil.lib(f10_ascii.o)
    0x0800bf5c   0x0800bf5c   0x0000000a   Data   RO         6086    .constdata          STemWin522_CM3_OS_Keil.lib(f10_ascii.o)
    0x0800bf66   0x0800bf66   0x00000014   Data   RO         6087    .constdata          STemWin522_CM3_OS_Keil.lib(f10_ascii.o)
    0x0800bf7a   0x0800bf7a   0x0000000a   Data   RO         6088    .constdata          STemWin522_CM3_OS_Keil.lib(f10_ascii.o)
    0x0800bf84   0x0800bf84   0x0000000a   Data   RO         6089    .constdata          STemWin522_CM3_OS_Keil.lib(f10_ascii.o)
    0x0800bf8e   0x0800bf8e   0x0000000a   Data   RO         6090    .constdata          STemWin522_CM3_OS_Keil.lib(f10_ascii.o)
    0x0800bf98   0x0800bf98   0x0000000a   Data   RO         6091    .constdata          STemWin522_CM3_OS_Keil.lib(f10_ascii.o)
    0x0800bfa2   0x0800bfa2   0x0000000a   Data   RO         6092    .constdata          STemWin522_CM3_OS_Keil.lib(f10_ascii.o)
    0x0800bfac   0x0800bfac   0x0000000a   Data   RO         6093    .constdata          STemWin522_CM3_OS_Keil.lib(f10_ascii.o)
    0x0800bfb6   0x0800bfb6   0x0000000a   Data   RO         6094    .constdata          STemWin522_CM3_OS_Keil.lib(f10_ascii.o)
    0x0800bfc0   0x0800bfc0   0x0000000a   Data   RO         6095    .constdata          STemWin522_CM3_OS_Keil.lib(f10_ascii.o)
    0x0800bfca   0x0800bfca   0x0000000a   Data   RO         6096    .constdata          STemWin522_CM3_OS_Keil.lib(f10_ascii.o)
    0x0800bfd4   0x0800bfd4   0x0000000a   Data   RO         6097    .constdata          STemWin522_CM3_OS_Keil.lib(f10_ascii.o)
    0x0800bfde   0x0800bfde   0x0000000a   Data   RO         6098    .constdata          STemWin522_CM3_OS_Keil.lib(f10_ascii.o)
    0x0800bfe8   0x0800bfe8   0x0000000a   Data   RO         6099    .constdata          STemWin522_CM3_OS_Keil.lib(f10_ascii.o)
    0x0800bff2   0x0800bff2   0x0000000a   Data   RO         6100    .constdata          STemWin522_CM3_OS_Keil.lib(f10_ascii.o)
    0x0800bffc   0x0800bffc   0x0000000a   Data   RO         6101    .constdata          STemWin522_CM3_OS_Keil.lib(f10_ascii.o)
    0x0800c006   0x0800c006   0x0000000a   Data   RO         6102    .constdata          STemWin522_CM3_OS_Keil.lib(f10_ascii.o)
    0x0800c010   0x0800c010   0x0000000a   Data   RO         6103    .constdata          STemWin522_CM3_OS_Keil.lib(f10_ascii.o)
    0x0800c01a   0x0800c01a   0x0000000a   Data   RO         6104    .constdata          STemWin522_CM3_OS_Keil.lib(f10_ascii.o)
    0x0800c024   0x0800c024   0x0000000a   Data   RO         6105    .constdata          STemWin522_CM3_OS_Keil.lib(f10_ascii.o)
    0x0800c02e   0x0800c02e   0x0000000a   Data   RO         6106    .constdata          STemWin522_CM3_OS_Keil.lib(f10_ascii.o)
    0x0800c038   0x0800c038   0x0000000a   Data   RO         6107    .constdata          STemWin522_CM3_OS_Keil.lib(f10_ascii.o)
    0x0800c042   0x0800c042   0x0000000a   Data   RO         6108    .constdata          STemWin522_CM3_OS_Keil.lib(f10_ascii.o)
    0x0800c04c   0x0800c04c   0x0000000a   Data   RO         6109    .constdata          STemWin522_CM3_OS_Keil.lib(f10_ascii.o)
    0x0800c056   0x0800c056   0x0000000a   Data   RO         6110    .constdata          STemWin522_CM3_OS_Keil.lib(f10_ascii.o)
    0x0800c060   0x0800c060   0x0000000a   Data   RO         6111    .constdata          STemWin522_CM3_OS_Keil.lib(f10_ascii.o)
    0x0800c06a   0x0800c06a   0x0000000a   Data   RO         6112    .constdata          STemWin522_CM3_OS_Keil.lib(f10_ascii.o)
    0x0800c074   0x0800c074   0x0000000a   Data   RO         6113    .constdata          STemWin522_CM3_OS_Keil.lib(f10_ascii.o)
    0x0800c07e   0x0800c07e   0x00000014   Data   RO         6114    .constdata          STemWin522_CM3_OS_Keil.lib(f10_ascii.o)
    0x0800c092   0x0800c092   0x0000000a   Data   RO         6115    .constdata          STemWin522_CM3_OS_Keil.lib(f10_ascii.o)
    0x0800c09c   0x0800c09c   0x0000000a   Data   RO         6116    .constdata          STemWin522_CM3_OS_Keil.lib(f10_ascii.o)
    0x0800c0a6   0x0800c0a6   0x0000000a   Data   RO         6117    .constdata          STemWin522_CM3_OS_Keil.lib(f10_ascii.o)
    0x0800c0b0   0x0800c0b0   0x0000000a   Data   RO         6118    .constdata          STemWin522_CM3_OS_Keil.lib(f10_ascii.o)
    0x0800c0ba   0x0800c0ba   0x0000000a   Data   RO         6119    .constdata          STemWin522_CM3_OS_Keil.lib(f10_ascii.o)
    0x0800c0c4   0x0800c0c4   0x0000000a   Data   RO         6120    .constdata          STemWin522_CM3_OS_Keil.lib(f10_ascii.o)
    0x0800c0ce   0x0800c0ce   0x0000000a   Data   RO         6121    .constdata          STemWin522_CM3_OS_Keil.lib(f10_ascii.o)
    0x0800c0d8   0x0800c0d8   0x0000000a   Data   RO         6122    .constdata          STemWin522_CM3_OS_Keil.lib(f10_ascii.o)
    0x0800c0e2   0x0800c0e2   0x0000000a   Data   RO         6123    .constdata          STemWin522_CM3_OS_Keil.lib(f10_ascii.o)
    0x0800c0ec   0x0800c0ec   0x0000000a   Data   RO         6124    .constdata          STemWin522_CM3_OS_Keil.lib(f10_ascii.o)
    0x0800c0f6   0x0800c0f6   0x0000000a   Data   RO         6125    .constdata          STemWin522_CM3_OS_Keil.lib(f10_ascii.o)
    0x0800c100   0x0800c100   0x0000000a   Data   RO         6126    .constdata          STemWin522_CM3_OS_Keil.lib(f10_ascii.o)
    0x0800c10a   0x0800c10a   0x0000000a   Data   RO         6127    .constdata          STemWin522_CM3_OS_Keil.lib(f10_ascii.o)
    0x0800c114   0x0800c114   0x0000000a   Data   RO         6128    .constdata          STemWin522_CM3_OS_Keil.lib(f10_ascii.o)
    0x0800c11e   0x0800c11e   0x0000000a   Data   RO         6129    .constdata          STemWin522_CM3_OS_Keil.lib(f10_ascii.o)
    0x0800c128   0x0800c128   0x0000000a   Data   RO         6130    .constdata          STemWin522_CM3_OS_Keil.lib(f10_ascii.o)
    0x0800c132   0x0800c132   0x0000000a   Data   RO         6131    .constdata          STemWin522_CM3_OS_Keil.lib(f10_ascii.o)
    0x0800c13c   0x0800c13c   0x0000000a   Data   RO         6132    .constdata          STemWin522_CM3_OS_Keil.lib(f10_ascii.o)
    0x0800c146   0x0800c146   0x0000000a   Data   RO         6133    .constdata          STemWin522_CM3_OS_Keil.lib(f10_ascii.o)
    0x0800c150   0x0800c150   0x0000000a   Data   RO         6134    .constdata          STemWin522_CM3_OS_Keil.lib(f10_ascii.o)
    0x0800c15a   0x0800c15a   0x0000000a   Data   RO         6135    .constdata          STemWin522_CM3_OS_Keil.lib(f10_ascii.o)
    0x0800c164   0x0800c164   0x0000000a   Data   RO         6136    .constdata          STemWin522_CM3_OS_Keil.lib(f10_ascii.o)
    0x0800c16e   0x0800c16e   0x00000014   Data   RO         6137    .constdata          STemWin522_CM3_OS_Keil.lib(f10_ascii.o)
    0x0800c182   0x0800c182   0x0000000a   Data   RO         6138    .constdata          STemWin522_CM3_OS_Keil.lib(f10_ascii.o)
    0x0800c18c   0x0800c18c   0x0000000a   Data   RO         6139    .constdata          STemWin522_CM3_OS_Keil.lib(f10_ascii.o)
    0x0800c196   0x0800c196   0x0000000a   Data   RO         6140    .constdata          STemWin522_CM3_OS_Keil.lib(f10_ascii.o)
    0x0800c1a0   0x0800c1a0   0x0000000a   Data   RO         6141    .constdata          STemWin522_CM3_OS_Keil.lib(f10_ascii.o)
    0x0800c1aa   0x0800c1aa   0x0000000a   Data   RO         6142    .constdata          STemWin522_CM3_OS_Keil.lib(f10_ascii.o)
    0x0800c1b4   0x0800c1b4   0x0000000a   Data   RO         6143    .constdata          STemWin522_CM3_OS_Keil.lib(f10_ascii.o)
    0x0800c1be   0x0800c1be   0x0000000a   Data   RO         6144    .constdata          STemWin522_CM3_OS_Keil.lib(f10_ascii.o)
    0x0800c1c8   0x0800c1c8   0x0000000a   Data   RO         6145    .constdata          STemWin522_CM3_OS_Keil.lib(f10_ascii.o)
    0x0800c1d2   0x0800c1d2   0x0000000a   Data   RO         6146    .constdata          STemWin522_CM3_OS_Keil.lib(f10_ascii.o)
    0x0800c1dc   0x0800c1dc   0x0000000a   Data   RO         6147    .constdata          STemWin522_CM3_OS_Keil.lib(f10_ascii.o)
    0x0800c1e6   0x0800c1e6   0x0000000a   Data   RO         6148    .constdata          STemWin522_CM3_OS_Keil.lib(f10_ascii.o)
    0x0800c1f0   0x0800c1f0   0x0000000a   Data   RO         6149    .constdata          STemWin522_CM3_OS_Keil.lib(f10_ascii.o)
    0x0800c1fa   0x0800c1fa   0x0000000a   Data   RO         6150    .constdata          STemWin522_CM3_OS_Keil.lib(f10_ascii.o)
    0x0800c204   0x0800c204   0x0000000a   Data   RO         6151    .constdata          STemWin522_CM3_OS_Keil.lib(f10_ascii.o)
    0x0800c20e   0x0800c20e   0x0000000a   Data   RO         6152    .constdata          STemWin522_CM3_OS_Keil.lib(f10_ascii.o)
    0x0800c218   0x0800c218   0x0000000a   Data   RO         6153    .constdata          STemWin522_CM3_OS_Keil.lib(f10_ascii.o)
    0x0800c222   0x0800c222   0x0000000a   Data   RO         6154    .constdata          STemWin522_CM3_OS_Keil.lib(f10_ascii.o)
    0x0800c22c   0x0800c22c   0x0000000a   Data   RO         6155    .constdata          STemWin522_CM3_OS_Keil.lib(f10_ascii.o)
    0x0800c236   0x0800c236   0x0000000a   Data   RO         6156    .constdata          STemWin522_CM3_OS_Keil.lib(f10_ascii.o)
    0x0800c240   0x0800c240   0x0000000a   Data   RO         6157    .constdata          STemWin522_CM3_OS_Keil.lib(f10_ascii.o)
    0x0800c24a   0x0800c24a   0x0000000a   Data   RO         6158    .constdata          STemWin522_CM3_OS_Keil.lib(f10_ascii.o)
    0x0800c254   0x0800c254   0x0000000a   Data   RO         6159    .constdata          STemWin522_CM3_OS_Keil.lib(f10_ascii.o)
    0x0800c25e   0x0800c25e   0x0000000a   Data   RO         6160    .constdata          STemWin522_CM3_OS_Keil.lib(f10_ascii.o)
    0x0800c268   0x0800c268   0x0000000a   Data   RO         6161    .constdata          STemWin522_CM3_OS_Keil.lib(f10_ascii.o)
    0x0800c272   0x0800c272   0x0000000a   Data   RO         6162    .constdata          STemWin522_CM3_OS_Keil.lib(f10_ascii.o)
    0x0800c27c   0x0800c27c   0x0000000a   Data   RO         6163    .constdata          STemWin522_CM3_OS_Keil.lib(f10_ascii.o)
    0x0800c286   0x0800c286   0x0000000a   Data   RO         6164    .constdata          STemWin522_CM3_OS_Keil.lib(f10_ascii.o)
    0x0800c290   0x0800c290   0x0000000a   Data   RO         6165    .constdata          STemWin522_CM3_OS_Keil.lib(f10_ascii.o)
    0x0800c29a   0x0800c29a   0x0000000a   Data   RO         6166    .constdata          STemWin522_CM3_OS_Keil.lib(f10_ascii.o)
    0x0800c2a4   0x0800c2a4   0x0000000a   Data   RO         6167    .constdata          STemWin522_CM3_OS_Keil.lib(f10_ascii.o)
    0x0800c2ae   0x0800c2ae   0x0000000a   Data   RO         6168    .constdata          STemWin522_CM3_OS_Keil.lib(f10_ascii.o)
    0x0800c2b8   0x0800c2b8   0x00000014   Data   RO         6169    .constdata          STemWin522_CM3_OS_Keil.lib(f10_ascii.o)
    0x0800c2cc   0x0800c2cc   0x0000000a   Data   RO         6170    .constdata          STemWin522_CM3_OS_Keil.lib(f10_ascii.o)
    0x0800c2d6   0x0800c2d6   0x0000000a   Data   RO         6171    .constdata          STemWin522_CM3_OS_Keil.lib(f10_ascii.o)
    0x0800c2e0   0x0800c2e0   0x0000000a   Data   RO         6172    .constdata          STemWin522_CM3_OS_Keil.lib(f10_ascii.o)
    0x0800c2ea   0x0800c2ea   0x0000000a   Data   RO         6173    .constdata          STemWin522_CM3_OS_Keil.lib(f10_ascii.o)
    0x0800c2f4   0x0800c2f4   0x0000000a   Data   RO         6174    .constdata          STemWin522_CM3_OS_Keil.lib(f10_ascii.o)
    0x0800c2fe   0x0800c2fe   0x0000000a   Data   RO         6175    .constdata          STemWin522_CM3_OS_Keil.lib(f10_ascii.o)
    0x0800c308   0x0800c308   0x0000000a   Data   RO         6176    .constdata          STemWin522_CM3_OS_Keil.lib(f10_ascii.o)
    0x0800c312   0x0800c312   0x00000002   PAD
    0x0800c314   0x0800c314   0x00000300   Data   RO         6177    .constdata          STemWin522_CM3_OS_Keil.lib(f10_ascii.o)
    0x0800c614   0x0800c614   0x0000000c   Data   RO         6178    .constdata          STemWin522_CM3_OS_Keil.lib(f10_ascii.o)
    0x0800c620   0x0800c620   0x00000024   Data   RO         6179    .constdata          STemWin522_CM3_OS_Keil.lib(f10_ascii.o)
    0x0800c644   0x0800c644   0x0000000d   Data   RO         6180    .constdata          STemWin522_CM3_OS_Keil.lib(f13b_ascii.o)
    0x0800c651   0x0800c651   0x0000000d   Data   RO         6181    .constdata          STemWin522_CM3_OS_Keil.lib(f13b_ascii.o)
    0x0800c65e   0x0800c65e   0x0000000d   Data   RO         6182    .constdata          STemWin522_CM3_OS_Keil.lib(f13b_ascii.o)
    0x0800c66b   0x0800c66b   0x0000001a   Data   RO         6183    .constdata          STemWin522_CM3_OS_Keil.lib(f13b_ascii.o)
    0x0800c685   0x0800c685   0x0000000d   Data   RO         6184    .constdata          STemWin522_CM3_OS_Keil.lib(f13b_ascii.o)
    0x0800c692   0x0800c692   0x0000001a   Data   RO         6185    .constdata          STemWin522_CM3_OS_Keil.lib(f13b_ascii.o)
    0x0800c6ac   0x0800c6ac   0x0000001a   Data   RO         6186    .constdata          STemWin522_CM3_OS_Keil.lib(f13b_ascii.o)
    0x0800c6c6   0x0800c6c6   0x0000000d   Data   RO         6187    .constdata          STemWin522_CM3_OS_Keil.lib(f13b_ascii.o)
    0x0800c6d3   0x0800c6d3   0x0000000d   Data   RO         6188    .constdata          STemWin522_CM3_OS_Keil.lib(f13b_ascii.o)
    0x0800c6e0   0x0800c6e0   0x0000000d   Data   RO         6189    .constdata          STemWin522_CM3_OS_Keil.lib(f13b_ascii.o)
    0x0800c6ed   0x0800c6ed   0x0000000d   Data   RO         6190    .constdata          STemWin522_CM3_OS_Keil.lib(f13b_ascii.o)
    0x0800c6fa   0x0800c6fa   0x0000001a   Data   RO         6191    .constdata          STemWin522_CM3_OS_Keil.lib(f13b_ascii.o)
    0x0800c714   0x0800c714   0x0000000d   Data   RO         6192    .constdata          STemWin522_CM3_OS_Keil.lib(f13b_ascii.o)
    0x0800c721   0x0800c721   0x0000000d   Data   RO         6193    .constdata          STemWin522_CM3_OS_Keil.lib(f13b_ascii.o)
    0x0800c72e   0x0800c72e   0x0000000d   Data   RO         6194    .constdata          STemWin522_CM3_OS_Keil.lib(f13b_ascii.o)
    0x0800c73b   0x0800c73b   0x0000000d   Data   RO         6195    .constdata          STemWin522_CM3_OS_Keil.lib(f13b_ascii.o)
    0x0800c748   0x0800c748   0x0000000d   Data   RO         6196    .constdata          STemWin522_CM3_OS_Keil.lib(f13b_ascii.o)
    0x0800c755   0x0800c755   0x0000000d   Data   RO         6197    .constdata          STemWin522_CM3_OS_Keil.lib(f13b_ascii.o)
    0x0800c762   0x0800c762   0x0000000d   Data   RO         6198    .constdata          STemWin522_CM3_OS_Keil.lib(f13b_ascii.o)
    0x0800c76f   0x0800c76f   0x0000000d   Data   RO         6199    .constdata          STemWin522_CM3_OS_Keil.lib(f13b_ascii.o)
    0x0800c77c   0x0800c77c   0x0000000d   Data   RO         6200    .constdata          STemWin522_CM3_OS_Keil.lib(f13b_ascii.o)
    0x0800c789   0x0800c789   0x0000000d   Data   RO         6201    .constdata          STemWin522_CM3_OS_Keil.lib(f13b_ascii.o)
    0x0800c796   0x0800c796   0x0000000d   Data   RO         6202    .constdata          STemWin522_CM3_OS_Keil.lib(f13b_ascii.o)
    0x0800c7a3   0x0800c7a3   0x0000000d   Data   RO         6203    .constdata          STemWin522_CM3_OS_Keil.lib(f13b_ascii.o)
    0x0800c7b0   0x0800c7b0   0x0000000d   Data   RO         6204    .constdata          STemWin522_CM3_OS_Keil.lib(f13b_ascii.o)
    0x0800c7bd   0x0800c7bd   0x0000000d   Data   RO         6205    .constdata          STemWin522_CM3_OS_Keil.lib(f13b_ascii.o)
    0x0800c7ca   0x0800c7ca   0x0000000d   Data   RO         6206    .constdata          STemWin522_CM3_OS_Keil.lib(f13b_ascii.o)
    0x0800c7d7   0x0800c7d7   0x0000000d   Data   RO         6207    .constdata          STemWin522_CM3_OS_Keil.lib(f13b_ascii.o)
    0x0800c7e4   0x0800c7e4   0x0000001a   Data   RO         6208    .constdata          STemWin522_CM3_OS_Keil.lib(f13b_ascii.o)
    0x0800c7fe   0x0800c7fe   0x0000001a   Data   RO         6209    .constdata          STemWin522_CM3_OS_Keil.lib(f13b_ascii.o)
    0x0800c818   0x0800c818   0x0000001a   Data   RO         6210    .constdata          STemWin522_CM3_OS_Keil.lib(f13b_ascii.o)
    0x0800c832   0x0800c832   0x0000000d   Data   RO         6211    .constdata          STemWin522_CM3_OS_Keil.lib(f13b_ascii.o)
    0x0800c83f   0x0800c83f   0x0000001a   Data   RO         6212    .constdata          STemWin522_CM3_OS_Keil.lib(f13b_ascii.o)
    0x0800c859   0x0800c859   0x0000000d   Data   RO         6213    .constdata          STemWin522_CM3_OS_Keil.lib(f13b_ascii.o)
    0x0800c866   0x0800c866   0x0000000d   Data   RO         6214    .constdata          STemWin522_CM3_OS_Keil.lib(f13b_ascii.o)
    0x0800c873   0x0800c873   0x0000000d   Data   RO         6215    .constdata          STemWin522_CM3_OS_Keil.lib(f13b_ascii.o)
    0x0800c880   0x0800c880   0x0000000d   Data   RO         6216    .constdata          STemWin522_CM3_OS_Keil.lib(f13b_ascii.o)
    0x0800c88d   0x0800c88d   0x0000000d   Data   RO         6217    .constdata          STemWin522_CM3_OS_Keil.lib(f13b_ascii.o)
    0x0800c89a   0x0800c89a   0x0000000d   Data   RO         6218    .constdata          STemWin522_CM3_OS_Keil.lib(f13b_ascii.o)
    0x0800c8a7   0x0800c8a7   0x0000000d   Data   RO         6219    .constdata          STemWin522_CM3_OS_Keil.lib(f13b_ascii.o)
    0x0800c8b4   0x0800c8b4   0x0000000d   Data   RO         6220    .constdata          STemWin522_CM3_OS_Keil.lib(f13b_ascii.o)
    0x0800c8c1   0x0800c8c1   0x0000000d   Data   RO         6221    .constdata          STemWin522_CM3_OS_Keil.lib(f13b_ascii.o)
    0x0800c8ce   0x0800c8ce   0x0000000d   Data   RO         6222    .constdata          STemWin522_CM3_OS_Keil.lib(f13b_ascii.o)
    0x0800c8db   0x0800c8db   0x0000000d   Data   RO         6223    .constdata          STemWin522_CM3_OS_Keil.lib(f13b_ascii.o)
    0x0800c8e8   0x0800c8e8   0x0000000d   Data   RO         6224    .constdata          STemWin522_CM3_OS_Keil.lib(f13b_ascii.o)
    0x0800c8f5   0x0800c8f5   0x0000001a   Data   RO         6225    .constdata          STemWin522_CM3_OS_Keil.lib(f13b_ascii.o)
    0x0800c90f   0x0800c90f   0x0000000d   Data   RO         6226    .constdata          STemWin522_CM3_OS_Keil.lib(f13b_ascii.o)
    0x0800c91c   0x0800c91c   0x0000000d   Data   RO         6227    .constdata          STemWin522_CM3_OS_Keil.lib(f13b_ascii.o)
    0x0800c929   0x0800c929   0x0000000d   Data   RO         6228    .constdata          STemWin522_CM3_OS_Keil.lib(f13b_ascii.o)
    0x0800c936   0x0800c936   0x0000000d   Data   RO         6229    .constdata          STemWin522_CM3_OS_Keil.lib(f13b_ascii.o)
    0x0800c943   0x0800c943   0x0000000d   Data   RO         6230    .constdata          STemWin522_CM3_OS_Keil.lib(f13b_ascii.o)
    0x0800c950   0x0800c950   0x0000000d   Data   RO         6231    .constdata          STemWin522_CM3_OS_Keil.lib(f13b_ascii.o)
    0x0800c95d   0x0800c95d   0x0000000d   Data   RO         6232    .constdata          STemWin522_CM3_OS_Keil.lib(f13b_ascii.o)
    0x0800c96a   0x0800c96a   0x0000000d   Data   RO         6233    .constdata          STemWin522_CM3_OS_Keil.lib(f13b_ascii.o)
    0x0800c977   0x0800c977   0x0000000d   Data   RO         6234    .constdata          STemWin522_CM3_OS_Keil.lib(f13b_ascii.o)
    0x0800c984   0x0800c984   0x0000001a   Data   RO         6235    .constdata          STemWin522_CM3_OS_Keil.lib(f13b_ascii.o)
    0x0800c99e   0x0800c99e   0x0000000d   Data   RO         6236    .constdata          STemWin522_CM3_OS_Keil.lib(f13b_ascii.o)
    0x0800c9ab   0x0800c9ab   0x0000000d   Data   RO         6237    .constdata          STemWin522_CM3_OS_Keil.lib(f13b_ascii.o)
    0x0800c9b8   0x0800c9b8   0x0000000d   Data   RO         6238    .constdata          STemWin522_CM3_OS_Keil.lib(f13b_ascii.o)
    0x0800c9c5   0x0800c9c5   0x0000000d   Data   RO         6239    .constdata          STemWin522_CM3_OS_Keil.lib(f13b_ascii.o)
    0x0800c9d2   0x0800c9d2   0x0000000d   Data   RO         6240    .constdata          STemWin522_CM3_OS_Keil.lib(f13b_ascii.o)
    0x0800c9df   0x0800c9df   0x0000000d   Data   RO         6241    .constdata          STemWin522_CM3_OS_Keil.lib(f13b_ascii.o)
    0x0800c9ec   0x0800c9ec   0x0000001a   Data   RO         6242    .constdata          STemWin522_CM3_OS_Keil.lib(f13b_ascii.o)
    0x0800ca06   0x0800ca06   0x0000000d   Data   RO         6243    .constdata          STemWin522_CM3_OS_Keil.lib(f13b_ascii.o)
    0x0800ca13   0x0800ca13   0x0000000d   Data   RO         6244    .constdata          STemWin522_CM3_OS_Keil.lib(f13b_ascii.o)
    0x0800ca20   0x0800ca20   0x0000000d   Data   RO         6245    .constdata          STemWin522_CM3_OS_Keil.lib(f13b_ascii.o)
    0x0800ca2d   0x0800ca2d   0x0000000d   Data   RO         6246    .constdata          STemWin522_CM3_OS_Keil.lib(f13b_ascii.o)
    0x0800ca3a   0x0800ca3a   0x0000000d   Data   RO         6247    .constdata          STemWin522_CM3_OS_Keil.lib(f13b_ascii.o)
    0x0800ca47   0x0800ca47   0x0000000d   Data   RO         6248    .constdata          STemWin522_CM3_OS_Keil.lib(f13b_ascii.o)
    0x0800ca54   0x0800ca54   0x0000000d   Data   RO         6249    .constdata          STemWin522_CM3_OS_Keil.lib(f13b_ascii.o)
    0x0800ca61   0x0800ca61   0x0000000d   Data   RO         6250    .constdata          STemWin522_CM3_OS_Keil.lib(f13b_ascii.o)
    0x0800ca6e   0x0800ca6e   0x0000000d   Data   RO         6251    .constdata          STemWin522_CM3_OS_Keil.lib(f13b_ascii.o)
    0x0800ca7b   0x0800ca7b   0x0000000d   Data   RO         6252    .constdata          STemWin522_CM3_OS_Keil.lib(f13b_ascii.o)
    0x0800ca88   0x0800ca88   0x0000000d   Data   RO         6253    .constdata          STemWin522_CM3_OS_Keil.lib(f13b_ascii.o)
    0x0800ca95   0x0800ca95   0x0000000d   Data   RO         6254    .constdata          STemWin522_CM3_OS_Keil.lib(f13b_ascii.o)
    0x0800caa2   0x0800caa2   0x0000000d   Data   RO         6255    .constdata          STemWin522_CM3_OS_Keil.lib(f13b_ascii.o)
    0x0800caaf   0x0800caaf   0x0000000d   Data   RO         6256    .constdata          STemWin522_CM3_OS_Keil.lib(f13b_ascii.o)
    0x0800cabc   0x0800cabc   0x0000001a   Data   RO         6257    .constdata          STemWin522_CM3_OS_Keil.lib(f13b_ascii.o)
    0x0800cad6   0x0800cad6   0x0000000d   Data   RO         6258    .constdata          STemWin522_CM3_OS_Keil.lib(f13b_ascii.o)
    0x0800cae3   0x0800cae3   0x0000000d   Data   RO         6259    .constdata          STemWin522_CM3_OS_Keil.lib(f13b_ascii.o)
    0x0800caf0   0x0800caf0   0x0000000d   Data   RO         6260    .constdata          STemWin522_CM3_OS_Keil.lib(f13b_ascii.o)
    0x0800cafd   0x0800cafd   0x0000000d   Data   RO         6261    .constdata          STemWin522_CM3_OS_Keil.lib(f13b_ascii.o)
    0x0800cb0a   0x0800cb0a   0x0000000d   Data   RO         6262    .constdata          STemWin522_CM3_OS_Keil.lib(f13b_ascii.o)
    0x0800cb17   0x0800cb17   0x0000000d   Data   RO         6263    .constdata          STemWin522_CM3_OS_Keil.lib(f13b_ascii.o)
    0x0800cb24   0x0800cb24   0x0000000d   Data   RO         6264    .constdata          STemWin522_CM3_OS_Keil.lib(f13b_ascii.o)
    0x0800cb31   0x0800cb31   0x0000000d   Data   RO         6265    .constdata          STemWin522_CM3_OS_Keil.lib(f13b_ascii.o)
    0x0800cb3e   0x0800cb3e   0x0000000d   Data   RO         6266    .constdata          STemWin522_CM3_OS_Keil.lib(f13b_ascii.o)
    0x0800cb4b   0x0800cb4b   0x0000001a   Data   RO         6267    .constdata          STemWin522_CM3_OS_Keil.lib(f13b_ascii.o)
    0x0800cb65   0x0800cb65   0x0000000d   Data   RO         6268    .constdata          STemWin522_CM3_OS_Keil.lib(f13b_ascii.o)
    0x0800cb72   0x0800cb72   0x0000000d   Data   RO         6269    .constdata          STemWin522_CM3_OS_Keil.lib(f13b_ascii.o)
    0x0800cb7f   0x0800cb7f   0x0000000d   Data   RO         6270    .constdata          STemWin522_CM3_OS_Keil.lib(f13b_ascii.o)
    0x0800cb8c   0x0800cb8c   0x0000000d   Data   RO         6271    .constdata          STemWin522_CM3_OS_Keil.lib(f13b_ascii.o)
    0x0800cb99   0x0800cb99   0x0000000d   Data   RO         6272    .constdata          STemWin522_CM3_OS_Keil.lib(f13b_ascii.o)
    0x0800cba6   0x0800cba6   0x0000000d   Data   RO         6273    .constdata          STemWin522_CM3_OS_Keil.lib(f13b_ascii.o)
    0x0800cbb3   0x0800cbb3   0x0000001a   Data   RO         6274    .constdata          STemWin522_CM3_OS_Keil.lib(f13b_ascii.o)
    0x0800cbcd   0x0800cbcd   0x00000003   PAD
    0x0800cbd0   0x0800cbd0   0x000002f8   Data   RO         6275    .constdata          STemWin522_CM3_OS_Keil.lib(f13b_ascii.o)
    0x0800cec8   0x0800cec8   0x0000000c   Data   RO         6276    .constdata          STemWin522_CM3_OS_Keil.lib(f13b_ascii.o)
    0x0800ced4   0x0800ced4   0x00000024   Data   RO         6277    .constdata          STemWin522_CM3_OS_Keil.lib(f13b_ascii.o)
    0x0800cef8   0x0800cef8   0x00000518   Data   RO         6278    .constdata          STemWin522_CM3_OS_Keil.lib(f6x8.o)
    0x0800d410   0x0800d410   0x000001c0   Data   RO         6279    .constdata          STemWin522_CM3_OS_Keil.lib(f6x8.o)
    0x0800d5d0   0x0800d5d0   0x00000008   Data   RO         6280    .constdata          STemWin522_CM3_OS_Keil.lib(f6x8.o)
    0x0800d5d8   0x0800d5d8   0x00000014   Data   RO         6281    .constdata          STemWin522_CM3_OS_Keil.lib(f6x8.o)
    0x0800d5ec   0x0800d5ec   0x00000024   Data   RO         6282    .constdata          STemWin522_CM3_OS_Keil.lib(f6x8.o)
    0x0800d610   0x0800d610   0x00000100   Data   RO         6284    .constdata          STemWin522_CM3_OS_Keil.lib(gui__divtbl_255_31.o)
    0x0800d710   0x0800d710   0x00000100   Data   RO         6285    .constdata          STemWin522_CM3_OS_Keil.lib(gui__divtbl_255_63.o)
    0x0800d810   0x0800d810   0x00000020   Data   RO         6286    .constdata          STemWin522_CM3_OS_Keil.lib(gui__divtbl_31_255.o)
    0x0800d830   0x0800d830   0x00000040   Data   RO         6287    .constdata          STemWin522_CM3_OS_Keil.lib(gui__divtbl_63_255.o)
    0x0800d870   0x0800d870   0x00000010   Data   RO         6350    .constdata          STemWin522_CM3_OS_Keil.lib(gui_uc_encodenone.o)
    0x0800d880   0x0800d880   0x0000000c   Data   RO         6378    .constdata          STemWin522_CM3_OS_Keil.lib(lcd.o)
    0x0800d88c   0x0800d88c   0x00000074   Data   RO         6429    .constdata          STemWin522_CM3_OS_Keil.lib(guidev_16.o)
    0x0800d900   0x0800d900   0x00000018   Data   RO         6688    .constdata          STemWin522_CM3_OS_Keil.lib(guicc_0.o)
    0x0800d918   0x0800d918   0x00000100   Data   RO         6774    .constdata          STemWin522_CM3_OS_Keil.lib(lcd_mirror.o)
    0x0800da18   0x0800da18   0x00000008   Data   RO         6835    .constdata          STemWin522_CM3_OS_Keil.lib(guidev_writetoactiveopaque.o)
    0x0800da20   0x0800da20   0x00000018   Data   RO         7099    .constdata          STemWin522_CM3_OS_Keil.lib(guicc_8888.o)
    0x0800da38   0x0800da38   0x00000074   Data   RO         7127    .constdata          STemWin522_CM3_OS_Keil.lib(guidev_32.o)
    0x0800daac   0x0800daac   0x00000018   Data   RO         7169    .constdata          STemWin522_CM3_OS_Keil.lib(guidev_usagebm.o)
    0x0800dac4   0x0800dac4   0x00000020   Data   RO         7699    Region$$Table       anon$$obj.o


    Execution Region RW_IRAM1 (Exec base: 0x20000000, Load base: 0x0800dae4, Size: 0x0000fa48, Max: 0x00010000, ABSOLUTE, COMPRESSED[0x0000005c])

    Exec Addr    Load Addr    Size         Type   Attr      Idx    E Section Name        Object

    0x20000000   COMPRESSED   0x00000014   Data   RW         1738    .data               stm32f10x_rcc.o
    0x20000014   COMPRESSED   0x00000004   Data   RW         3481    .data               cpu_core.o
    0x20000018   COMPRESSED   0x00000004   Data   RW         4382    .data               os_prio.o
    0x2000001c   COMPRESSED   0x00000004   Data   RW         4889    .data               os_var.o
    0x20000020   COMPRESSED   0x00000001   Data   RW         4890    .data               os_var.o
    0x20000021   COMPRESSED   0x00000001   Data   RW         4891    .data               os_var.o
    0x20000022   COMPRESSED   0x00000002   Data   RW         4892    .data               os_var.o
    0x20000024   COMPRESSED   0x00000002   Data   RW         4893    .data               os_var.o
    0x20000026   COMPRESSED   0x00000002   Data   RW         4894    .data               os_var.o
    0x20000028   COMPRESSED   0x00000001   Data   RW         4895    .data               os_var.o
    0x20000029   COMPRESSED   0x00000001   Data   RW         4896    .data               os_var.o
    0x2000002a   COMPRESSED   0x00000001   Data   RW         4897    .data               os_var.o
    0x2000002b   COMPRESSED   0x00000001   PAD
    0x2000002c   COMPRESSED   0x00000002   Data   RW         4898    .data               os_var.o
    0x2000002e   COMPRESSED   0x00000001   Data   RW         4899    .data               os_var.o
    0x2000002f   COMPRESSED   0x00000001   PAD
    0x20000030   COMPRESSED   0x00000002   Data   RW         4900    .data               os_var.o
    0x20000032   COMPRESSED   0x00000001   Data   RW         4901    .data               os_var.o
    0x20000033   COMPRESSED   0x00000001   PAD
    0x20000034   COMPRESSED   0x00000002   Data   RW         4902    .data               os_var.o
    0x20000036   COMPRESSED   0x00000002   Data   RW         4903    .data               os_var.o
    0x20000038   COMPRESSED   0x00000004   Data   RW         4904    .data               os_var.o
    0x2000003c   COMPRESSED   0x00000004   Data   RW         4905    .data               os_var.o
    0x20000040   COMPRESSED   0x00000004   Data   RW         4906    .data               os_var.o
    0x20000044   COMPRESSED   0x00000001   Data   RW         4907    .data               os_var.o
    0x20000045   COMPRESSED   0x00000003   PAD
    0x20000048   COMPRESSED   0x00000004   Data   RW         4908    .data               os_var.o
    0x2000004c   COMPRESSED   0x00000004   Data   RW         4909    .data               os_var.o
    0x20000050   COMPRESSED   0x00000002   Data   RW         4910    .data               os_var.o
    0x20000052   COMPRESSED   0x00000001   Data   RW         4911    .data               os_var.o
    0x20000053   COMPRESSED   0x00000001   PAD
    0x20000054   COMPRESSED   0x00000004   Data   RW         4912    .data               os_var.o
    0x20000058   COMPRESSED   0x00000004   Data   RW         4913    .data               os_var.o
    0x2000005c   COMPRESSED   0x00000002   Data   RW         4914    .data               os_var.o
    0x2000005e   COMPRESSED   0x00000002   PAD
    0x20000060   COMPRESSED   0x00000004   Data   RW         4915    .data               os_var.o
    0x20000064   COMPRESSED   0x00000004   Data   RW         4916    .data               os_var.o
    0x20000068   COMPRESSED   0x00000004   Data   RW         4917    .data               os_var.o
    0x2000006c   COMPRESSED   0x00000004   Data   RW         4918    .data               os_var.o
    0x20000070   COMPRESSED   0x00000004   Data   RW         4919    .data               os_var.o
    0x20000074   COMPRESSED   0x00000004   Data   RW         4920    .data               os_var.o
    0x20000078   COMPRESSED   0x00000004   Data   RW         4947    .data               os_cpu_c.o
    0x2000007c   COMPRESSED   0x00000002   Data   RW         5109    .data               bsp_ili9341_lcd.o
    0x2000007e   COMPRESSED   0x00000003   Data   RW         5497    .data               key_code.o
    0x20000081   COMPRESSED   0x00000003   PAD
    0x20000084   COMPRESSED   0x00000008   Data   RW         5722    .data               STemWin522_CM3_OS_Keil.lib(guicc_m565.o)
    0x2000008c   COMPRESSED   0x00000008   Data   RW         5763    .data               STemWin522_CM3_OS_Keil.lib(gui_alloc.o)
    0x20000094   COMPRESSED   0x0000002c   Data   RW         5810    .data               STemWin522_CM3_OS_Keil.lib(gui_core.o)
    0x200000c0   COMPRESSED   0x00000004   Data   RW         5811    .data               STemWin522_CM3_OS_Keil.lib(gui_core.o)
    0x200000c4   COMPRESSED   0x00000004   Data   RW         5812    .data               STemWin522_CM3_OS_Keil.lib(gui_core.o)
    0x200000c8   COMPRESSED   0x00000004   Data   RW         5813    .data               STemWin522_CM3_OS_Keil.lib(gui_core.o)
    0x200000cc   COMPRESSED   0x00000004   Data   RW         5814    .data               STemWin522_CM3_OS_Keil.lib(gui_core.o)
    0x200000d0   COMPRESSED   0x00000002   Data   RW         5815    .data               STemWin522_CM3_OS_Keil.lib(gui_core.o)
    0x200000d2   COMPRESSED   0x00000002   Data   RW         5816    .data               STemWin522_CM3_OS_Keil.lib(gui_core.o)
    0x200000d4   COMPRESSED   0x0000001c   Data   RW         5971    .data               STemWin522_CM3_OS_Keil.lib(guidrv_flexcolor.o)
    0x200000f0   COMPRESSED   0x00000008   Data   RW         6063    .data               STemWin522_CM3_OS_Keil.lib(guidrv_flexcolor_func66709.o)
    0x200000f8   COMPRESSED   0x0000001c   Data   RW         6337    .data               STemWin522_CM3_OS_Keil.lib(gui_task.o)
    0x20000114   COMPRESSED   0x00000004   Data   RW         6379    .data               STemWin522_CM3_OS_Keil.lib(lcd.o)
    0x20000118   COMPRESSED   0x00000010   Data   RW         6405    .data               STemWin522_CM3_OS_Keil.lib(lcd_color.o)
    0x20000128   COMPRESSED   0x00000058   Data   RW         6502    .data               STemWin522_CM3_OS_Keil.lib(wm.o)
    0x20000180   COMPRESSED   0x00000008   Data   RW         6567    .data               STemWin522_CM3_OS_Keil.lib(gui__managecache.o)
    0x20000188   COMPRESSED   0x00000004   Data   RW         6590    .data               STemWin522_CM3_OS_Keil.lib(gui_charline.o)
    0x2000018c   COMPRESSED   0x0000000c   Data   RW         6619    .data               STemWin522_CM3_OS_Keil.lib(gui_onkey.o)
    0x20000198   COMPRESSED   0x0000000c   Data   RW         6676    .data               STemWin522_CM3_OS_Keil.lib(gui_waitevent.o)
    0x200001a4   COMPRESSED   0x00000004   Data   RW         6800    .data               STemWin522_CM3_OS_Keil.lib(guidev_banding.o)
    0x200001a8   COMPRESSED   0x00000001   Data   RW         6814    .data               STemWin522_CM3_OS_Keil.lib(guidev_staticdevices.o)
    0x200001a9   COMPRESSED   0x00000003   PAD
    0x200001ac   COMPRESSED   0x00000004   Data   RW         6841    .data               STemWin522_CM3_OS_Keil.lib(wm__sendmessage.o)
    0x200001b0   COMPRESSED   0x00000028   Data   RW         6901    .data               STemWin522_CM3_OS_Keil.lib(gui__alpha.o)
    0x200001d8   COMPRESSED   0x00000020   Data   RW         7018    .data               STemWin522_CM3_OS_Keil.lib(gui_setalpha.o)
    0x200001f8   COMPRESSED   0x00000014   Data   RW         7076    .data               STemWin522_CM3_OS_Keil.lib(gui_timer.o)
    0x2000020c   COMPRESSED   0x00000004   Data   RW         7329    .data               STemWin522_CM3_OS_Keil.lib(lcd_aa.o)
    0x20000210   COMPRESSED   0x00000004   Data   RW         7386    .data               mc_w.l(rand.o)
    0x20000214   COMPRESSED   0x00000004   Data   RW         7675    .data               mc_w.l(stdout.o)
    0x20000218        -       0x0000081c   Zero   RW         3113    .bss                main.o
    0x20000a34        -       0x00000200   Zero   RW         3907    .bss                os_cfg_app.o
    0x20000c34        -       0x00000200   Zero   RW         3908    .bss                os_cfg_app.o
    0x20000e34        -       0x00000640   Zero   RW         3909    .bss                os_cfg_app.o
    0x20001474        -       0x00000200   Zero   RW         3910    .bss                os_cfg_app.o
    0x20001674        -       0x00000200   Zero   RW         3911    .bss                os_cfg_app.o
    0x20001874        -       0x00000088   Zero   RW         3912    .bss                os_cfg_app.o
    0x200018fc        -       0x00000200   Zero   RW         3913    .bss                os_cfg_app.o
    0x20001afc        -       0x00000088   Zero   RW         3914    .bss                os_cfg_app.o
    0x20001b84        -       0x000000b4   Zero   RW         4883    .bss                os_var.o
    0x20001c38        -       0x0000000c   Zero   RW         4884    .bss                os_var.o
    0x20001c44        -       0x00000180   Zero   RW         4885    .bss                os_var.o
    0x20001dc4        -       0x000000b4   Zero   RW         4886    .bss                os_var.o
    0x20001e78        -       0x000000b4   Zero   RW         4887    .bss                os_var.o
    0x20001f2c        -       0x000000b4   Zero   RW         4888    .bss                os_var.o
    0x20001fe0        -       0x00000048   Zero   RW         5232    .bss                app.o
    0x20002028        -       0x000001c0   Zero   RW         5325    .bss                tetriminos_process.o
    0x200021e8        -       0x000009f0   Zero   RW         5405    .bss                tetris_logic_process.o
    0x20002bd8        -       0x00000024   Zero   RW         5496    .bss                key_code.o
    0x20002bfc        -       0x0000c800   Zero   RW         5530    .bss                guiconf.o
    0x2000f3fc        -       0x00000054   Zero   RW         5613    .bss                gui_x_ucos.o
    0x2000f450        -       0x000000c8   Zero   RW         5762    .bss                STemWin522_CM3_OS_Keil.lib(gui_alloc.o)
    0x2000f518        -       0x00000078   Zero   RW         5808    .bss                STemWin522_CM3_OS_Keil.lib(gui_core.o)
    0x2000f590        -       0x00000018   Zero   RW         6501    .bss                STemWin522_CM3_OS_Keil.lib(wm.o)
    0x2000f5a8        -       0x00000058   Zero   RW         6618    .bss                STemWin522_CM3_OS_Keil.lib(gui_onkey.o)
    0x2000f600        -       0x00000048   Zero   RW         6882    .bss                STemWin522_CM3_OS_Keil.lib(wm_touch.o)
    0x2000f648        -       0x00000400   Zero   RW            1    STACK               startup_stm32f10x_hd.o


==============================================================================

Image component sizes


      Code (inc. data)   RO Data    RW Data    ZI Data      Debug   Object Name

       648        146          0          0         72       4871   app.o
        64          0          0          0          0       1381   block_process.o
       146         22          0          0          0       3033   bsp.o
      1214         38          0          2          0      15328   bsp_ili9341_lcd.o
        96          4          0          0          0        570   bsp_led.o
       212         14          0          0          0       2936   bsp_usart1.o
         0          0          0          0          0       4508   core_cm3.o
        52          0          0          0          0        380   cpu_a.o
        32         12          0          4          0      11115   cpu_core.o
       172         54          0          0         84       4565   gui_x_ucos.o
        36          8          0          0      51200      47152   guiconf.o
       388         38          0          3         36       3487   key_code.o
       300         60          0          0          0       6896   lcdconf_flexcolor_template.o
         2          0          0          0          0        459   lib_mem.o
       544          0          0          0          0        528   lib_mem_a.o
       376        122          0          0       2076      75932   main.o
       120         14          0          0          0       1691   misc.o
         2          0         85          0       4432      18287   os_cfg_app.o
      1804        248          0          0          0      16668   os_core.o
       132         32          0          0          0        424   os_cpu_a.o
       288         36          0          4          0       8361   os_cpu_c.o
        16          6          0          0          0        934   os_flag.o
        16          6          0          0          0        937   os_mem.o
       386         30          0          0          0       4298   os_msg.o
        16          6          0          0          0        939   os_mutex.o
       124         18          0          4          0       3050   os_prio.o
       534         22          0          0          0       5078   os_q.o
       560         22          0          0          0       5743   os_sem.o
       744        176          0          0          0       3615   os_stat.o
      1560        116          0          0          0      10839   os_task.o
       894        116          0          0          0       5933   os_tick.o
       420         44          0          0          0       3621   os_time.o
       934        142          0          0          0       6299   os_tmr.o
         0          0          0         83       1116      16606   os_var.o
        36          8        304          0       1024        908   startup_stm32f10x_hd.o
       238          6          0          0          0       1989   stm32f10x_fsmc.o
       174          0          0          0          0       3236   stm32f10x_gpio.o
        14          0          0          0          0       3227   stm32f10x_it.o
       228         30          0         20          0       4789   stm32f10x_rcc.o
       384          6          0          0          0       8017   stm32f10x_usart.o
       260         26          0          0          0     238249   system_stm32f10x.o
       594         98          0          0        448       5590   tetriminos_process.o
       990         56          0          0       2544      11061   tetris_logic_process.o

    ----------------------------------------------------------------------
     15798       1782        432        132      63032     573530   Object Totals
         0          0         32          0          0          0   (incl. Generated)
        48          0         11         12          0          0   (incl. Padding)

    ----------------------------------------------------------------------

      Code (inc. data)   RO Data    RW Data    ZI Data      Debug   Library Member Name

         0          0       1806          0          0          0   f10_ascii.o
         0          0       2225          0          0          0   f13b_ascii.o
         0          0       1816          0          0          0   f6x8.o
       824         34          0         40          0        508   gui__alpha.o
       668          0          0          0          0        160   gui__compactpixelindices.o
         0          0        256          0          0          0   gui__divtbl_255_31.o
         0          0        256          0          0          0   gui__divtbl_255_63.o
         0          0         32          0          0          0   gui__divtbl_31_255.o
         0          0         64          0          0          0   gui__divtbl_63_255.o
       320          0          0          0          0        108   gui__expandpixelindices.o
        58          0          0          0          0         68   gui__intersectrect.o
        82          0          0          0          0         80   gui__intersectrects.o
       188          8          0          8          0        152   gui__managecache.o
        76          0          0          0          0         76   gui__memset.o
        58          0          0          0          0         76   gui__memset16.o
      1834        116          0          8        200       1912   gui_alloc.o
        46          0          0          0          0         80   gui_alloc_alloczero.o
        68          0          0          0          0         76   gui_calccolordist.o
       164         20          0          0          0        308   gui_char.o
       458         36          0          4          0        472   gui_charline.o
       394         10          0          0          0        300   gui_charm.o
       308         10          0          0          0        384   gui_charp.o
       476         78          8         64        120        620   gui_core.o
       426         32          8          0          0        676   gui_device.o
       264          4          0          0          0         88   gui_dispstring.o
        40          6          0          0          0         88   gui_dispstringat.o
        52          4          0          0          0         92   gui_dispstringhcenter.o
        52          4          0          0          0        152   gui_exec.o
        88          4          0          0          0         84   gui_fillrect.o
        48          0          0          0          0        152   gui_getcolor.o
        54         10          0          0          0        156   gui_getorg.o
        66         12          0          0          0        216   gui_goto.o
        88          0          0          0          0         76   gui_mergerect.o
        30          0          0          0          0         68   gui_moverect.o
       102         12          0         12         88        284   gui_onkey.o
        28          4          0          0          0         80   gui_pen.o
        56          0          0          0          0         68   gui_rectsintersect.o
        32         10          0          0          0        136   gui_savecontext.o
        48         10          0          0          0         80   gui_selectlayer.o
        26          0          0          0          0         80   gui_selectlcd.o
        36          4          0         32          0         76   gui_setalpha.o
        44          0          0          0          0        160   gui_setcolor.o
        64          6          0          0          0         80   gui_setdefault.o
        24          0          0          0          0         76   gui_setdrawmode.o
        32          6          0          0          0         80   gui_setfont.o
        28          4          0          0          0         80   gui_setlinestyle.o
        64         16          0          0          0         88   gui_setorg.o
        32          6          0          0          0         80   gui_settextalign.o
        32          6          0          0          0         80   gui_settextmode.o
       308         36          0         28          0        392   gui_task.o
       104          6          0          0          0         84   gui_time.o
       354         16          0         20          0        484   gui_timer.o
        84         10          0          0          0        168   gui_uc.o
        18          0         16          0          0        272   gui_uc_encodenone.o
        16          4          0         12          0         68   gui_waitevent.o
       198          0         24          0          0        244   guicc_0.o
       174         28         24          0          0        312   guicc_565.o
        44         10          0          0          0         76   guicc_565_index2color.o
        36          0         24          0          0        288   guicc_8888.o
         2          0          0          0          0         68   guicc_8888_index2color.o
         2          0          0          0          0         68   guicc_888_index2color.o
       206         32         24          8          0        336   guicc_m565.o
        44         10          0          0          0         76   guicc_m565_index2color.o
       806         38          0          0          0        676   guidev.o
      2268         60        116          0          0       1324   guidev_16.o
      2320         62        116          0          0       1428   guidev_32.o
       300         10          0          4          0        164   guidev_banding.o
        68          4          0          0          0         76   guidev_clear.o
        34          0          0          0          0         80   guidev_getdataptr.o
        52          6          0          0          0         80   guidev_getysize.o
        56          4          0          0          0         80   guidev_reduceysize.o
       100          4          0          0          0         80   guidev_setorg.o
       308         12          0          1          0        176   guidev_staticdevices.o
        84          0          0          0          0        164   guidev_usage.o
       460          4         24          0          0        460   guidev_usagebm.o
       116          4          0          0          0        148   guidev_write.o
       280         14          0          0          0         96   guidev_writetoactivealpha.o
      1698         18          8          0          0        384   guidev_writetoactiveopaque.o
      1472         74        116         28          0       3308   guidrv_flexcolor.o
      1684         60          0          0          0        856   guidrv_flexcolor_16bpp_c0b16.o
       872         56          0          8          0       1160   guidrv_flexcolor_func66709.o
      1650        110         12          4          0       1340   lcd.o
        16          6          0          4          0         68   lcd_aa.o
       260         26          0         16          0        388   lcd_color.o
        32         12          0          0          0        136   lcd_getcolorindex.o
       372         32          0          0          0       1204   lcd_getex.o
        26          0          0          0          0         80   lcd_getnumdisplays.o
         0          0        256          0          0          0   lcd_mirror.o
       504         18          0          0          0        180   lcd_readrect.o
        68         10          0          0          0         80   lcd_selectlcd.o
       132          0          0          0          0        252   lcd_set.o
        48         10          0          0          0         80   lcd_setcliprectex.o
        36          4          0          0          0         80   lcd_updatecolorindices.o
      4656        222          0         88         24       4128   wm.o
        18          0          0          0          0         76   wm__getfirstsibling.o
        36          0          0          0          0         80   wm__getprevsibling.o
        60          6          0          4          0         88   wm__sendmessage.o
        38          0          0          0          0         80   wm__sendmessagenopara.o
       220          0          0          0          0         96   wm__updatechildpositions.o
       136          0          0          0          0         92   wm_bringtobottom.o
        16          6          0          0          0         68   wm_criticalhandle.o
        32          0          0          0          0         80   wm_getclientrect.o
        24         10          0          0          0         68   wm_getdesktopwindow.o
        26          0          0          0          0         76   wm_getfirstchild.o
        26          0          0          0          0         76   wm_getparent.o
       292          0          0          0          0        272   wm_move.o
        16          0          0          0          0         76   wm_notifyparent.o
        64          8          0          0          0         88   wm_onkey.o
       246          0          0          0          0         88   wm_resizewindow.o
        26          0          0          0          0         88   wm_sendmessagenopara.o
        38          0          0          0          0         92   wm_sendtoparent.o
        72          0          0          0          0         84   wm_setsize.o
       124          0          0          0          0        164   wm_timer.o
         0          0          0          0         72          0   wm_touch.o
        86          0          0          0          0          0   __dczerorl2.o
         0          0          0          0          0          0   entry.o
         0          0          0          0          0          0   entry10a.o
         0          0          0          0          0          0   entry11a.o
         4          0          0          0          0          0   entry12b.o
         8          4          0          0          0          0   entry2.o
         4          0          0          0          0          0   entry5.o
         0          0          0          0          0          0   entry7b.o
         0          0          0          0          0          0   entry8b.o
         8          4          0          0          0          0   entry9a.o
        30          0          0          0          0          0   handlers.o
        36          8          0          0          0         68   init.o
        64          0          0          0          0         76   memmovea.o
        36          0          0          0          0        108   memseta.o
       372         14          0          0          0        184   printf1.o
        36         10          0          4          0        136   rand.o
         0          0          0          4          0          0   stdout.o
        44          0          0          0          0         80   uidiv.o

    ----------------------------------------------------------------------
     32570       1574       7236        404        504      32932   Library Totals
        86          0          5          3          0          0   (incl. Padding)

    ----------------------------------------------------------------------

      Code (inc. data)   RO Data    RW Data    ZI Data      Debug   Library Name

     31756       1534       7231        393        504      32280   STemWin522_CM3_OS_Keil.lib
       728         40          0          8          0        652   mc_w.l

    ----------------------------------------------------------------------
     32570       1574       7236        404        504      32932   Library Totals

    ----------------------------------------------------------------------

==============================================================================


      Code (inc. data)   RO Data    RW Data    ZI Data      Debug   

     48368       3356       7668        536      63536     575494   Grand Totals
     48368       3356       7668         92      63536     575494   ELF Image Totals (compressed)
     48368       3356       7668         92          0          0   ROM Totals

==============================================================================

    Total RO  Size (Code + RO Data)                56036 (  54.72kB)
    Total RW  Size (RW Data + ZI Data)             64072 (  62.57kB)
    Total ROM Size (Code + RO Data + RW Data)      56128 (  54.81kB)

==============================================================================

